On the complexity of haplotyping a microbial community
------------------------------------------------------------
CoRC - the COPASI R Connector
------------------------------------------------------------
UniBioDicts: Unified access to biological dictionaries
------------------------------------------------------------
Projected t-SNE for batch correction
------------------------------------------------------------
The COVID-19 Ontology
------------------------------------------------------------
SOS: online probability estimation and generation of T-and B-cell receptors
------------------------------------------------------------
TwisTranscripT: stochastic simulation of the transcription-supercoiling coupling
------------------------------------------------------------
matFR: a MATLAB toolbox for feature ranking
------------------------------------------------------------
Codon optimization: a mathematical programing approach
------------------------------------------------------------
Weighted minimizer sampling improves long read mapping
------------------------------------------------------------
Pooled variable scaling for cluster analysis
------------------------------------------------------------
Feasible-metabolic-pathway-exploration technique using chemical latent space
------------------------------------------------------------
TDAview: an online visualization tool for topological data analysis
------------------------------------------------------------
Collecting and managing taxonomic data with NCBI-taxonomist
------------------------------------------------------------
On Biases Of Attention In Scientific Discovery
------------------------------------------------------------
APOD: accurate sequence-based predictor of disordered flexible linkers
------------------------------------------------------------
Enlighten2: molecular dynamics simulations of protein-ligand systems made accessible
------------------------------------------------------------
GlyGen data model and processing workflow
------------------------------------------------------------
Hopper: a mathematically optimal algorithm for sketching biological data
------------------------------------------------------------
aPCoA: covariate adjusted principal coordinates analysis
------------------------------------------------------------
Geometricus represents protein structures as shape-mers derived from moment invariants
------------------------------------------------------------
Phylogenetic double placement of mixed samples
------------------------------------------------------------
T-Gene: improved target gene prediction
------------------------------------------------------------
Chromatin network markers of leukemia
------------------------------------------------------------
ClonArch: visualizing the spatial clonal architecture of tumors
------------------------------------------------------------
Complete populations of virtual patients for in silico clinical trials
------------------------------------------------------------
PathFinder: Bayesian inference of clone migration histories in cancer
------------------------------------------------------------
SHOGUN: a modular, accurate and scalable framework for microbiome quantification
------------------------------------------------------------
Portable nanopore analytics: are we there yet?
------------------------------------------------------------
Supervised learning on phylogenetically distributed data
------------------------------------------------------------
SAINT: self-attention augmented inception-inside-inception network improves protein secondary structure prediction
------------------------------------------------------------
VINYL: Variant prIoritizatioN by survivaL analysis
------------------------------------------------------------
ENANO: Encoder for NANOpore FASTQ files
------------------------------------------------------------
Neoantimon: a multifunctional R package for identification of tumor-specific neoantigens
------------------------------------------------------------
Treerecs: an integrated phylogenetic tool, from sequences to reconciliations
------------------------------------------------------------
Improved design and analysis of practical minimizers
------------------------------------------------------------
A phylogenetic C interpreter for TNT
------------------------------------------------------------
Artificial-cell-type aware cell-type classification in CITE-seq
------------------------------------------------------------
DockIT: a tool for interactive molecular docking and molecular complex construction
------------------------------------------------------------
A probabilistic graphical model for system-wide analysis of gene regulatory networks
------------------------------------------------------------
Enhancing statistical power in temporal biomarker discovery through representative shapelet mining
------------------------------------------------------------
LDpred2: better, faster, stronger
------------------------------------------------------------
Network analysis of synonymous codon usage
------------------------------------------------------------
Inferring signaling pathways with probabilistic programming
------------------------------------------------------------
GenMap: ultra-fast computation of genome mappability
------------------------------------------------------------
ProVision: a web-based platform for rapid analysis of proteomics data processed by MaxQuant
------------------------------------------------------------
Differentiating isoform functions with collaborative matrix factorization
------------------------------------------------------------
CiteFuse enables multi-modal analysis of CITE-seq data
------------------------------------------------------------
Numt identification and removal with RtN!
------------------------------------------------------------
Combining phenome-driven drug-target interaction prediction with patients' electronic health records-based clinical corroboration toward drug discovery
------------------------------------------------------------
Priors for genotyping polyploids
------------------------------------------------------------
Molywood: streamlining the design and rendering of molecular movies
------------------------------------------------------------
Struct: an R/bioconductor-based framework for standardised metabolomics data analysis and beyond
------------------------------------------------------------
Advancing PICO element detection in biomedical text via deep neural networks
------------------------------------------------------------
ProCaff: protein-carbohydrate complex binding affinity database
------------------------------------------------------------
FBA reveals guanylate kinase as a potential target for antiviral therapies against SARS-CoV-2
------------------------------------------------------------
SVJedi: genotyping structural variations with long reads
------------------------------------------------------------
EpiGEN: an epistasis simulation pipeline
------------------------------------------------------------
Liftoff: accurate mapping of gene annotations
------------------------------------------------------------
The Glycine Receptor Allosteric Ligands Library (GRALL)
------------------------------------------------------------
Epiviz File Server: Query, transform and interactively explore data from indexed genomic files
------------------------------------------------------------
Combinatorial and statistical prediction of gene expression from haplotype sequence
------------------------------------------------------------
SOMM4mC: a second-order Markov model for DNA N4-methylcytosine site prediction in six species
------------------------------------------------------------
HiC-Hiker: a probabilistic model to determine contig orientation in chromosome-length scaffolds with Hi-C
------------------------------------------------------------
Optimization of co-evolution analysis through phylogenetic profiling reveals pathway-specific signals
------------------------------------------------------------
TreeSAPP: the Tree-based Sensitive and Accurate Phylogenetic Profiler
------------------------------------------------------------
Toward heterogeneous information fusion: bipartite graph convolutional networks for in silico drug repurposing
------------------------------------------------------------
Deshrinking ridge regression for genome-wide association studies
------------------------------------------------------------
Identification of conserved evolutionary trajectories in tumors
------------------------------------------------------------
A parallelized strategy for epistasis analysis based on Empirical Bayesian Elastic Net models
------------------------------------------------------------
PolishEM: image enhancement in FIB-SEM
------------------------------------------------------------
DNA Chisel, a versatile sequence optimizer
------------------------------------------------------------
Programmatic access to bacterial regulatory networks with regutools
------------------------------------------------------------
A multimodal deep learning framework for predicting drug-drug interaction events
------------------------------------------------------------
Deep multiple instance learning classifies subtissue locations in mass spectrometry images from tissue-level annotations
------------------------------------------------------------
Protein-sol pKa: prediction of electrostatic frustration, with application to coronaviruses
------------------------------------------------------------
Sequoya: multiobjective multiple sequence alignment in Python
------------------------------------------------------------
Padhoc: a computational pipeline for pathway reconstruction on the fly
------------------------------------------------------------
Benchmark of software tools for prokaryotic chromosomal interaction domain identification
------------------------------------------------------------
Ktrim: an extra-fast and accurate adapter- and quality-trimmer for sequencing data
------------------------------------------------------------
Solubility-Weighted Index: fast and accurate prediction of protein solubility
------------------------------------------------------------
Somatic selection distinguishes oncogenes and tumor suppressor genes
------------------------------------------------------------
Higher-order Markov models for metagenomic sequence classification
------------------------------------------------------------
Predicting target genes of non-coding regulatory variants with IRT
------------------------------------------------------------
ipcoal: an interactive Python package for simulating and analyzing genealogies and sequences on a species tree or network
------------------------------------------------------------
IDMIL: an alignment-free Interpretable Deep Multiple Instance Learning (MIL) for predicting disease from whole-metagenomic data
------------------------------------------------------------
A path recorder algorithm for Multiple Longest Common Subsequences (MLCS) problems
------------------------------------------------------------
ganon: precise metagenomics classification against large and up-to-date sets of reference sequences
------------------------------------------------------------
Fast and robust ancestry prediction using principal component analysis
------------------------------------------------------------
CloudASM: an ultra-efficient cloud-based pipeline for mapping allele-specific DNA methylation
------------------------------------------------------------
Predicting Nash equilibria for microbial metabolic interactions
------------------------------------------------------------
M2IA: a web server for microbiome and metabolome integrative analysis
------------------------------------------------------------
iBioProVis: interactive visualization and analysis of compound bioactivity space
------------------------------------------------------------
Automated inference of Boolean models from molecular interaction maps using CaSQ
------------------------------------------------------------
Discovering and interpreting transcriptomic drivers of imaging traits using neural networks
------------------------------------------------------------
Inference attacks against differentially private query results from genomic datasets including dependent tuples
------------------------------------------------------------
TinGa: fast and flexible trajectory inference with Growing Neural Gas
------------------------------------------------------------
Tally-2.0: upgraded validator of tandem repeat detection in protein sequences
------------------------------------------------------------
A novel normalization and differential abundance test framework for microbiome data
------------------------------------------------------------
MetaSanity: an integrated microbial genome evaluation and annotation pipeline
------------------------------------------------------------
Feature set optimization in biomarker discovery from genome-scale data
------------------------------------------------------------
UniRule: a unified rule resource for automatic annotation in the UniProt Knowledgebase
------------------------------------------------------------
Heterogeneous graph inference with matrix completion for computational drug repositioning
------------------------------------------------------------
TALC: Transcript-level Aware Long-read Correction
------------------------------------------------------------
Apollo: a sequencing-technology-independent, scalable and accurate assembly polishing algorithm
------------------------------------------------------------
ISMB 2020 proceedings
------------------------------------------------------------
[ERROR] unknown error for print this text
------------------------------------------------------------
Predicting human microbe-drug associations via graph convolutional network with conditional random field
------------------------------------------------------------
A knowledge-based scoring function to assess quaternary associations of proteins
------------------------------------------------------------
Minimally-overlapping words for sequence similarity search
------------------------------------------------------------
Detecting and correcting misclassified sequences in the large-scale public databases
------------------------------------------------------------
Mutational signature learning with supervised negative binomial non-negative matrix factorization
------------------------------------------------------------
DeepCDA: deep cross-domain compound-protein affinity prediction through LSTM and convolutional neural networks
------------------------------------------------------------
BnpC: Bayesian non-parametric clustering of single-cell mutation profiles
------------------------------------------------------------
Distance indexing and seed clustering in sequence graphs
------------------------------------------------------------
EvoLSTM: context-dependent models of sequence evolution using a sequence-to-sequence LSTM
------------------------------------------------------------
Multiple kernel learning for integrative consensus clustering of omic datasets
------------------------------------------------------------
Evaluating individual genome similarity with a topic model
------------------------------------------------------------
Exploring high-dimensional biological data with sparse contrastive principal component analysis
------------------------------------------------------------
grünifai: interactive multiparameter optimization of molecules in a continuous vector space
------------------------------------------------------------
MetaBCC-LR: metagenomics binning by coverage and composition for long reads
------------------------------------------------------------
COMUNET: a tool to explore and visualize intercellular communication
------------------------------------------------------------
Sampling and summarizing transmission trees with multi-strain infections
------------------------------------------------------------
A non-linear regression method for estimation of gene-environment heritability
------------------------------------------------------------
CScape-somatic: distinguishing driver and passenger point mutations in the cancer genome
------------------------------------------------------------
scVAE: variational auto-encoders for single-cell gene expression data
------------------------------------------------------------
Cancer subtype classification and modeling by pathway attention and propagation
------------------------------------------------------------
Identification Of Differentially Expressed Gene Modules In Heterogeneous Diseases
------------------------------------------------------------
MONET: a toolbox integrating top-performing methods for network modularization
------------------------------------------------------------
Estimation of dynamic SNP-heritability with Bayesian Gaussian process models
------------------------------------------------------------
[ERROR] unknown error for print this text
------------------------------------------------------------
ThETA: transcriptome-driven efficacy estimates for gene-based TArget discovery
------------------------------------------------------------
Privacy-preserving construction of generalized linear mixed model for biomedical computation
------------------------------------------------------------
Detecting evolutionary patterns of cancers using consensus trees
------------------------------------------------------------
[ERROR] unknown error for print this text
------------------------------------------------------------
LabxDB: versatile databases for genomic sequencing and lab management
------------------------------------------------------------
Tropical principal component analysis on the space of phylogenetic trees
------------------------------------------------------------
Prioritizing genetic variants in GWAS with lasso using permutation-assisted tuning
------------------------------------------------------------
Dementia key gene identification with multi-layered SNP-gene-disease network
------------------------------------------------------------
Cancer mutational signatures representation by large-scale context embedding
------------------------------------------------------------
Overlap detection on long, error-prone sequencing reads via smooth q-gram
------------------------------------------------------------
FASPR: an open-source tool for fast and accurate protein side-chain packing
------------------------------------------------------------
ntJoin: Fast and lightweight assembly-guided scaffolding using minimizer graphs
------------------------------------------------------------
SCIM: universal single-cell matching with unpaired feature sets
------------------------------------------------------------
FastSK: fast sequence analysis with gapped string kernels
------------------------------------------------------------
Using a GTR+Γ substitution model for dating sequence divergence when stationarity and time-reversibility assumptions are violated
------------------------------------------------------------
Adaptive multiorientation resolution analysis of complex filamentous network images
------------------------------------------------------------
Robust partial reference-free cell composition estimation from tissue expression
------------------------------------------------------------
DeepMAsED: evaluating the quality of metagenomic assemblies
------------------------------------------------------------
ProteinFishing: a protein complex generator within the ModelX toolsuite
------------------------------------------------------------
Phigaro: high-throughput prophage sequence annotation
------------------------------------------------------------
OPUS-TASS: a protein backbone torsion angles and secondary structure predictor based on ensemble neural networks
------------------------------------------------------------
AnthOligo: automating the design of oligonucleotides for capture/enrichment technologies
------------------------------------------------------------
SparkINFERNO: a scalable high-throughput pipeline for inferring molecular mechanisms of non-coding genetic variants
------------------------------------------------------------
BiCoN: Network-constrained biclustering of patients and omics data
------------------------------------------------------------
Unsupervised topological alignment for single-cell multi-omics integration
------------------------------------------------------------
Deep-learning method for data association in particle tracking
------------------------------------------------------------
DTF: Deep Tensor Factorization for predicting anticancer drug synergy
------------------------------------------------------------
TransformerCPI: improving compound-protein interaction prediction by sequence-based deep learning with self-attention mechanism and label reversal experiments
------------------------------------------------------------
GM-DockZn: a geometry matching-based docking algorithm for zinc proteins
------------------------------------------------------------
ccNetViz: a WebGL-based JavaScript library for visualization of large networks
------------------------------------------------------------
Blood-based multi-tissue gene expression inference with Bayesian ridge regression
------------------------------------------------------------
RecBic: a fast and accurate algorithm recognizing trend-preserving biclusters
------------------------------------------------------------
Impact of lossy compression of nanopore raw signal data on basecalling and consensus accuracy
------------------------------------------------------------
AlphaFamImpute: high-accuracy imputation in full-sib families from genotype-by-sequencing data
------------------------------------------------------------
DeepNano-blitz: a fast base caller for MinION nanopore sequencers
------------------------------------------------------------
High-throughput and efficient multilocus genome-wide association study on longitudinal outcomes
------------------------------------------------------------
Discovery of multi-operon colinear syntenic blocks in microbial genomes
------------------------------------------------------------
TopicNet: a framework for measuring transcriptional regulatory network change
------------------------------------------------------------
APAlyzer: a bioinformatics package for analysis of alternative polyadenylation isoforms
------------------------------------------------------------
FUpred: detecting protein domains through deep-learning-based contact map prediction
------------------------------------------------------------
Dataset-aware multi-task learning approaches for biomedical named entity recognition
------------------------------------------------------------
HECNet: a hierarchical approach to enzyme function classification using a Siamese Triplet Network
------------------------------------------------------------
Efficient toolkit implementing best practices for principal component analysis of population genetic data
------------------------------------------------------------
Rapid screening and detection of inter-type viral recombinants using Phylo-K-Mers
------------------------------------------------------------
Robust and accurate deconvolution of tumor populations uncovers evolutionary mechanisms of breast cancer metastasis
------------------------------------------------------------
DeepEventMine: end-to-end neural nested event extraction from biomedical texts
------------------------------------------------------------
SSIF: Subsumption-based Sub-term Inference Framework to audit Gene Ontology
------------------------------------------------------------
Scirpy: a Scanpy extension for analyzing single-cell T-cell receptor-sequencing data
------------------------------------------------------------
AOP4EUpest: mapping of pesticides in adverse outcome pathways using a text mining tool
------------------------------------------------------------
Unified methods for feature selection in large-scale genomic studies with censored survival outcomes
------------------------------------------------------------
TE-greedy-nester: structure-based detection of LTR retrotransposons and their nesting
------------------------------------------------------------
Unipept CLI 2.0: adding support for visualizations and functional annotations
------------------------------------------------------------
Joint epitope selection and spacer design for string-of-beads vaccines
------------------------------------------------------------
Coevolution-based prediction of protein-protein interactions in polyketide biosynthetic assembly lines
------------------------------------------------------------
CLPred: a sequence-based protein crystallization predictor using BLSTM neural network
------------------------------------------------------------
Topological and kernel-based microbial phenotype prediction from MALDI-TOF mass spectra
------------------------------------------------------------
TiFoSi: an efficient tool for mechanobiology simulations of epithelia
------------------------------------------------------------
Exploring chromatin conformation and gene co-expression through graph embedding
------------------------------------------------------------
Parasitologist-level classification of apicomplexan parasites and host cell with deep cycle transfer learning (DCTL)
------------------------------------------------------------
The Epigenetic Pacemaker: modeling epigenetic states under an evolutionary framework
------------------------------------------------------------
A Bayesian linear mixed model for prediction of complex traits
------------------------------------------------------------
Vargas: heuristic-free alignment for assessing linear and graph read aligners
------------------------------------------------------------
Geometric potentials from deep learning improve prediction of CDR H3 loop structures
------------------------------------------------------------
RTExtract: time-series NMR spectra quantification based on 3D surface ridge tracking
------------------------------------------------------------
TranspoScope: interactive visualization of retrotransposon insertions
------------------------------------------------------------
VISAR: an interactive tool for dissecting chemical features learned by deep neural network QSAR models
------------------------------------------------------------
ScaffoldGraph: an open-source library for the generation and analysis of molecular scaffold networks and scaffold trees
------------------------------------------------------------
Adversarial deconfounding autoencoder for learning robust gene expression embeddings
------------------------------------------------------------
Ensembling graph attention networks for human microbe-drug association prediction
------------------------------------------------------------
yacrd and fpa: upstream tools for long-read genome assembly
------------------------------------------------------------
Genome-wide association studies of brain imaging data via weighted distance correlation
------------------------------------------------------------
DeepCDR: a hybrid graph convolutional network for predicting cancer drug response
------------------------------------------------------------
Prediction of protein-binding residues: dichotomy of sequence-based methods developed using structured complexes versus disordered proteins
------------------------------------------------------------
Statistical significance of cluster membership for unsupervised evaluation of cell identities
------------------------------------------------------------
Learning context-aware structural representations to predict antigen and antibody binding interfaces
------------------------------------------------------------
GraphBin: refined binning of metagenomic contigs using assembly graphs
------------------------------------------------------------
Network-principled deep generative models for designing drug combinations as graph sets
------------------------------------------------------------
Improved survival analysis by learning shared genomic information from pan-cancer data
------------------------------------------------------------
PathWalks: identifying pathway communities using a disease-related map of integrated information
------------------------------------------------------------
MinReact: a systematic approach for identifying minimal metabolic networks
------------------------------------------------------------
Multipopulation harmony search algorithm for the detection of high-order SNP interactions
------------------------------------------------------------
HPOLabeler: improving prediction of human protein-phenotype associations by learning to rank
------------------------------------------------------------
immuneSIM: tunable multi-feature simulation of B- and T-cell receptor repertoires for immunoinformatics benchmarking
------------------------------------------------------------
AITL: Adversarial Inductive Transfer Learning with input and output space adaptation for pharmacogenomics
------------------------------------------------------------
Gcluster: a simple-to-use tool for visualizing and comparing genome contexts for numerous genomes
------------------------------------------------------------
Fast and accurate prediction of partial charges using Atom-Path-Descriptor-based machine learning
------------------------------------------------------------
The software for interactive evaluation of mass spectra stability and reproducibility
------------------------------------------------------------
BioModels Parameters: a treasure trove of parameter values from published systems biology models
------------------------------------------------------------
A library of coiled-coil domains: from regular bundles to peculiar twists
------------------------------------------------------------
PEDL: extracting protein-protein associations using deep language models and distant supervision
------------------------------------------------------------
FAME: fast and memory efficient multiple sequences alignment tool through compatible chain of roots
------------------------------------------------------------
DNA4mC-LIP: a linear integration method to identify N4-methylcytosine site in multiple species
------------------------------------------------------------
A reformulation of pLSA for uncertainty estimation and hypothesis testing in bio-imaging
------------------------------------------------------------
Can ODE gene regulatory models neglect time lag or measurement scaling?
------------------------------------------------------------
A general near-exact k-mer counting method with low memory consumption enables de novo assembly of 106× human sequence data in 2.7 hours
------------------------------------------------------------
BioPAX-Parser: parsing and enrichment analysis of BioPAX pathways
------------------------------------------------------------
CoMut: visualizing integrated molecular information with comutation plots
------------------------------------------------------------
RSSALib: a library for stochastic simulation of complex biochemical reactions
------------------------------------------------------------
BIRD: identifying cell doublets via biallelic expression from single cells
------------------------------------------------------------
EnrichrBot: Twitter bot tracking tweets about human genes
------------------------------------------------------------
Redundancy-weighting the PDB for detailed secondary structure prediction using deep-learning models
------------------------------------------------------------
Dual-dropout graph convolutional network for predicting synthetic lethality in human cancers
------------------------------------------------------------
ProbeRating: a recommender system to infer binding profiles for nucleic acid-binding proteins
------------------------------------------------------------
Targeted domain assembly for fast functional profiling of metagenomic datasets with S3A
------------------------------------------------------------
RCSB Protein Data Bank 1D Tools and Services
------------------------------------------------------------
bGWAS: an R package to perform Bayesian genome wide association studies
------------------------------------------------------------
New mixture models for decoy-free false discovery rate estimation in mass spectrometry proteomics
------------------------------------------------------------
CAFE 5 models variation in evolutionary rates among gene families
------------------------------------------------------------
TCRBuilder: multi-state T-cell receptor structure prediction
------------------------------------------------------------
CRNT4SBML: a Python package for the detection of bistability in biochemical reaction networks
------------------------------------------------------------
A blind and independent benchmark study for detecting differeally methylated regions in plants
------------------------------------------------------------
SneakySnake: A Fast and Accurate Universal Genome Pre-Alignment Filter for CPUs, GPUs, and FPGAs
------------------------------------------------------------
IDDkin: Network-based influence deep diffusion model for enhancing prediction of kinase inhibitors
------------------------------------------------------------
LuxUS: DNA methylation analysis using generalized linear mixed model with spatial correlation
------------------------------------------------------------
scTPA: a web tool for single-cell transcriptome analysis of pathway activation signatures
------------------------------------------------------------
BioStructures.jl: read, write and manipulate macromolecular structures in Julia
------------------------------------------------------------
The string decomposition problem and its applications to centromere analysis and assembly
------------------------------------------------------------
QuartataWeb: Integrated Chemical-Protein-Pathway Mapping for Polypharmacology and Chemogenomics
------------------------------------------------------------
Identifiability and experimental design in perturbation studies
------------------------------------------------------------
Batch equalization with a generative adversarial network
------------------------------------------------------------
EWASex: an efficient R-package to predict sex in epigenome-wide association studies
------------------------------------------------------------
LogoJS: a Javascript package for creating sequence logos and embedding them in web applications
------------------------------------------------------------
TaxoNN: ensemble of neural networks on stratified microbiome data for disease prediction
------------------------------------------------------------
pepFunk: a tool for peptide-centric functional analysis of metaproteomic human gut microbiome studies
------------------------------------------------------------
Reanalysis of genome sequences of tomato accessions and its wild relatives: development of Tomato Genomic Variation (TGV) database integrating SNPs and INDELs polymorphisms
------------------------------------------------------------
HLPpred-Fuse: improved and robust prediction of hemolytic peptide and its activity by fusing multiple feature representation
------------------------------------------------------------
HAPPI GWAS: Holistic Analysis with Pre- and Post-Integration GWAS
------------------------------------------------------------
GeoBoost2: a natural languageprocessing pipeline for GenBank metadata enrichment for virus phylogeography
------------------------------------------------------------
qSNE: quadratic rate t-SNE optimizer with automatic parameter tuning for large datasets
------------------------------------------------------------
debCAM: a bioconductor R package for fully unsupervised deconvolution of complex tissues
------------------------------------------------------------
Learning transferable deep convolutional neural networks for the classification of bacterial virulence factors
------------------------------------------------------------
Interactive visualization and analysis of morphological skeletons of brain vasculature networks with VessMorphoVis
------------------------------------------------------------
Chemical-protein interaction extraction via Gaussian probability distribution and external biomedical knowledge
------------------------------------------------------------
Metaviral SPAdes: assembly of viruses from metagenomic data
------------------------------------------------------------
Leitmotif: protein motif scanning 2.0
------------------------------------------------------------
Bayesian structural equation modeling in multiple omics data with application to circadian genes
------------------------------------------------------------
[ERROR] unknown error for print this text
------------------------------------------------------------
Plant 3D (P3D): a plant phenotyping toolkit for 3D point clouds
------------------------------------------------------------
High-throughput modeling and scoring of TCR-pMHC complexes to predict cross-reactive peptides
------------------------------------------------------------
EVICAN-a balanced dataset for algorithm development in cell and nucleus segmentation
------------------------------------------------------------
OCSANA+: optimal control and simulation of signaling networks from network analysis
------------------------------------------------------------
DeepTE: a computational method for de novo classification of transposons with convolutional neural network
------------------------------------------------------------
CPVA: a web-based metabolomic tool for chromatographic peak visualization and annotation
------------------------------------------------------------
Integrating biological knowledge and gene expression data using pathway-guided random forests: a benchmarking study
------------------------------------------------------------
Identification of population-level differentially expressed genes in one-phenotype data
------------------------------------------------------------
RobustClone: a robust PCA method for tumor clone and evolution inference from single-cell sequencing data
------------------------------------------------------------
Copy number evolution with weighted aberrations in cancer
------------------------------------------------------------
Efficient exact inference for dynamical systems with noisy measurements using sequential approximate Bayesian computation
------------------------------------------------------------
PStrain: An Iterative Microbial Strains Profiling Algorithm for Shotgun Metagenomic Sequencing Data
------------------------------------------------------------
Atlas: Automatic modeling of regulation of bacterial gene expression and metabolism using rule-based languages
------------------------------------------------------------
GlycoGlyph: a glycan visualizing, drawing and naming application
------------------------------------------------------------
SCHNEL: scalable clustering of high dimensional single-cell data
------------------------------------------------------------
IDRMutPred: predicting disease-associated germline nonsynonymous single nucleotide variants (nsSNVs) in intrinsically disordered regions
------------------------------------------------------------
Galgo: a bi-objective evolutionary meta-heuristic identifies robust transcriptomic classifiers associated with patient outcome across multiple cancer types
------------------------------------------------------------
Factorized embeddings learns rich and biologically meaningful embedding spaces using factorized tensor decomposition
------------------------------------------------------------
Brewery: deep learning and deeper profiles for the prediction of 1D protein structure annotations
------------------------------------------------------------
Gaussian mixture model-based unsupervised nucleotide modification number detection using nanopore-sequencing readouts
------------------------------------------------------------
HALPER facilitates the identification of regulatory element orthologs across species
------------------------------------------------------------
gplas: a comprehensive tool for plasmid analysis using short-read graphs
------------------------------------------------------------
grabseqs: simple downloading of reads and metadata from multiple next-generation sequencing data repositories
------------------------------------------------------------
MOVICS: an R package for multi-omics integration and visualization in cancer subtyping
------------------------------------------------------------
Potential covalent drugs targeting the main protease of the SARS-CoV-2 coronavirus
------------------------------------------------------------
Genome Detective Coronavirus Typing Tool for rapid identification and characterization of novel coronavirus genomes
------------------------------------------------------------
PhISCS-BnB: a fast branch and bound algorithm for the perfect tumor phylogeny reconstruction problem
------------------------------------------------------------
ADFinder: accurate detection of programmed DNA elimination using NGS high-throughput sequencing data
------------------------------------------------------------
Probabilistic graphlets capture biological function in probabilistic molecular networks
------------------------------------------------------------
Phenotype-specific differences in polygenicity and effect size distribution across functional annotation categories revealed by AI-MiXeR
------------------------------------------------------------
DriverGroup: a novel method for identifying driver gene groups
------------------------------------------------------------
BYASE: a Python library for estimating gene and isoform level allele-specific expression
------------------------------------------------------------
panRGP: a pangenome-based method to predict genomic islands and explore their diversity
------------------------------------------------------------
Allowing mutations in maximal matches boosts genome compression performance
------------------------------------------------------------
DeCoDe: degenerate codon design for complete protein-coding DNA libraries
------------------------------------------------------------
2019 ISCB Overton Prize: Christophe Dessimoz
------------------------------------------------------------
Exploring generative deep learning for omics data using log-linear models
------------------------------------------------------------
An open-source high-content analysis workflow for CFTR function measurements using the forskolin-induced swelling assay
------------------------------------------------------------
Using AnABlast for intergenic sORF prediction in the Caenorhabditis elegans genome
------------------------------------------------------------
CNV-BAC: Copy number Variation Detection in Bacterial Circular Genome
------------------------------------------------------------
iSOM-GSN: an integrative approach for transforming multi-omic data into gene similarity networks via self-organizing maps
------------------------------------------------------------
Methrix: an R/bioconductor package for systematic aggregation and analysis of bisulfite sequencing data
------------------------------------------------------------
κ-helix and the helical lock and key model: a pivotal way of looking at polyproline II
------------------------------------------------------------
A multitask multiple kernel learning formulation for discriminating early- and late-stage cancers
------------------------------------------------------------
DeepNOG: Fast and accurate protein orthologous group assignment
------------------------------------------------------------
Network-based characterization of disease-disease relationships in terms of drugs and therapeutic targets
------------------------------------------------------------
MIAMI--a tool for non-targeted detection of metabolic flux changes for mode of action identification
------------------------------------------------------------
forgeNet: a graph deep neural network model using tree-based ensemble classifiers for feature graph construction
------------------------------------------------------------
Data-driven noise modeling of digital DNA melting analysis enables prediction of sequence discriminating power
------------------------------------------------------------
HaDeX: an R package and web-server for analysis of data from hydrogen-deuterium exchange mass spectrometry experiments
------------------------------------------------------------
Estimating chain length for time delays in dynamical systems using profile likelihood
------------------------------------------------------------
How to get your goat: automated identification of species from MALDI-ToF spectra
------------------------------------------------------------
Issues Of Z-factor and an approach to avoid them for quality control in high-throughput screening studies
------------------------------------------------------------
GLIDE: combining local methods and diffusion state embeddings to predict missing interactions in biological networks
------------------------------------------------------------
The effect of kinship in re-identification attacks against genomic data sharing beacons
------------------------------------------------------------
RAINFOREST: a random forest approach to predict treatment benefit in data from (failed) clinical drug trials
------------------------------------------------------------
Rapid epistatic mixed-model association studies by controlling multiple polygenic effects
------------------------------------------------------------
TissUUmaps: interactive visualization of large-scale spatial gene expression and tissue morphology data
------------------------------------------------------------
An in silico model of LINE-1-mediated neoplastic evolution
------------------------------------------------------------
Spathial: an R package for the evolutionary analysis of biological data
------------------------------------------------------------
iPromoter-BnCNN: a novel branched CNN-based predictor for identifying and classifying sigma promoters
------------------------------------------------------------
Improved Protein Model Quality Assessment By Integrating Sequential And Pairwise Features Using Deep Learning
------------------------------------------------------------
Feature selection and classification of noisy proteomics mass spectrometry data based on one-bit perturbed compressed sensing
------------------------------------------------------------
DeepSELEX: inferring DNA-binding preferences from HT-SELEX data using multi-class CNNs
------------------------------------------------------------
SphereCon-a method for precise estimation of residue relative solvent accessible area from limited structural information
------------------------------------------------------------
PPTPP: a novel therapeutic peptide prediction method using physicochemical property encoding and adaptive feature representation learning
------------------------------------------------------------
ShallowHRD: detection of homologous recombination deficiency from shallow whole genome sequencing
------------------------------------------------------------
Converting networks to predictive logic models from perturbation signalling data with CellNOpt
------------------------------------------------------------
Palantir: a springboard for the analysis of secondary metabolite gene clusters in large-scale genome mining projects
------------------------------------------------------------
Identifying diagnosis-specific genotype-phenotype associations via joint multitask sparse canonical correlation analysis and classification
------------------------------------------------------------
Efficient weighted univariate clustering maps outstanding dysregulated genomic zones in human cancers
------------------------------------------------------------
DeMaSk: a deep mutational scanning substitution matrix and its use for variant impact prediction
------------------------------------------------------------
Basic polar and hydrophobic properties are the main characteristics that affect the binding of transcription factors to methylation sites
------------------------------------------------------------
projectR: an R/Bioconductor package for transfer learning via PCA, NMF, correlation and clustering
------------------------------------------------------------
A neuro-evolution approach to infer a Boolean network from time-series gene expressions
------------------------------------------------------------
Inferring cellular heterogeneity of associations from single cell genomics
------------------------------------------------------------
Fully interpretable deep learning model of transcriptional control
------------------------------------------------------------
rScudo: an R package for classification of molecular profiles using rank-based signatures
------------------------------------------------------------
corto: a lightweight R package for gene network inference and master regulator analysis
------------------------------------------------------------
Detecting Gene Ontology misannotations using taxon-specific rate ratio comparisons
------------------------------------------------------------
Stereo3D: using stereo images to enrich 3D visualization
------------------------------------------------------------
Benchmarking gene ontology function predictions using negative annotations
------------------------------------------------------------
Prediction of cancer driver genes through network-based moment propagation of mutation scores
------------------------------------------------------------
Annotation of tandem mass spectrometry data using stochastic neural networks in shotgun proteomics
------------------------------------------------------------
Connecting mathematical models to genomes: joint estimation of model parameters and genome-wide marker effects on these parameters
------------------------------------------------------------
FastMulRFS: fast and accurate species tree estimation under generic gene duplication and loss models
------------------------------------------------------------
Integrating multi-OMICS data through sparse canonical correlation analysis for the prediction of complex traits: a comparison study
------------------------------------------------------------
Helixer: Cross-species gene annotation of large eukaryotic genomes using deep learning
------------------------------------------------------------
Graph convolutional networks for epigenetic state prediction using both sequence and 3D genome data
------------------------------------------------------------
Screening novel drug candidates for Alzheimer's disease by an integrated network and transcriptome analysis
------------------------------------------------------------
COMER2: GPU-accelerated sensitive and specific homology searches
------------------------------------------------------------
iATC-FRAKEL: a simple multi-label web server for recognizing anatomical therapeutic chemical classes of drugs with their fingerprints only
------------------------------------------------------------
BeadNet: deep learning-based bead detection and counting in low-resolution microscopy images
------------------------------------------------------------
Serpentine: a flexible 2D binning method for differential Hi-C analysis
------------------------------------------------------------
SCLpred-EMS: subcellular localization prediction of endomembrane system and secretory pathway proteins by Deep N-to-1 Convolutional Neural Networks
------------------------------------------------------------
Matrix (factorization) reloaded: flexible methods for imputing genetic interactions with cross-species and side information
------------------------------------------------------------
OpenBioLink: a benchmarking framework for large-scale biomedical link prediction
------------------------------------------------------------
DNA Features Viewer: a sequence annotation formatting and plotting library for Python
------------------------------------------------------------
EasyVS: a user-friendly web-based tool for molecule library selection and structure-based virtual screening
------------------------------------------------------------
HotSpot3D web server: an integrated resource for mutation analysis in protein 3D structures
------------------------------------------------------------
TandemTools: mapping long reads and assessing/improving assembly quality in extra-long tandem repeats
------------------------------------------------------------
ClonoMatch: a tool for identifying homologous immunoglobulin and T cell receptor sequences in large databases
------------------------------------------------------------
MobiDB-lite 3.0: fast consensus annotation of intrinsic disorder flavours in proteins
------------------------------------------------------------
Resolving single-cell heterogeneity from hundreds of thousands of cells through sequential hybrid clustering and NMF
------------------------------------------------------------
Identifying tumor clones in sparse single-cell mutation data
------------------------------------------------------------
IgGeneUsage: differential gene usage in immune repertoires
------------------------------------------------------------
AciDB 1.0: a database of acidophilic organisms, their genomic information and associated metadata
------------------------------------------------------------
Reference bias in the Illumina Isaac aligner
------------------------------------------------------------
MAGGIE: leveraging genetic variation to identify DNA sequence motifs mediating transcription factor binding and function
------------------------------------------------------------
A boosted unbiased molecular dynamics method for predicting ligands binding mechanisms: probing the binding pathway of dasatinib to Src-kinase
------------------------------------------------------------
ConfID: an analytical method for conformational characterization of small molecules using molecular dynamics trajectories
------------------------------------------------------------
PLIDflow: an open-source workflow for the online analysis of protein-ligand docking using galaxy
------------------------------------------------------------
Predicting mechanism of action of cellular perturbations with pathway activity signatures
------------------------------------------------------------
Seqminer2: an efficient tool to query and retrieve genotypes for statistical genetics analyses from biobank scale sequence dataset
------------------------------------------------------------
MethPanel: a parallel pipeline and interactive analysis tool for multiplex bisulphite PCR sequencing to assess DNA methylation biomarker panels for disease detection
------------------------------------------------------------
Boosting the accuracy of protein secondary structure prediction through nearest neighbor search and method hybridization
------------------------------------------------------------
SugarPy facilitates the universal, discovery-driven analysis of intact glycopeptides
------------------------------------------------------------
GPress: a framework for querying general feature format (GFF) files and expression files in a compressed form
------------------------------------------------------------
PETAL: a python tool for deep analysis of biological pathways
------------------------------------------------------------
Cytomapper: an R/bioconductor package for visualisation of highly multiplexed imaging data
------------------------------------------------------------
CPS analysis: self-contained validation of biomedical data clustering
------------------------------------------------------------
Integration of gene interaction information into a reweighted Lasso-Cox model for accurate survival prediction
------------------------------------------------------------
GDASC: a GPU parallel-based web server for detecting hidden batch factors
------------------------------------------------------------
powmic: an R package for power assessment in microbiome case-control studies
------------------------------------------------------------
PROSS 2: a new server for the design of stable and highly expressed protein variants
------------------------------------------------------------
A Siamese neural network model for the prioritization of metabolic disorders by integrating real and simulated data
------------------------------------------------------------
Very Fast Tree: speeding up the estimation of phylogenies for large alignments through parallelization and vectorization strategies
------------------------------------------------------------
MutCombinator: identification of mutated peptides allowing combinatorial mutations using nucleotide-based graph search
------------------------------------------------------------
MODifieR: an Ensemble R Package for Inference of Disease Modules from Transcriptomics Networks
------------------------------------------------------------
PICKLE 3.0: Enriching the human Meta-database with the mouse protein interactome extended via mouse-human orthology
------------------------------------------------------------
NIHBA: a network interdiction approach for metabolic engineering design
------------------------------------------------------------
Bio2Rxn: sequence-based enzymatic reaction predictions by a consensus strategy
------------------------------------------------------------
dv-trio: a family-based variant calling pipeline using DeepVariant
------------------------------------------------------------
RainbowSTORM: an open-source ImageJ plug-in for spectroscopic single-molecule localization microscopy (sSMLM) data analysis and image reconstruction
------------------------------------------------------------
REINDEER: efficient indexing of k-mer presence and abundance in sequencing datasets
------------------------------------------------------------
aCLImatise: Automated generation of tool definitions for bioinformatics workflows
------------------------------------------------------------
Capybara: equivalence ClAss enumeration of coPhylogenY event-BAsed ReconciliAtions
------------------------------------------------------------
MaveQuest: a web resource for planning experimental tests of human variant effects
------------------------------------------------------------
genozip: a fast and efficient compression tool for VCF files
------------------------------------------------------------
Webina: an open-source library and web app that runs AutoDock Vina entirely in the web browser
------------------------------------------------------------
A graph regularized generalized matrix factorization model for predicting links in biomedical bipartite networks
------------------------------------------------------------
Inference of population admixture network from local gene genealogies: a coalescent-based maximum likelihood approach
------------------------------------------------------------
LeafCutterMD: an algorithm for outlier splicing detection in rare diseases
------------------------------------------------------------
proABC-2: PRediction of AntiBody contacts v2 and its application to information-driven docking
------------------------------------------------------------
Coronavirus3D: 3D structural visualization of COVID-19 genomic divergence
------------------------------------------------------------
MultiPaths: a python framework for analyzing multi-layer biological networks using diffusion algorithms
------------------------------------------------------------
PAFway: pairwise associations between functional annotations in biological networks and pathways
------------------------------------------------------------
MorphOT: Transport-based interpolation between EM maps with UCSF ChimeraX
------------------------------------------------------------
tugHall: a simulator of cancer-cell evolution based on the hallmarks of cancer and tumor-related genes
------------------------------------------------------------
Information theoretic generalized Robinson-Foulds metrics for comparing phylogenetic trees
------------------------------------------------------------
Single Cell Systems Analysis: Decision Geometry In Outliers
------------------------------------------------------------
IGD: high-performance search for large-scale genomic interval datasets
------------------------------------------------------------
QDeep: distance-based protein model quality estimation by residue-level ensemble error classifications using stacked deep residual neural networks
------------------------------------------------------------
scHLAcount: allele-specific HLA expression from single-cell gene expression data
------------------------------------------------------------
ECCB2020: the 19th European Conference on Computational Biology
------------------------------------------------------------
Mainzelliste SecureEpiLinker (MainSEL): Privacy-Preserving Record Linkage using Secure Multi-Party Computation
------------------------------------------------------------
annonex2embl: automatic preparation of annotated DNA sequences for bulk submissions to ENA
------------------------------------------------------------
DeepAntigen: a novel method for neoantigen prioritization via 3D genome and deep sparse learning
------------------------------------------------------------
COVID-19 Docking Server: a meta server for docking small molecules, peptides and antibodies against potential targets of COVID-19
------------------------------------------------------------
CorGAT: a tool for the functional annotation of SARS-CoV-2 genomes
------------------------------------------------------------
Automatic classification of single-molecule force spectroscopy traces from heterogeneous samples
------------------------------------------------------------
nanoTRON: a Picasso module for MLP-based classification of super-resolution data
------------------------------------------------------------
CRiSP: accurate structure prediction of disulfide-rich peptides with cystine-specific sequence alignment and machine learning
------------------------------------------------------------
IBDkin: fast estimation of kinship coefficients from identity by descent segments
------------------------------------------------------------
COVID-2019-associated overexpressed Prevotella proteins mediated host-pathogen interactions and their role in coronavirus outbreak
------------------------------------------------------------
ScaleQC: a scalable lossy to lossless solution for NGS data compression
------------------------------------------------------------
Metasubtract: an R-package to analytically produce leave-one-out meta-analysis GWAS summary statistics
------------------------------------------------------------
PRANC: ML species tree estimation from the ranked gene trees under coalescence
------------------------------------------------------------
ESTIpop: a computational tool to simulate and estimate parameters for continuous-time Markov branching processes
------------------------------------------------------------
FastTargetPred: a program enabling the fast prediction of putative protein targets for input chemical databases
------------------------------------------------------------
Identification of Sub-Golgi protein localization by use of deep representation learning features
------------------------------------------------------------
IsoMaTrix: a framework to visualize the isoclines of matrix games and quantify uncertainty in structured populations
------------------------------------------------------------
GREMA: modelling of emulated gene regulatory networks with confidence levels based on evolutionary intelligence to cope with the underdetermined problem
------------------------------------------------------------
[ERROR] unknown error for print this text
------------------------------------------------------------
Accurate calling of homeoallelic genotypes of iSelect markers using inbred structured populations
------------------------------------------------------------
cd2sbgnml: bidirectional conversion between CellDesigner and SBGN formats
------------------------------------------------------------
Bonnie Berger named ISCB 2019 ISCB Accomplishments by a Senior Scientist Award recipient
------------------------------------------------------------
LBERT: Lexically-aware Transformers based Bidirectional Encoder Representation model for learning Universal Bio-Entity Relations
------------------------------------------------------------
Revealing new therapeutic opportunities through drug target prediction: a class imbalance-tolerant machine learning approach
------------------------------------------------------------
iBioProVis: interactive visualization and analysis of compound bioactivity space
------------------------------------------------------------
Erratum: LFQC: A lossless compression algorithm for FASTQ files
------------------------------------------------------------
Boosting the extraction of elementary flux modes in genome-scale metabolic networks using the linear programming approach
------------------------------------------------------------
amplimap: a versatile tool to process and analyze targeted NGS data
------------------------------------------------------------
2019 Outstanding Contributions to ISCB Awarded to Barb Bryant
------------------------------------------------------------
2019 ISCB Innovator Award Recognizes William Stafford Noble
------------------------------------------------------------
Discovery of disease- and drug-specific pathways through community structures of a literature network
------------------------------------------------------------
A Blind and Independent Benchmark Study for Detecting Differentially Methylated Regions in Plants
------------------------------------------------------------
Corrigendum to: HALPER facilitates the identification of regulatory element orthologs across species
------------------------------------------------------------
Comment on 'Hayai-Annotation plants: an ultra-fast and comprehensive functional gene annotation system in plants'. The importance of taking the GO graph structure into account
------------------------------------------------------------
Fast and accurate correction of optical mapping data via spaced seeds
------------------------------------------------------------
Phage protein receptors have multiple interaction partners and high expressions
------------------------------------------------------------
6mA-Finder: a novel online tool for predicting DNA N6-methyladenine sites in genomes
------------------------------------------------------------
OrgDyn: feature- and model-based characterization of spatial and temporal organoid dynamics
------------------------------------------------------------
NERDD: a web portal providing access to in silico tools for drug discovery
------------------------------------------------------------
About the need to make computational models of biological macromolecules available and discoverable
------------------------------------------------------------
ShinySOM: graphical SOM-based analysis of single-cell cytometry data
------------------------------------------------------------
Occupancy spectrum distribution: application for coalescence simulation with generic mergers
------------------------------------------------------------
pyBedGraph: a python package for fast operations on 1D genomic signal tracks
------------------------------------------------------------
Diversity of rhodopsins in cultivated bacteria of the family Geodermatophilaceae associated with non-aquatic environments
------------------------------------------------------------
An examination of citation-based impact of the computational biology conferences
------------------------------------------------------------
Coolpup.py: versatile pile-up analysis of Hi-C data
------------------------------------------------------------
BioSeqZip: a collapser of NGS redundant reads for the optimization of sequence analysis
------------------------------------------------------------
DRIMC: an improved drug repositioning approach using Bayesian inductive matrix completion
------------------------------------------------------------
Bivartect: accurate and memory-saving breakpoint detection by direct read comparison
------------------------------------------------------------
The Feature-Viewer: a visualization tool for positional annotations on a sequence
------------------------------------------------------------
Consensus features nested cross-validation
------------------------------------------------------------
CoMeBack: DNA methylation array data analysis for co-methylated regions
------------------------------------------------------------
GSOAP: a tool for visualization of gene set over-representation analysis
------------------------------------------------------------
PARC: ultrafast and accurate clustering of phenotypic data of millions of single cells
------------------------------------------------------------
CytoSeg 2.0: automated extraction of actin filaments
------------------------------------------------------------
Transcompp: understanding phenotypic plasticity by estimating Markov transition rates for cell state transitions
------------------------------------------------------------
Lineage EM algorithm for inferring latent states from cellular lineage trees
------------------------------------------------------------
Transfer index, NetUniFrac and some useful shortest path-based distances for community analysis in sequence similarity networks
------------------------------------------------------------
Corrigendum to: Single-sample landscape entropy reveals the imminent phase transition during disease progression
------------------------------------------------------------
The Protein Imager: a full-featured online molecular viewer interface with server-side HQ-rendering capabilities
------------------------------------------------------------
Nearest-neighbor Projected-Distance Regression (NPDR) for detecting network interactions with adjustments for multiple tests and confounding
------------------------------------------------------------
PISA-SPARKY: an interactive SPARKY plugin to analyze oriented solid-state NMR spectra of helical membrane proteins
------------------------------------------------------------
PamgeneAnalyzeR: open and reproducible pipeline for kinase profiling
------------------------------------------------------------
Lep-Anchor: automated construction of linkage map anchored haploid genomes
------------------------------------------------------------
iq: an R package to estimate relative protein abundances from ion quantification in DIA-MS-based proteomics
------------------------------------------------------------
Accurate prediction of protein beta-aggregation with generalized statistical potentials
------------------------------------------------------------
SANPolyA: a deep learning method for identifying Poly(A) signals
------------------------------------------------------------
ipyrad: Interactive assembly and analysis of RADseq datasets
------------------------------------------------------------
Fast zero-inflated negative binomial mixed modeling approach for analyzing longitudinal metagenomics data
------------------------------------------------------------
MatchMixeR: a cross-platform normalization method for gene expression data integration
------------------------------------------------------------
PgRC: pseudogenome-based read compressor
------------------------------------------------------------
qgg: an R package for large-scale quantitative genetic analyses
------------------------------------------------------------
VEF: a variant filtering tool based on ensemble methods
------------------------------------------------------------
CGLFold: a contact-assisted de novo protein structure prediction using global exploration and loop perturbation sampling algorithm
------------------------------------------------------------
MPF-BML: a standalone GUI-based package for maximum entropy model inference
------------------------------------------------------------
HaploTypo: a variant-calling pipeline for phased genomes
------------------------------------------------------------
MLDSP-GUI: an alignment-free standalone tool with an interactive graphical user interface for DNA sequence comparison and analysis
------------------------------------------------------------
Lean and deep models for more accurate filtering of SNP and INDEL variant calls
------------------------------------------------------------
pyDockEneRes: per-residue decomposition of protein-protein docking energy
------------------------------------------------------------
Toward perfect reads: self-correction of short reads via mapping on de Bruijn graphs
------------------------------------------------------------
LIMES: a tool for comparing species partition
------------------------------------------------------------
DNA Readout Viewer (DRV): visualization of specificity determining patterns of protein-binding DNA segments
------------------------------------------------------------
Dynamic Meta-Storms enables comprehensive taxonomic and phylogenetic comparison of shotgun metagenomes at the species level
------------------------------------------------------------
Phylonium: fast estimation of evolutionary distances from large samples of similar genomes
------------------------------------------------------------
Point-group symmetry detection in three-dimensional charge density of biomolecules
------------------------------------------------------------
CATHER: a novel threading algorithm with predicted contacts
------------------------------------------------------------
Predicting synthetic lethal interactions using heterogeneous data sources
------------------------------------------------------------
Struo: a pipeline for building custom databases for common metagenome profilers
------------------------------------------------------------
APTANI2: update of aptamer selection through sequence-structure analysis
------------------------------------------------------------
SimRVSequences: an R package to simulate genetic sequence data for pedigrees
------------------------------------------------------------
Fuzzy modeling and global optimization to predict novel therapeutic targets in cancer cells
------------------------------------------------------------
Protein docking model evaluation by 3D deep convolutional neural networks
------------------------------------------------------------
Improved linking of motifs to their TFs using domain information
------------------------------------------------------------
KofamKOALA: KEGG Ortholog assignment based on profile HMM and adaptive score threshold
------------------------------------------------------------
BRM: a statistical method for QTL mapping based on bulked segregant analysis by deep sequencing
------------------------------------------------------------
NCutYX: a package for clustering analysis of multilayer omics data
------------------------------------------------------------
DiscoRhythm: an easy-to-use web application and R package for discovering rhythmicity
------------------------------------------------------------
Differential privacy under dependent tuples-the case of genomic privacy
------------------------------------------------------------
Model-based clustering of multi-tissue gene expression data
------------------------------------------------------------
PRODIGY: personalized prioritization of driver genes
------------------------------------------------------------
ImSpectR - R package to quantify immune repertoire diversity in spectratype and repertoire sequencing data
------------------------------------------------------------
SMARTS: the social media-based addiction recovery and intervention targeting server
------------------------------------------------------------
DPre: computational identification of differentiation bias and genes underlying cell type conversions
------------------------------------------------------------
An improved encoding of genetic variation in a Burrows-Wheeler transform
------------------------------------------------------------
Exploiting transfer learning for the reconstruction of the human gene regulatory network
------------------------------------------------------------
SubMito-XGBoost: predicting protein submitochondrial localization by fusing multiple feature information and eXtreme gradient boosting
------------------------------------------------------------
SOLart: a structure-based method to predict protein solubility and aggregation
------------------------------------------------------------
Deep-learning approach to identifying cancer subtypes using high-dimensional genomic data
------------------------------------------------------------
FullMeSH: improving large-scale MeSH indexing with full text
------------------------------------------------------------
Eagle: multi-locus association mapping on a genome-wide scale made routine
------------------------------------------------------------
MetumpX-a metabolomics support package for untargeted mass spectrometry
------------------------------------------------------------
Protein-protein interaction site prediction through combining local and global features with deep neural networks
------------------------------------------------------------
NMF-RI: blind spectral unmixing of highly mixed multispectral flow and image cytometry data
------------------------------------------------------------
WASPS: web-assisted symbolic plasmid synteny server
------------------------------------------------------------
Fast and flexible coarse-grained prediction of protein folding routes using ensemble modeling and evolutionary sequence variation
------------------------------------------------------------
Proteome-level assessment of origin, prevalence and function of leucine-aspartic acid (LD) motifs
------------------------------------------------------------
Deep-learning with synthetic data enables automated picking of cryo-EM particle images of biological macromolecules
------------------------------------------------------------
simurg: simulate bacterial pangenomes in R
------------------------------------------------------------
ChIPseqSpikeInFree: a ChIP-seq normalization approach to reveal global changes in histone modifications without spike-in
------------------------------------------------------------
EvolClust: automated inference of evolutionary conserved gene clusters in eukaryotes
------------------------------------------------------------
Pavian: interactive analysis of metagenomics data for microbiome studies and pathogen identification
------------------------------------------------------------
XMAn v2-a database of Homo sapiens mutated peptides
------------------------------------------------------------
DeepMSPeptide: peptide detectability prediction using deep learning
------------------------------------------------------------
Multifaceted protein-protein interaction prediction based on Siamese residual RCNN
------------------------------------------------------------
Statistical compression of protein sequences and inference of marginal probability landscapes over competing alignments using finite state models and Dirichlet priors
------------------------------------------------------------
MOLI: multi-omics late integration with deep neural networks for drug response prediction
------------------------------------------------------------
PRISM: methylation pattern-based, reference-free inference of subclonal makeup
------------------------------------------------------------
hicGAN infers super resolution Hi-C data with generative adversarial networks
------------------------------------------------------------
Inheritance and variability of kinetic gene expression parameters in microbial cells: modeling and inference from lineage tree data
------------------------------------------------------------
A divide-and-conquer method for scalable phylogenetic network inference from multilocus data
------------------------------------------------------------
Inferring signalling dynamics by integrating interventional with observational data
------------------------------------------------------------
FunDMDeep-m6A: identification and prioritization of functional differential m6A methylation genes
------------------------------------------------------------
Alignment-free filtering for cfNA fusion fragments
------------------------------------------------------------
TideHunter: efficient and sensitive tandem repeat detection from noisy long-reads using seed-and-chain
------------------------------------------------------------
Adversarial domain adaptation for cross data source macromolecule in situ structural classification in cellular electron cryo-tomograms
------------------------------------------------------------
Estimating the predictability of cancer evolution
------------------------------------------------------------
Representation transfer for differentially private drug sensitivity prediction
------------------------------------------------------------
Drug repositioning based on bounded nuclear norm regularization
------------------------------------------------------------
Selfish: discovery of differential chromatin interactions via a self-similarity measure
------------------------------------------------------------
Fully-sensitive seed finding in sequence graphs using a hybrid index
------------------------------------------------------------
Building large updatable colored de Bruijn graphs via merging
------------------------------------------------------------
cloudSPAdes: assembly of synthetic long reads using de Bruijn graphs
------------------------------------------------------------
ADAPTIVE: leArning DAta-dePendenT, concIse molecular VEctors for fast, accurate metabolite identification from tandem mass spectra
------------------------------------------------------------
CroP-Coordinated Panel visualization for biological networks analysis
------------------------------------------------------------
Applying citizen science to gene, drug and disease relationship extraction from biomedical abstracts
------------------------------------------------------------
VisFeature: a stand-alone program for visualizing and analyzing statistical features of biological sequences
------------------------------------------------------------
Tissue-specific deconvolution of immune cell composition by integrating bulk and single-cell transcriptomes
------------------------------------------------------------
Analysis of several key factors influencing deep learning-based inter-residue contact prediction
------------------------------------------------------------
A Gaussian process-based definition reveals new and bona fide genetic interactions compared to a multiplicative model in the Gram-negative Escherichia coli
------------------------------------------------------------
COMBAT-TB-NeoDB: fostering tuberculosis research through integrative analysis using graph database technologies
------------------------------------------------------------
Accurate loop calling for 3D genomic data with cLoops
------------------------------------------------------------
MEXCOwalk: mutual exclusion and coverage based random walk to identify cancer modules
------------------------------------------------------------
Machine learning empowers phosphoproteome prediction in cancers
------------------------------------------------------------
ROBOKOP: an abstraction layer and user interface for knowledge graphs to support question answering
------------------------------------------------------------
U-PASS: unified power analysis and forensics for qualitative traits in genetic association studies
------------------------------------------------------------
Performance of gene expression analyses using de novo assembled transcripts in polyploid species
------------------------------------------------------------
G3viz: an R package to interactively visualize genetic mutation data using a lollipop-diagram
------------------------------------------------------------
Integrating ab initio and template-based algorithms for protein-protein complex structure prediction
------------------------------------------------------------
RICOPILI: Rapid Imputation for COnsortias PIpeLIne
------------------------------------------------------------
Tersect: a set theoretical utility for exploring sequence variant data
------------------------------------------------------------
KRAB ZNF explorer-the online tool for the exploration of the transcriptomic profiles of KRAB-ZNF factors in The Cancer Genome Atlas
------------------------------------------------------------
gwasrapidd: an R package to query, download and wrangle GWAS catalog data
------------------------------------------------------------
BLANT-fast graphlet sampling tool
------------------------------------------------------------
OncodriveCLUSTL: a sequence-based clustering method to identify cancer drivers
------------------------------------------------------------
Tailor-made multiple sequence alignments using the PRALINE 2 alignment toolkit
------------------------------------------------------------
Gaussian mixture copulas for high-dimensional clustering and dependency-based subtyping
------------------------------------------------------------
P-value evaluation, variability index and biomarker categorization for adaptively weighted Fisher's meta-analysis method in omics applications
------------------------------------------------------------
CoBAMP: a Python framework for metabolic pathway analysis in constraint-based models
------------------------------------------------------------
DISPOT: a simple knowledge-based protein domain interaction statistical potential
------------------------------------------------------------
The nPYc-Toolbox, a Python module for the pre-processing, quality-control and analysis of metabolic profiling datasets
------------------------------------------------------------
Genetic association testing using the GENESIS R/Bioconductor package
------------------------------------------------------------
How sequence alignment scores correspond to probability models
------------------------------------------------------------
Identifying emerging phenomenon in long temporal phenotyping experiments
------------------------------------------------------------
MM-6mAPred: identifying DNA N6-methyladenine sites based on Markov model
------------------------------------------------------------
HDX-Viewer: interactive 3D visualization of hydrogen-deuterium exchange data
------------------------------------------------------------
VeriNA3d: an R package for nucleic acids data mining
------------------------------------------------------------
Artificial intelligence-based multi-objective optimization protocol for protein structure refinement
------------------------------------------------------------
Inference of differential gene regulatory networks based on gene expression and genetic perturbation data
------------------------------------------------------------
JUCHMME: a Java Utility for Class Hidden Markov Models and Extensions for biological sequence analysis
------------------------------------------------------------
Isoform function prediction based on bi-random walks on a heterogeneous network
------------------------------------------------------------
HUNER: improving biomedical NER with pretraining
------------------------------------------------------------
PhenoScanner V2: an expanded tool for searching human genotype-phenotype associations
------------------------------------------------------------
KinomeX: a web application for predicting kinome-wide polypharmacology effect of small molecules
------------------------------------------------------------
DeepMito: accurate prediction of protein sub-mitochondrial localization using convolutional neural networks
------------------------------------------------------------
Testing clonal relatedness of two tumors from the same patient based on their mutational profiles: update of the Clonality R package
------------------------------------------------------------
An empirical Bayesian ranking method, with applications to high throughput biology
------------------------------------------------------------
Mycorrhiza: genotype assignment using phylogenetic networks
------------------------------------------------------------
Cloud bursting galaxy: federated identity and access management
------------------------------------------------------------
RAISS: robust and accurate imputation from summary statistics
------------------------------------------------------------
capC-MAP: software for analysis of Capture-C data
------------------------------------------------------------
NX4: a web-based visualization of large multiple sequence alignments
------------------------------------------------------------
AutoDock CrankPep: combining folding and docking to predict protein-peptide complexes
------------------------------------------------------------
eFORGE v2.0: updated analysis of cell type-specific signal in epigenomic data
------------------------------------------------------------
VCF/Plotein: visualization and prioritization of genomic variants from human exome sequencing projects
------------------------------------------------------------
MTTFsite: cross-cell type TF binding site prediction by using multi-task learning
------------------------------------------------------------
relax: the analysis of biomolecular kinetics and thermodynamics using NMR relaxation dispersion data
------------------------------------------------------------
Augmented Interval List: a novel data structure for efficient genomic interval search
------------------------------------------------------------
Path2Surv: Pathway/gene set-based survival analysis using multiple kernel learning
------------------------------------------------------------
PRODIGY-crystal: a web-tool for classification of biological interfaces in protein complexes
------------------------------------------------------------
CNet: a multi-omics approach to detecting clinically associated, combinatory genomic signatures
------------------------------------------------------------
Seq2Feature: a comprehensive web-based feature extraction tool
------------------------------------------------------------
C-InterSecture-a computational tool for interspecies comparison of genome architecture
------------------------------------------------------------
SPar-K: a method to partition NGS signal data
------------------------------------------------------------
Corrigendum to: A new cis-acting regulatory element driving gene expression in the zebrafish pineal gland
------------------------------------------------------------
Cram-JS: reference-based decompression in node and the browser
------------------------------------------------------------
Iterative feature representations improve N4-methylcytosine site prediction
------------------------------------------------------------
ntEdit: scalable genome sequence polishing
------------------------------------------------------------
Prediction of survival risks with adjusted gene expression through risk-gene networks
------------------------------------------------------------
multiPhATE: bioinformatics pipeline for functional annotation of phage isolates
------------------------------------------------------------
CaverDock: a molecular docking-based tool to analyse ligand transport through protein tunnels and channels
------------------------------------------------------------
Efficient multivariate analysis algorithms for longitudinal genome-wide association studies
------------------------------------------------------------
Graphical data mining of cancer mechanisms with SEMA
------------------------------------------------------------
A decision-theoretic approach to the evaluation of machine learning algorithms in computational drug discovery
------------------------------------------------------------
Identification of differentially expressed gene sets using the Generalized Berk-Jones statistic
------------------------------------------------------------
RETRACTED: LFQC: a lossless compression algorithm for FASTQ files
------------------------------------------------------------
LAmbDA: label ambiguous domain adaptation dataset integration reduces batch effects and improves subtype detection
------------------------------------------------------------
icHET: interactive visualization of cytoplasmic heteroplasmy
------------------------------------------------------------
scMatch: a single-cell gene expression profile annotation tool using reference datasets
------------------------------------------------------------
DeepSignal: detecting DNA methylation state from Nanopore sequencing reads using deep-learning
------------------------------------------------------------
PEPred-Suite: improved and robust prediction of therapeutic peptides using adaptive feature representation learning
------------------------------------------------------------
Spliceogen: an integrative, scalable tool for the discovery of splice-altering variants
------------------------------------------------------------
PyPore: a python toolbox for nanopore sequencing data handling
------------------------------------------------------------
Biomedical image augmentation using Augmentor
------------------------------------------------------------
SolidBin: improving metagenome binning with semi-supervised normalized cut
------------------------------------------------------------
Accounting for ambiguity in ancestral sequence reconstruction
------------------------------------------------------------
TORMES: an automated pipeline for whole bacterial genome analysis
------------------------------------------------------------
IntronDB: a database for eukaryotic intron features
------------------------------------------------------------
Network inference performance complexity: a consequence of topological, experimental and algorithmic determinants
------------------------------------------------------------
A Bayesian model integration for mutation calling through data partitioning
------------------------------------------------------------
epic2 efficiently finds diffuse domains in ChIP-seq data
------------------------------------------------------------
rMTA: robust metabolic transformation analysis
------------------------------------------------------------
Graph analysis of fragmented long-read bacterial genome assemblies
------------------------------------------------------------
Neural networks with circular filters enable data efficient inference of sequence motifs
------------------------------------------------------------
parMATT: parallel multiple alignment of protein 3D-structures with translations and twists for distributed-memory systems
------------------------------------------------------------
SummaryAUC: a tool for evaluating the performance of polygenic risk prediction models in validation datasets with only summary level statistics
------------------------------------------------------------
Dissecting differential signals in high-throughput data from complex tissues
------------------------------------------------------------
BrAPI-an application programming interface for plant breeding applications
------------------------------------------------------------
Enhanced Waddington landscape model with cell-cell communication can explain molecular mechanisms of self-organization
------------------------------------------------------------
ORE identifies extreme expression effects enriched for rare variants
------------------------------------------------------------
FLAS: fast and high-throughput algorithm for PacBio long-read self-correction
------------------------------------------------------------
A Bayesian model for single cell transcript expression analysis on MERFISH data
------------------------------------------------------------
Adjutant: an R-based tool to support topic discovery for systematic and literature reviews
------------------------------------------------------------
ECOGEMS: efficient compression and retrieve of SNP data of 2058 rice accessions with integer sparse matrices
------------------------------------------------------------
phylostratr: a framework for phylostratigraphy
------------------------------------------------------------
PleioNet: a web-based visualization tool for exploring pleiotropy across complex traits
------------------------------------------------------------
Multiresolution correction of GC bias and application to identification of copy number alterations
------------------------------------------------------------
SCL: a lattice-based approach to infer 3D chromosome structures from single-cell Hi-C data
------------------------------------------------------------
pldist: ecological dissimilarities for paired and longitudinal microbiome association analysis
------------------------------------------------------------
DEFOR: depth- and frequency-based somatic copy number alteration detector
------------------------------------------------------------
A new computational drug repurposing method using established disease-drug pair knowledge
------------------------------------------------------------
eBDIMS server: protein transition pathways with ensemble analysis in 2D-motion spaces
------------------------------------------------------------
MetaMarker: a pipeline for de novo discovery of novel metagenomic biomarkers
------------------------------------------------------------
AutoDock Bias: improving binding mode prediction and virtual screening using known protein-ligand interactions
------------------------------------------------------------
Enhancing the prediction of disease-gene associations with multimodal deep learning
------------------------------------------------------------
deTS: tissue-specific enrichment analysis to decode tissue specificity
------------------------------------------------------------
Surrogate minimal depth as an importance measure for variables in random forests
------------------------------------------------------------
FORESEE: a tool for the systematic comparison of translational drug response modeling pipelines
------------------------------------------------------------
SW-Tandem: a highly efficient tool for large-scale peptide identification with parallel spectrum dot product on Sunway TaihuLight
------------------------------------------------------------
DIFFpop: a stochastic computational approach to simulate differentiation hierarchies with single cell barcoding
------------------------------------------------------------
CausalTAB: the PSI-MITAB 2.8 updated format for signalling data representation and dissemination
------------------------------------------------------------
Toward perfect reads: self-correction of short reads via mapping on de Bruijn graphs
------------------------------------------------------------
SUBSTRA: Supervised Bayesian Patient Stratification
------------------------------------------------------------
Dhaka: Variational Autoencoder for Unmasking Tumor Heterogeneity from Single Cell Genomic Data
------------------------------------------------------------
3DBIONOTES v3.0: crossing molecular and structural biology data with genomic variations
------------------------------------------------------------
Temporal network alignment via GoT-WAVE
------------------------------------------------------------
Integrating hypertension phenotype and genotype with hybrid non-negative matrix factorization
------------------------------------------------------------
Finding de novo methylated DNA motifs
------------------------------------------------------------
KOnezumi: a web application for automating gene disruption strategies to generate knockout mice
------------------------------------------------------------
Miso: an R package for multiple isotope labeling assisted metabolomics data analysis
------------------------------------------------------------
Incorporating alignment uncertainty into Felsenstein's phylogenetic bootstrap to improve its reliability
------------------------------------------------------------
PMC text mining subset in BioC: about three million full-text articles and growing
------------------------------------------------------------
ebGSEA: an improved Gene Set Enrichment Analysis method for Epigenome-Wide-Association Studies
------------------------------------------------------------
Batch-normalization of cerebellar and medulloblastoma gene expression datasets utilizing empirically defined negative control genes
------------------------------------------------------------
Top-Down Garbage Collector: a tool for selecting high-quality top-down proteomics mass spectra
------------------------------------------------------------
A unified approach for sparse dynamical system inference from temporal measurements
------------------------------------------------------------
Calculation of accurate interatomic contact surface areas for the quantitative analysis of non-bonded molecular interactions
------------------------------------------------------------
Aligning optical maps to de Bruijn graphs
------------------------------------------------------------
GRIMM: GRaph IMputation and matching for HLA genotypes
------------------------------------------------------------
SRG extractor: a skinny reference genome approach for reduced-representation sequencing
------------------------------------------------------------
InterMineR: an R package for InterMine databases
------------------------------------------------------------
AllerCatPro-prediction of protein allergenicity potential from the protein sequence
------------------------------------------------------------
Sstack: an R package for stacking with applications to scenarios involving sequential addition of samples and features
------------------------------------------------------------
KORP: knowledge-based 6D potential for fast protein and loop modeling
------------------------------------------------------------
Identifying residues that determine palmitoylation using association rule mining
------------------------------------------------------------
COmplexome Profiling ALignment (COPAL) reveals remodeling of mitochondrial protein complexes in Barth syndrome
------------------------------------------------------------
MULTiPly: a novel multi-layer predictor for discovering general and specific types of promoters
------------------------------------------------------------
The DNA walk and its demonstration of deterministic chaos-relevance to genomic alterations in lung cancer
------------------------------------------------------------
Simulation of heterogeneous tumour genomes with HeteroGenesis and in silico whole exome sequencing
------------------------------------------------------------
DeepCoil-a fast and accurate prediction of coiled-coil domains in protein sequences
------------------------------------------------------------
BreakID: genomics breakpoints identification to detect gene fusion events using discordant pairs and split reads
------------------------------------------------------------
AnnoFly: annotating Drosophila embryonic images based on an attention-enhanced RNN model
------------------------------------------------------------
ACE: absolute copy number estimation from low-coverage whole-genome sequencing data
------------------------------------------------------------
Improved mutant function prediction via PACT: Protein Analysis and Classifier Toolkit
------------------------------------------------------------
CSHAP: efficient haplotype frequency estimation based on sparse representation
------------------------------------------------------------
PconsC4: fast, accurate and hassle-free contact predictions
------------------------------------------------------------
Smooth orientation-dependent scoring function for coarse-grained protein quality assessment
------------------------------------------------------------
Very low-depth whole-genome sequencing in complex trait association studies
------------------------------------------------------------
Exploring drivers of gene expression in the Cancer Genome Atlas
------------------------------------------------------------
lordFAST: sensitive and Fast Alignment Search Tool for LOng noisy Read sequencing Data
------------------------------------------------------------
NeoDTI: neural integration of neighbor information from a heterogeneous network for discovering new drug-target interactions
------------------------------------------------------------
Multiomics modeling of the immunome, transcriptome, microbiome, proteome and metabolome adaptations during human pregnancy
------------------------------------------------------------
pyTFA and matTFA: a Python package and a Matlab toolbox for Thermodynamics-based Flux Analysis
------------------------------------------------------------
GrandPrix: scaling up the Bayesian GPLVM for single-cell data
------------------------------------------------------------
ModL: exploring and restoring regularity when testing for positive selection
------------------------------------------------------------
DeepIsoFun: a deep domain adaptation approach to predict isoform functions
------------------------------------------------------------
Evaluation of methods for generative modeling of cell and nuclear shape
------------------------------------------------------------
MapOptics: a light-weight, cross-platform visualization tool for optical mapping alignment
------------------------------------------------------------
Deciphering the complexity of human non-coding promoter-proximal transcriptome
------------------------------------------------------------
SPRING: a next-generation compressor for FASTQ data
------------------------------------------------------------
BaiHui: cross-species brain-specific network built with hundreds of hand-curated datasets
------------------------------------------------------------
New models of atherosclerosis and multi-drug therapeutic interventions
------------------------------------------------------------
Global Biobank Engine: enabling genotype-phenotype browsing for biobank summary statistics
------------------------------------------------------------
ARGDIT: a validation and integration toolkit for Antimicrobial Resistance Gene Databases
------------------------------------------------------------
ConDo: protein domain boundary prediction using coevolutionary information
------------------------------------------------------------
Computational functional genomics-based reduction of disease-related gene sets to their key components
------------------------------------------------------------
GUV-AP: multifunctional FIJI-based tool for quantitative image analysis of Giant Unilamellar Vesicles
------------------------------------------------------------
A plugin for the Ensembl Variant Effect Predictor that uses MaxEntScan to predict variant spliceogenicity
------------------------------------------------------------
ProteomicsBrowser: MS/proteomics data visualization and investigation
------------------------------------------------------------
Application of machine learning techniques to tuberculosis drug resistance analysis
------------------------------------------------------------
Directional allelic imbalance profiling and visualization from multi-sample data with RECUR
------------------------------------------------------------
BulkVis: a graphical viewer for Oxford nanopore bulk FAST5 files
------------------------------------------------------------
Genetic Neural Networks: an artificial neural network architecture for capturing gene expression relationships
------------------------------------------------------------
Pair Matcher (PaM): fast model-based optimization of treatment/case-control matches
------------------------------------------------------------
Metrics for regulated biochemical pathway systems
------------------------------------------------------------
Analysis of single amino acid variations in singlet hot spots of protein-protein interfaces
------------------------------------------------------------
Quantitative trait loci identification for brain endophenotypes via new additive model with random networks
------------------------------------------------------------
DeepDTA: deep drug-target binding affinity prediction
------------------------------------------------------------
Bayesian inference on stochastic gene transcription from flow cytometry data
------------------------------------------------------------
An accurate and rapid continuous wavelet dynamic time warping algorithm for end-to-end mapping in ultra-long nanopore sequencing
------------------------------------------------------------
iTOP: inferring the topology of omics data
------------------------------------------------------------
PAIPline: pathogen identification in metagenomic and clinical next generation sequencing samples
------------------------------------------------------------
Ontology-based validation and identification of regulatory phenotypes
------------------------------------------------------------
Conditional generative adversarial network for gene expression inference
------------------------------------------------------------
Recognition of CRISPR/Cas9 off-target sites through ensemble learning of uneven mismatch distributions
------------------------------------------------------------
Discovering epistatic feature interactions from neural network models of regulatory DNA sequences
------------------------------------------------------------
Understanding the evolution of functional redundancy in metabolic networks
------------------------------------------------------------
A Bayesian model for single cell transcript expression analysis on MERFISH data
------------------------------------------------------------
TissueEnrich: Tissue-specific gene enrichment analysis
------------------------------------------------------------
PopLDdecay: a fast and effective tool for linkage disequilibrium decay analysis based on variant call format files
------------------------------------------------------------
Expanded functionality, increased accuracy, and enhanced speed in the de novo genotyping-by-sequencing pipeline GBS-SNP-CROP
------------------------------------------------------------
Colocalization analyses of genomic elements: approaches, recommendations and challenges
------------------------------------------------------------
Multimodal network diffusion predicts future disease-gene-chemical associations
------------------------------------------------------------
Towards region-specific propagation of protein functions
------------------------------------------------------------
PrecursorFinder: a customized biosynthetic precursor explorer
------------------------------------------------------------
TIVAN: tissue-specific cis-eQTL single nucleotide variant annotation and prediction
------------------------------------------------------------
A new method bridging graph theory and residue co-evolutionary networks for specificity determinant positions detection
------------------------------------------------------------
cath-resolve-hits: a new tool that resolves domain matches suspiciously quickly
------------------------------------------------------------
Multi-insight visualization of multi-omics data via ensemble dimension reduction and tensor factorization
------------------------------------------------------------
Presenting and sharing clinical data using the eTRIKS Standards Master Tree for tranSMART
------------------------------------------------------------
PRESM: personalized reference editor for somatic mutation discovery in cancer genomics
------------------------------------------------------------
Learning and Imputation for Mass-spec Bias Reduction (LIMBR)
------------------------------------------------------------
Gimpute: an efficient genetic data imputation pipeline
------------------------------------------------------------
TCellXTalk facilitates the detection of co-modified peptides for the study of protein post-translational modification cross-talk in T cells
------------------------------------------------------------
GenomeFlow: a comprehensive graphical tool for modeling and analyzing 3D genome structure
------------------------------------------------------------
bcGST-an interactive bias-correction method to identify over-represented gene-sets in boutique arrays
------------------------------------------------------------
emeraLD: rapid linkage disequilibrium estimation with massive datasets
------------------------------------------------------------
KeggExp: a web server for visual integration of KEGG pathways and expression profile data
------------------------------------------------------------
SequencEnG: an interactive knowledge base of sequencing techniques
------------------------------------------------------------
VarSelLCM: an R/C++ package for variable selection in model-based clustering of mixed-data with missing values
------------------------------------------------------------
Inference and visualization of DNA damage patterns using a grade of membership model
------------------------------------------------------------
Co-registration and analysis of multiple imaging mass spectrometry datasets targeting different analytes
------------------------------------------------------------
DeepGSR: an optimized deep-learning structure for the recognition of genomic signals and regions
------------------------------------------------------------
Differential methylation values in differential methylation analysis
------------------------------------------------------------
Precision Lasso: accounting for correlations and linear dependencies in high-dimensional genomic data
------------------------------------------------------------
Understanding and predicting disease relationships through similarity fusion
------------------------------------------------------------
Methods for automatic reference trees and multilevel phylogenetic placement
------------------------------------------------------------
Robust prediction of clinical outcomes using cytometry data
------------------------------------------------------------
Drug Gene Budger (DGB): an application for ranking drugs to modulate a specific gene based on transcriptomic signatures
------------------------------------------------------------
Improving the prediction of protein-nucleic acids binding residues via multiple sequence profiles and the consensus of complementary methods
------------------------------------------------------------
Improving protein function prediction using protein sequence and GO-term similarities
------------------------------------------------------------
PlayMolecule BindScope: large scale CNN-based virtual screening on the web
------------------------------------------------------------
RepeatCraft: a meta-pipeline for repetitive element de-fragmentation and annotation
------------------------------------------------------------
Large-scale comparative analysis of microbial pan-genomes using PanOCT
------------------------------------------------------------
Haplotype matching in large cohorts using the Li and Stephens model
------------------------------------------------------------
Dot2dot: accurate whole-genome tandem repeats discovery
------------------------------------------------------------
A cluster robustness score for identifying cell subpopulations in single cell gene expression datasets from heterogeneous tissues and tumors
------------------------------------------------------------
MOLGENIS research: advanced bioinformatics data software for non-bioinformaticians
------------------------------------------------------------
Characterizing protein-DNA binding event subtypes in ChIP-exo data
------------------------------------------------------------
VARAN-GIE: curation of genomic interval sets
------------------------------------------------------------
Increased sensitivity with automated validation of XL-MS cleavable peptide crosslinks
------------------------------------------------------------
PathwayConnector: finding complementary pathways to enhance functional analysis
------------------------------------------------------------
On entropy and information in gene interaction networks
------------------------------------------------------------
GlycanAnalyzer: software for automated interpretation of N-glycan profiles after exoglycosidase digestions
------------------------------------------------------------
Container-based bioinformatics with Pachyderm
------------------------------------------------------------
Genetic Simulation Resources and the GSR Certification Program
------------------------------------------------------------
On the problem of confounders in modeling gene expression
------------------------------------------------------------
PredMP: a web server for de novo prediction and visualization of membrane proteins
------------------------------------------------------------
Automated workflow composition in mass spectrometry-based proteomics
------------------------------------------------------------
Quantifying heterogeneity of expression data based on principal components
------------------------------------------------------------
Design tools for MPRA experiments
------------------------------------------------------------
DoRes within CellMissy: dose-response analysis on cell migration and related data
------------------------------------------------------------
WebMetabase: cleavage sites analysis tool for natural and unnatural substrates from diverse data source
------------------------------------------------------------
HOGMMNC: a higher order graph matching with multiple network constraints model for gene-drug regulatory modules identification
------------------------------------------------------------
Quantifying the notions of canalizing and master genes in a gene regulatory network-a Boolean network modeling perspective
------------------------------------------------------------
gMCS: fast computation of genetic minimal cut sets in large networks
------------------------------------------------------------
BinDash, software for fast genome distance estimation on a typical personal laptop
------------------------------------------------------------
Heritability estimation and differential analysis of count data with generalized linear mixed models in genomic sequencing studies
------------------------------------------------------------
Automatic recognition of ligands in electron density by machine learning
------------------------------------------------------------
GECO: gene expression correlation analysis after genetic algorithm-driven deconvolution
------------------------------------------------------------
AuTom-dualx: a toolkit for fully automatic fiducial marker-based alignment of dual-axis tilt series with simultaneous reconstruction
------------------------------------------------------------
Metagenomic binning through low-density hashing
------------------------------------------------------------
Accurate multiple alignment of distantly related genome sequences using filtered spaced word matches as anchor points
------------------------------------------------------------
Integrative DNA copy number detection and genotyping from sequencing and array-based platforms
------------------------------------------------------------
Computational analysis of kinase inhibitor selectivity using structural knowledge
------------------------------------------------------------
SATurn: a modular bioinformatics framework for the design of robust maintainable web-based and standalone applications
------------------------------------------------------------
Unraveling the role of low-frequency mutated genes in breast cancer
------------------------------------------------------------
A scalable estimator of SNP heritability for biobank-scale data
------------------------------------------------------------
The Kappa platform for rule-based modeling
------------------------------------------------------------
Unsupervised embedding of single-cell Hi-C data
------------------------------------------------------------
Inference of species phylogenies from bi-allelic markers using pseudo-likelihood
------------------------------------------------------------
Onto2Vec: joint vector-based representation of biological entities and their ontology-based annotations
------------------------------------------------------------
NeuroMorphoVis: a collaborative framework for analysis and visualization of neuronal morphology skeletons reconstructed from microscopy stacks
------------------------------------------------------------
Modeling polypharmacy side effects with graph convolutional networks
------------------------------------------------------------
A graph-based approach to diploid genome assembly
------------------------------------------------------------
mGPfusion: predicting protein stability changes with Gaussian process kernel learning and data fusion
------------------------------------------------------------
Predicting CTCF-mediated chromatin loops using CTCF-MP
------------------------------------------------------------
Bayesian parameter estimation for biochemical reaction networks using region-based adaptive parallel tempering
------------------------------------------------------------
Classifying tumors by supervised network propagation
------------------------------------------------------------
Viral quasispecies reconstruction via tensor factorization with successive read removal
------------------------------------------------------------
Association mapping in biomedical time series via statistically significant shapelet mining
------------------------------------------------------------
Versatile genome assembly evaluation with QUAST-LG
------------------------------------------------------------
A spectral clustering-based method for identifying clones from high-throughput B cell repertoire sequencing data
------------------------------------------------------------
Bayesian networks for mass spectrometric metabolite identification via molecular fingerprints
------------------------------------------------------------
A unifying framework for joint trait analysis under a non-infinitesimal model
------------------------------------------------------------
A novel methodology on distributed representations of proteins using their interacting ligands
------------------------------------------------------------
AmpUMI: design and analysis of unique molecular identifiers for deep amplicon sequencing
------------------------------------------------------------
Robust clustering of noisy high-dimensional gene expression data for patients subtyping
------------------------------------------------------------
SpliceRover: interpretable convolutional neural networks for improved splice site prediction
------------------------------------------------------------
htsget: a protocol for securely streaming genomic data
------------------------------------------------------------
Predicting clone genotypes from tumor bulk sequencing of multiple samples
------------------------------------------------------------
Using tree-based methods for detection of gene-gene interactions in the presence of a polygenic signal: simulation study with application to educational attainment in the Generation Scotland Cohort Study
------------------------------------------------------------
HUME: large-scale detection of causal genetic factors of adverse drug reactions
------------------------------------------------------------
Metaxa2 Database Builder: enabling taxonomic identification from metagenomic or metabarcoding data using any genetic marker
------------------------------------------------------------
TiSAn: estimating tissue-specific effects of coding and non-coding variants
------------------------------------------------------------
Identifying differentially methylated sites in samples with varying tumor purity
------------------------------------------------------------
Improved genomic island predictions with IslandPath-DIMOB
------------------------------------------------------------
MARDy: Mycology Antifungal Resistance Database
------------------------------------------------------------
Modelling BioNano optical data and simulation study of genome map assembly
------------------------------------------------------------
AA9int: SNP interaction pattern search using non-hierarchical additive model set
------------------------------------------------------------
Integrating proteomic or transcriptomic data into metabolic models using linear bound flux balance analysis
------------------------------------------------------------
ImmunomeBrowser: a tool to aggregate and visualize complex and heterogeneous epitopes in reference proteins
------------------------------------------------------------
Lost in translation: bioinformatic analysis of variations affecting the translation initiation codon in the human genome
------------------------------------------------------------
2018 ISCB Overton Prize awarded to Cole Trapnell
------------------------------------------------------------
Transfer learning for biomedical named entity recognition with neural networks
------------------------------------------------------------
Predicting Cancer Drug Response using a Recommender System
------------------------------------------------------------
Message from the ISCB: 2018 Outstanding Contributions to ISCB Award: Russ Altman
------------------------------------------------------------
Accelerating flux balance calculations in genome-scale metabolic models by localizing the application of loopless constraints
------------------------------------------------------------
Comparing complex variants in family trios
------------------------------------------------------------
Motif scraper: a cross-platform, open-source tool for identifying degenerate nucleotide motif matches in FASTA files
------------------------------------------------------------
Pathway-structured predictive modeling for multi-level drug response in multiple myeloma
------------------------------------------------------------
GateFinder: projection-based gating strategy optimization for flow and mass cytometry
------------------------------------------------------------
The size matters? A computational tool to design bivalent ligands
------------------------------------------------------------
Nextstrain: real-time tracking of pathogen evolution
------------------------------------------------------------
YAMDA: thousandfold speedup of EM-based motif discovery using deep learning libraries and GPU
------------------------------------------------------------
Palimpsest: an R package for studying mutational and structural variant signatures along clonal evolution in cancer
------------------------------------------------------------
Development and evaluation of a deep learning model for protein-ligand binding affinity prediction
------------------------------------------------------------
Minimap2: pairwise alignment for nucleotide sequences
------------------------------------------------------------
ProteomeVis: a web app for exploration of protein properties from structure to sequence evolution across organisms' proteomes
------------------------------------------------------------
VarExp: estimating variance explained by genome-wide GxE summary statistics
------------------------------------------------------------
Sorting cancer karyotypes using double-cut-and-joins, duplications and deletions
------------------------------------------------------------
Self-consistency test reveals systematic bias in programs for prediction change of stability upon mutation
------------------------------------------------------------
AlphaMate: a program for optimizing selection, maintenance of diversity and mate allocation in breeding programs
------------------------------------------------------------
ImagePy: an open-source, Python-based and platform-independent software package for bioimage analysis
------------------------------------------------------------
Efficient flexible backbone protein-protein docking for challenging targets
------------------------------------------------------------
GenomicScores: seamless access to genomewide position-specific scores from R and Bioconductor
------------------------------------------------------------
A powerful approach reveals numerous expression quantitative trait haplotypes in multiple tissues
------------------------------------------------------------
RANGER-DTL 2.0: rigorous reconstruction of gene-family evolution by duplication, transfer and loss
------------------------------------------------------------
CTDquerier: a bioconductor R package for Comparative Toxicogenomics DatabaseTM data extraction, visualization and enrichment of environmental and toxicological studies
------------------------------------------------------------
MetaBridge: enabling network-based integrative analysis via direct protein interactors of metabolites
------------------------------------------------------------
iRO-3wPseKNC: identify DNA replication origins by three-window-based PseKNC
------------------------------------------------------------
Efficient population-scale variant analysis and prioritization with VAPr
------------------------------------------------------------
pysster: classification of biological sequences by learning sequence and structure motifs with convolutional neural networks
------------------------------------------------------------
Computation and application of tissue-specific gene set weights
------------------------------------------------------------
PhyloProfile: dynamic visualization and exploration of multi-layered phylogenetic profiles
------------------------------------------------------------
A comprehensive web tool for toehold switch design
------------------------------------------------------------
3DClusterViSu: 3D clustering analysis of super-resolution microscopy data by 3D Voronoi tessellations
------------------------------------------------------------
Reactome Pengine: a web-logic API to the Homo sapiens reactome
------------------------------------------------------------
Efficient simulation of intrinsic, extrinsic and external noise in biochemical systems
------------------------------------------------------------
FaStore: a space-saving solution for raw sequencing data
------------------------------------------------------------
Identification and function of FAR protein family genes from a transcriptome analysis of Aphelenchoides besseyi
------------------------------------------------------------
Building online genomics applications using BioPyramid
------------------------------------------------------------
LSMM: a statistical approach to integrating functional annotations with genome-wide association studies
------------------------------------------------------------
ONETOOL for the analysis of family-based big data
------------------------------------------------------------
POPdemog: visualizing population demographic history from simulation scripts
------------------------------------------------------------
Generalizing biomedical relation classification with neural adversarial domain adaptation
------------------------------------------------------------
Functional annotation of genomic variants in studies of late-onset Alzheimer's disease
------------------------------------------------------------
Learned protein embeddings for machine learning
------------------------------------------------------------
SCOTCH: subtype A coreceptor tropism classification in HIV-1
------------------------------------------------------------
NMRNet: a deep learning approach to automated peak picking of protein NMR spectra
------------------------------------------------------------
ISMB/ECCB 2017 proceedings
------------------------------------------------------------
SMMB: a stochastic Markov blanket framework strategy for epistasis detection in GWAS
------------------------------------------------------------
Nimbus: a design-driven analyses suite for amplicon-based NGS data
------------------------------------------------------------
esATAC: an easy-to-use systematic pipeline for ATAC-seq data analysis
------------------------------------------------------------
PWMScan: a fast tool for scanning entire genomes with a position-specific weight matrix
------------------------------------------------------------
CarbonylDB: a curated data-resource of protein carbonylation sites
------------------------------------------------------------
MUGAN: Multi-GPU accelerated AmpliconNoise server for rapid microbial diversity assessment
------------------------------------------------------------
Combining co-evolution and secondary structure prediction to improve fragment library generation
------------------------------------------------------------
SecretSanta: flexible pipelines for functional secretome prediction
------------------------------------------------------------
LS-align: an atom-level, flexible ligand structural alignment algorithm for high-throughput virtual screening
------------------------------------------------------------
SEED 2: a user-friendly platform for amplicon high-throughput sequencing data analyses
------------------------------------------------------------
RaMWAS: fast methylome-wide association study pipeline for enrichment platforms
------------------------------------------------------------
Enhancing protein fold determination by exploring the complementary information of chemical cross-linking and coevolutionary signals
------------------------------------------------------------
CrossPlan: systematic planning of genetic crosses to validate mathematical models
------------------------------------------------------------
Spectral clustering based on learning similarity matrix
------------------------------------------------------------
O-GlcNAcPRED-II: an integrated classification algorithm for identifying O-GlcNAcylation sites based on fuzzy undersampling and a K-means PCA oversampling technique
------------------------------------------------------------
FWER and FDR control when testing multiple mediators
------------------------------------------------------------
Principal metabolic flux mode analysis
------------------------------------------------------------
GCPred: a web tool for guanylyl cyclase functional centre prediction from amino acid sequence
------------------------------------------------------------
GEMMER: GEnome-wide tool for Multi-scale Modeling data Extraction and Representation for Saccharomyces cerevisiae
------------------------------------------------------------
A low-complexity add-on score for protein remote homology search with COMER
------------------------------------------------------------
DIBS: a repository of disordered binding sites mediating interactions with ordered proteins
------------------------------------------------------------
TSAPA: identification of tissue-specific alternative polyadenylation sites in plants
------------------------------------------------------------
Computational drug repositioning using low-rank matrix approximation and randomized algorithms
------------------------------------------------------------
ST Spot Detector: a web-based application for automatic spot and tissue detection for spatial Transcriptomics image datasets
------------------------------------------------------------
PhenoRank: reducing study bias in gene prioritization through simulation
------------------------------------------------------------
GTC: how to maintain huge genotype collections in a compressed form
------------------------------------------------------------
VIPER: a web application for rapid expert review of variant calls
------------------------------------------------------------
Splice Expression Variation Analysis (SEVA) for inter-tumor heterogeneity of gene isoform usage in cancer
------------------------------------------------------------
QuantumClone: clonal assessment of functional mutations in cancer based on a genotype-aware method for clonal reconstruction
------------------------------------------------------------
A rapid epistatic mixed-model association analysis by linear retransformations of genomic estimated values
------------------------------------------------------------
PyChimera: use UCSF Chimera modules in any Python 2.7 project
------------------------------------------------------------
A benchmark study of scoring methods for non-coding mutations
------------------------------------------------------------
LeNup: learning nucleosome positioning from DNA sequences with improved convolutional neural networks
------------------------------------------------------------
SimulaTE: simulating complex landscapes of transposable elements of populations
------------------------------------------------------------
A network approach to exploring the functional basis of gene-gene epistatic interactions in disease susceptibility
------------------------------------------------------------
Toppar: an interactive browser for viewing association study results
------------------------------------------------------------
Tumor purity quantification by clonal DNA methylation signatures
------------------------------------------------------------
CGManalyzer: an R package for analyzing continuous glucose monitoring studies
------------------------------------------------------------
Protein classification using modified n-grams and skip-grams
------------------------------------------------------------
QUENTIN: reconstruction of disease transmissions from viral quasispecies genomic data
------------------------------------------------------------
Aligning dynamic networks with DynaWAVE
------------------------------------------------------------
ChopStitch: exon annotation and splice graph construction using transcriptome assembly and whole genome sequencing data
------------------------------------------------------------
SV2: accurate structural variation genotyping and de novo mutation detection from whole genomes
------------------------------------------------------------
MIIC online: a web server to reconstruct causal or non-causal networks from non-perturbative data
------------------------------------------------------------
DyNetViewer: a Cytoscape app for dynamic network construction, analysis and visualization
------------------------------------------------------------
Towards self-learning based hypotheses generation in biomedical text domain
------------------------------------------------------------
mTM-align: an algorithm for fast and accurate multiple protein structure alignment
------------------------------------------------------------
Genome U-Plot: a whole genome visualization
------------------------------------------------------------
PRAPI: post-transcriptional regulation analysis pipeline for Iso-Seq
------------------------------------------------------------
TCGA-assembler 2: software pipeline for retrieval and processing of TCGA/CPTAC data
------------------------------------------------------------
Delta: a new web-based 3D genome visualization and analysis platform
------------------------------------------------------------
Analyzing large scale genomic data on the cloud with Sparkhit
------------------------------------------------------------
fMLC: fast multi-level clustering and visualization of large molecular datasets
------------------------------------------------------------
CscoreTool: fast Hi-C compartment analysis at high resolution
------------------------------------------------------------
Gene Graphics: a genomic neighborhood data visualization web application
------------------------------------------------------------
ASAR: visual analysis of metagenomes in R
------------------------------------------------------------
Identifying functionally informative evolutionary sequence profiles
------------------------------------------------------------
GenSSI 2.0: multi-experiment structural identifiability analysis of SBML models
------------------------------------------------------------
MOSAIC: a chemical-genetic interaction data repository and web resource for exploring chemical modes of action
------------------------------------------------------------
Power Analysis for Genetic Association Test (PAGEANT) provides insights to challenges for rare variant association studies
------------------------------------------------------------
Identifying simultaneous rearrangements in cancer genomes
------------------------------------------------------------
PlanNET: homology-based predicted interactome for multiple planarian transcriptomes
------------------------------------------------------------
bioalcidae, samjs and vcffilterjs: object-oriented formatters and filters for bioinformatics files
------------------------------------------------------------
CytoCtrlAnalyser: a Cytoscape app for biomolecular network controllability analysis
------------------------------------------------------------
The OncoPPi Portal: an integrative resource to explore and prioritize protein-protein interactions for cancer target discovery
------------------------------------------------------------
ASElux: an ultra-fast and accurate allelic reads counter
------------------------------------------------------------
Meta-analytic principal component analysis in integrative omics application
------------------------------------------------------------
Robust inference of population structure from next-generation sequencing data with systematic differences in sequencing
------------------------------------------------------------
Deep learning for tumor classification in imaging mass spectrometry
------------------------------------------------------------
AIRVF: a filtering toolbox for precise variant calling in Ion Torrent sequencing
------------------------------------------------------------
MOAT: efficient detection of highly mutated regions with the Mutations Overburdening Annotations Tool
------------------------------------------------------------
NanoStringNormCNV: pre-processing of NanoString CNV data
------------------------------------------------------------
CommWalker: correctly evaluating modules in molecular networks in light of annotation bias
------------------------------------------------------------
ViraPipe: scalable parallel pipeline for viral metagenome analysis from next generation sequencing reads
------------------------------------------------------------
Orchid: a novel management, annotation and machine learning framework for analyzing cancer mutations
------------------------------------------------------------
pedigreejs: a web-based graphical pedigree editor
------------------------------------------------------------
GRASS: semi-automated NMR-based structure elucidation of saccharides
------------------------------------------------------------
Quantifying biological samples using Linear Poisson Independent Component Analysis for MALDI-ToF mass spectra
------------------------------------------------------------
MutaNET: a tool for automated analysis of genomic mutations in gene regulatory networks
------------------------------------------------------------
pqsfinder: an exhaustive and imperfection-tolerant search tool for potential quadruplex-forming sequences in R
------------------------------------------------------------
Group spike-and-slab lasso generalized linear models for disease prediction and associated genes detection by incorporating pathway information
------------------------------------------------------------
A fast fiducial marker tracking model for fully automatic alignment in electron tomography
------------------------------------------------------------
Bayesian data integration for quantifying the contribution of diverse measurements to parameter estimates
------------------------------------------------------------
PROSPERous: high-throughput prediction of substrate cleavage sites for 90 proteases with improved accuracy
------------------------------------------------------------
Cancer progression models and fitness landscapes: a many-to-many relationship
------------------------------------------------------------
Identification of copy number variations and translocations in cancer cells from Hi-C data
------------------------------------------------------------
An omnibus test for differential distribution analysis of microbiome sequencing data
------------------------------------------------------------
MATAM: reconstruction of phylogenetic marker genes from short sequencing reads in metagenomes
------------------------------------------------------------
GLASS: assisted and standardized assessment of gene variations from Sanger sequence trace data
------------------------------------------------------------
ComplexViewer: visualization of curated macromolecular complexes
------------------------------------------------------------
nandb-number and brightness in R with a novel automatic detrending algorithm
------------------------------------------------------------
MethRaFo: MeDIP-seq methylation estimate using a Random Forest Regressor
------------------------------------------------------------
pLoc-mAnimal: predict subcellular localization of animal proteins with both single and multiple sites
------------------------------------------------------------
Forecasting residue-residue contact prediction accuracy
------------------------------------------------------------
Mechanisms to protect the privacy of families when using the transmission disequilibrium test in genome-wide association studies
------------------------------------------------------------
Analysis and prediction of protein folding energy changes upon mutation by element specific persistent homology
------------------------------------------------------------
An accurate algorithm for the detection of DNA fragments from dilution pool sequencing experiments
------------------------------------------------------------
The value of prior knowledge in machine learning of complex network systems
------------------------------------------------------------
Prediction and modeling of pre-analytical sampling errors as a strategy to improve plasma NMR metabolomics data
------------------------------------------------------------
MusiteDeep: a deep-learning framework for general and kinase-specific phosphorylation site prediction
------------------------------------------------------------
Gating mass cytometry data by deep learning
------------------------------------------------------------
proFIA: a data preprocessing workflow for flow injection analysis coupled to high-resolution mass spectrometry
------------------------------------------------------------
DIMM-SC: a Dirichlet mixture model for clustering droplet-based single cell transcriptomic data
------------------------------------------------------------
RealityConvert: a tool for preparing 3D models of biochemical structures for augmented and virtual reality
------------------------------------------------------------
Cancer Hallmarks Analytics Tool (CHAT): a text mining approach to organize and evaluate scientific literature on cancer
------------------------------------------------------------
DeepLoc: prediction of protein subcellular localization using deep learning
------------------------------------------------------------
Structure-based prediction of protein- peptide binding regions using Random Forest
------------------------------------------------------------
Detecting presence of mutational signatures in cancer with confidence
------------------------------------------------------------
Phandango: an interactive viewer for bacterial population genomics
------------------------------------------------------------
diffloop: a computational framework for identifying and analyzing differential DNA loops from sequencing data
------------------------------------------------------------
TeachEnG: a Teaching Engine for Genomics
------------------------------------------------------------
TSIS: an R package to infer alternative splicing isoform switches for time-series data
------------------------------------------------------------
Comparison of methods for phylogenetic B-cell lineage inference using time-resolved antibody repertoire simulations (AbSim)
------------------------------------------------------------
A comprehensive assessment of long intrinsic protein disorder from the DisProt database
------------------------------------------------------------
SiNoPsis: Single Nucleotide Polymorphisms selection and promoter profiling
------------------------------------------------------------
SMLocalizer, a GPU accelerated ImageJ plugin for single molecule localization microscopy
------------------------------------------------------------
JEPEGMIX2: improved gene-level joint analysis of eQTLs in cosmopolitan cohorts
------------------------------------------------------------
LightDock: a new multi-scale approach to protein-protein docking
------------------------------------------------------------
FATHMM-XF: accurate prediction of pathogenic point mutations via extended features
------------------------------------------------------------
An automated tool for obtaining QSAR-ready series of compounds using semantic web technologies
------------------------------------------------------------
SINCERITIES: inferring gene regulatory networks from time-stamped single cell transcriptional expression profiles
------------------------------------------------------------
Morphologically constrained and data informed cell segmentation of budding yeast
------------------------------------------------------------
Kfits: a software framework for fitting and cleaning outliers in kinetic measurements
------------------------------------------------------------
A utility maximizing and privacy preserving approach for protecting kinship in genomic databases
------------------------------------------------------------
Prediction of delayed retention of antibodies in hydrophobic interaction chromatography from sequence using machine learning
------------------------------------------------------------
MIRMMR: binary classification of microsatellite instability using methylation and mutations
------------------------------------------------------------
FIRE: functional inference of genetic variants that regulate gene expression
------------------------------------------------------------
Cloud-based interactive analytics for terabytes of genomic variants data
------------------------------------------------------------
LLR: a latent low-rank approach to colocalizing genetic risk variants in multiple GWAS
------------------------------------------------------------
ChAMP: updated methylation analysis pipeline for Illumina BeadChips
------------------------------------------------------------
CESAR 2.0 substantially improves speed and accuracy of comparative gene annotation
------------------------------------------------------------
fastNGSadmix: admixture proportions and principal component analysis of a single NGS sample
------------------------------------------------------------
biospear: an R package for biomarker selection in penalized Cox regression
------------------------------------------------------------
Kollector: transcript-informed, targeted de novo assembly of gene loci
------------------------------------------------------------
Tumor phylogeny inference using tree-constrained importance sampling
------------------------------------------------------------
Integrative deep models for alternative splicing
------------------------------------------------------------
DeepBound: accurate identification of transcript boundaries via deep convolutional neural fields
------------------------------------------------------------
Improved data-driven likelihood factorizations for transcript abundance estimation
------------------------------------------------------------
Exploiting sequence-based features for predicting enhancer-promoter interactions
------------------------------------------------------------
Direct AUC optimization of regulatory motifs
------------------------------------------------------------
Predicting multicellular function through multi-layer tissue networks
------------------------------------------------------------
Alignment of dynamic networks
------------------------------------------------------------
Denoising genome-wide histone ChIP-seq with convolutional neural networks
------------------------------------------------------------
Molecular signatures that can be transferred across different omics platforms
------------------------------------------------------------
BIOSSES: a semantic sentence similarity estimation system for the biomedical domain
------------------------------------------------------------
Deep learning-based subdivision approach for large scale macromolecules structure recovery from electron cryo tomograms
------------------------------------------------------------
Applying meta-analysis to genotype-tissue expression data from multiple tissues to identify eQTLs and increase the number of eGenes
------------------------------------------------------------
SpaceScanner: COPASI wrapper for automated management of global stochastic optimization experiments
------------------------------------------------------------
GPU-powered model analysis with PySB/cupSODA
------------------------------------------------------------
The KSEA App: a web-based tool for kinase activity inference from quantitative phosphoproteomics
------------------------------------------------------------
Partitioned learning of deep Boltzmann machines for SNP data
------------------------------------------------------------
Matrix completion with side information and its applications in predicting the antigenicity of influenza viruses
------------------------------------------------------------
PhylOligo: a package to identify contaminant or untargeted organism sequences in genome assemblies
------------------------------------------------------------
SANDPUMA: ensemble predictions of nonribosomal peptide chemistry reveal biosynthetic diversity across Actinobacteria
------------------------------------------------------------
Message from the ISCB: 2017 ISCB Overton Prize Awarded to Christoph Bock
------------------------------------------------------------
CloudNeo: a cloud pipeline for identifying patient-specific tumor neoantigens
------------------------------------------------------------
Sparse redundancy analysis of high-dimensional genetic and genomic data
------------------------------------------------------------
Comparison of pre-processing methods for Infinium HumanMethylation450 BeadChip array
------------------------------------------------------------
DEIsoM: a hierarchical Bayesian model for identifying differentially expressed isoforms using biological replicates
------------------------------------------------------------
Integrative analysis of multiple genomic variables using a hierarchical Bayesian model
------------------------------------------------------------
ISAMBARD: an open-source computational environment for biomolecular analysis, modelling and design
------------------------------------------------------------
Protein-Sol: a web tool for predicting protein solubility from sequence
------------------------------------------------------------
Moran's I quantifies spatio-temporal pattern formation in neural imaging data
------------------------------------------------------------
karyoploteR: an R/Bioconductor package to plot customizable genomes displaying arbitrary data
------------------------------------------------------------
HEROD: a human ethnic and regional specific omics database
------------------------------------------------------------
CWDPRNP: a tool for cervid prion sequence analysis in program R
------------------------------------------------------------
A fast and exhaustive method for heterogeneity and epistasis analysis based on multi-objective optimization
------------------------------------------------------------
Flexbar 3.0 - SIMD and multicore parallelization
------------------------------------------------------------
Molecular heterogeneity at the network level: high-dimensional testing, clustering and a TCGA case study
------------------------------------------------------------
PhyD3: a phylogenetic tree viewer with extended phyloXML support for functional genomics data visualization
------------------------------------------------------------
Single-cell regulome data analysis by SCRAT
------------------------------------------------------------
OMTools: a software package for visualizing and processing optical mapping data
------------------------------------------------------------
MAGenTA: a Galaxy implemented tool for complete Tn-Seq analysis and data visualization
------------------------------------------------------------
BioMake: a GNU make-compatible utility for declarative workflow management
------------------------------------------------------------
McPAS-TCR: a manually curated catalogue of pathology-associated T cell receptor sequences
------------------------------------------------------------
Reliability of algorithmic somatic copy number alteration detection from targeted capture data
------------------------------------------------------------
EBT: a statistic test identifying moderate size of significant features with balanced power and precision for genome-wide rate comparisons
------------------------------------------------------------
modlAMP: Python for antimicrobial peptides
------------------------------------------------------------
Accounting for tumor purity improves cancer subtype classification from DNA methylation data
------------------------------------------------------------
KMC 3: counting and manipulating k-mer statistics
------------------------------------------------------------
[ERROR] unknown error for print this text
------------------------------------------------------------
PhenoCurve: capturing dynamic phenotype-environment relationships using phenomics data
------------------------------------------------------------
Sphinx: merging knowledge-based and ab initio approaches to improve protein loop prediction
------------------------------------------------------------
veqtl-mapper: variance association mapping for molecular phenotypes
------------------------------------------------------------
A method for learning a sparse classifier in the presence of missing data for high-dimensional biological datasets
------------------------------------------------------------
EigenTHREADER: analogous protein fold recognition by efficient contact map threading
------------------------------------------------------------
A Bayesian group sparse multi-task regression model for imaging genetics
------------------------------------------------------------
Domain prediction with probabilistic directional context
------------------------------------------------------------
Incorporating prior information into differential network analysis using non-paranormal graphical models
------------------------------------------------------------
emMAW: computing minimal absent words in external memory
------------------------------------------------------------
mzML2ISA & nmrML2ISA: generating enriched ISA-Tab metadata files from metabolomics XML data
------------------------------------------------------------
PyGOLD: a python based API for docking based virtual screening workflow generation
------------------------------------------------------------
ST Pipeline: an automated pipeline for spatial mapping of unique transcripts
------------------------------------------------------------
Machine learning in computational biology to accelerate high-throughput protein expression
------------------------------------------------------------
BioContainers: an open-source and community-driven framework for software standardization
------------------------------------------------------------
SieveSifter: a web-based tool for visualizing the sieve analyses of HIV-1 vaccine efficacy trials
------------------------------------------------------------
Kart: a divide-and-conquer algorithm for NGS read alignment
------------------------------------------------------------
EUPAN enables pan-genome studies of a large number of eukaryotic genomes
------------------------------------------------------------
Spresso: an ultrafast compound pre-screening method based on compound decomposition
------------------------------------------------------------
DLTree: efficient and accurate phylogeny reconstruction using the dynamical language method
------------------------------------------------------------
rMSI: an R package for MS imaging data handling and visualization
------------------------------------------------------------
Constructing linkage maps in the genomics era with MapDisto 2.0
------------------------------------------------------------
GenomeScope: fast reference-free genome profiling from short reads
------------------------------------------------------------
Cpipe: a comprehensive computational platform for sequence and structure-based analyses of Cysteine residues
------------------------------------------------------------
Enhanced methods to detect haplotypic effects on gene expression
------------------------------------------------------------
Estimating error models for whole genome sequencing using mixtures of Dirichlet-multinomial distributions
------------------------------------------------------------
A Zoom-Focus algorithm (ZFA) to locate the optimal testing region for rare variant association tests
------------------------------------------------------------
PathwayMapper: a collaborative visual web editor for cancer pathways and genomic data
------------------------------------------------------------
Meta-analytic framework for liquid association
------------------------------------------------------------
Discriminating the reaction types of plant type III polyketide synthases
------------------------------------------------------------
DNA Compass: a secure, client-side site for navigating personal genetic information
------------------------------------------------------------
QRank: a novel quantile regression tool for eQTL discovery
------------------------------------------------------------
Systematic inference of functional phosphorylation events in yeast metabolism
------------------------------------------------------------
ctsGE-clustering subgroups of expression data
------------------------------------------------------------
Glimma: interactive graphics for gene expression analysis
------------------------------------------------------------
Integrative analysis identifies co-dependent gene expression regulation of BRG1 and CHD7 at distal regulatory sites in embryonic stem cells
------------------------------------------------------------
PMAnalyzer: a new web interface for bacterial growth curve analysis
------------------------------------------------------------
[ERROR] unknown error for print this text
------------------------------------------------------------
LASER server: ancestry tracing with genotypes or sequence reads
------------------------------------------------------------
Statistical database analysis of the role of loop dynamics for protein-protein complex formation and allostery
------------------------------------------------------------
Succinct colored de Bruijn graphs
------------------------------------------------------------
MBV: a method to solve sample mislabeling and detect technical bias in large combined genotype and sequencing assay datasets
------------------------------------------------------------
Kollector: transcript-informed, targeted de novo assembly of gene loci
------------------------------------------------------------
Comprehensive evaluation of de novo transcriptome assembly programs and their effects on differential gene expression analysis
------------------------------------------------------------
SChloro: directing Viridiplantae proteins to six chloroplastic sub-compartments
------------------------------------------------------------
simPATHy: a new method for simulating data from perturbed biological PATHways
------------------------------------------------------------
Sequence-structure relations of biopolymers
------------------------------------------------------------
Pro54DB: a database for experimentally verified sigma-54 promoters
------------------------------------------------------------
DEF: an automated dead-end filling approach based on quasi-endosymbiosis
------------------------------------------------------------
RelExplain-integrating data and networks to explain biological processes
------------------------------------------------------------
MotifNet: a web-server for network motif analysis
------------------------------------------------------------
PALADIN: protein alignment for functional profiling whole metagenome shotgun data
------------------------------------------------------------
Accurate prediction of human essential genes using only nucleotide composition and association information
------------------------------------------------------------
Supporting precision medicine by data mining across multi-disciplines: an integrative approach for generating comprehensive linkages between single nucleotide variants (SNVs) and drug-binding sites
------------------------------------------------------------
Efficient computation of transfer free energies of amino acids in beta-barrel membrane proteins
------------------------------------------------------------
LIQUID: an-open source software for identifying lipids in LC-MS/MS-based lipidomics data
------------------------------------------------------------
Riborex: fast and flexible identification of differential translation from Ribo-seq data
------------------------------------------------------------
HIPred: an integrative approach to predicting haploinsufficient genes
------------------------------------------------------------
Introducing COCOS: codon consequence scanner for annotating reading frame changes induced by stop-lost and frame shift variants
------------------------------------------------------------
Historian: accurate reconstruction of ancestral sequences and evolutionary rates
------------------------------------------------------------
VCF-kit: assorted utilities for the variant call format
------------------------------------------------------------
Resolution and reconciliation of non-binary gene trees with transfers, duplications and losses
------------------------------------------------------------
TRFBA: an algorithm to integrate genome-scale metabolic and transcriptional regulatory networks with incorporation of expression data
------------------------------------------------------------
A novel non-parametric method for uncertainty evaluation of correlation-based molecular signatures: its application on PAM50 algorithm
------------------------------------------------------------
ESA-UbiSite: accurate prediction of human ubiquitination sites by identifying a set of effective negatives
------------------------------------------------------------
SPOT-ligand 2: improving structure-based virtual screening by binding-homology search on an expanded structural template library
------------------------------------------------------------
SNP interaction pattern identifier (SIPI): an intensive search for SNP-SNP interaction patterns
------------------------------------------------------------
Using genotype array data to compare multi- and single-sample variant calls and improve variant call sets from deep coverage whole-genome sequencing data
------------------------------------------------------------
QAcon: single model quality assessment using protein structural and contact information with machine learning techniques
------------------------------------------------------------
ACTG: novel peptide mapping onto gene models
------------------------------------------------------------
Computational prediction of species-specific malonylation sites via enhanced characteristic strategy
------------------------------------------------------------
Improving protein disorder prediction by deep bidirectional long short-term memory recurrent neural networks
------------------------------------------------------------
The PPI3D web server for searching, analyzing and modeling protein-protein interactions in the context of 3D structures
------------------------------------------------------------
[ERROR] unknown error for print this text
------------------------------------------------------------
Analyzing user-generated online content for drug discovery: development and use of MedCrawler
------------------------------------------------------------
RADER: a RApid DEcoy Retriever to facilitate decoy based assessment of virtual screening
------------------------------------------------------------
T-BAS: Tree-Based Alignment Selector toolkit for phylogenetic-based placement, alignment downloads and metadata visualization: an example with the Pezizomycotina tree of life
------------------------------------------------------------
Xenolog classification
------------------------------------------------------------
SPADEVizR: an R package for visualization, analysis and integration of SPADE results
------------------------------------------------------------
GENIUS: web server to predict local gene networks and key genes for biological functions
------------------------------------------------------------
BoostGAPFILL: improving the fidelity of metabolic network reconstructions through integrated constraint and pattern-based methods
------------------------------------------------------------
LRFragLib: an effective algorithm to identify fragments for de novo protein structure prediction
------------------------------------------------------------
Cancer driver gene discovery through an integrative genomics approach in a non-parametric Bayesian framework
------------------------------------------------------------
RedNemo: topology-based PPI network reconstruction via repeated diffusion with neighborhood modifications
------------------------------------------------------------
Transfer learning across ontologies for phenome-genome association prediction
------------------------------------------------------------
HiLive: real-time mapping of illumina reads while sequencing
------------------------------------------------------------
Biospark: scalable analysis of large numerical datasets from biological simulations and experiments using Hadoop and Spark
------------------------------------------------------------
CRISPR-DO for genome-wide CRISPR design and optimization
------------------------------------------------------------
New quality measure for SNP array based CNV detection
------------------------------------------------------------
A subpopulation model to analyze heterogeneous cell differentiation dynamics
------------------------------------------------------------
Heat*seq: an interactive web tool for high-throughput sequencing experiment comparison with public data
------------------------------------------------------------
Icarus: visualizer for de novo assembly evaluation
------------------------------------------------------------
The SMAL web server: global multiple network alignment from pairwise alignments
------------------------------------------------------------
ConsPred: a rule-based (re-)annotation framework for prokaryotic genomes
------------------------------------------------------------
w4CSeq: software and web application to analyze 4C-seq data
------------------------------------------------------------
Cyclo-lib: a database of computational molecular dynamics simulations of cyclodextrins
------------------------------------------------------------
Site of metabolism prediction for oxidation reactions mediated by oxidoreductases based on chemical bond
------------------------------------------------------------
TwoPaCo: an efficient algorithm to build the compacted de Bruijn graph from many complete genomes
------------------------------------------------------------
PSSV: a novel pattern-based probabilistic approach for somatic structural variation identification
------------------------------------------------------------
Tissue-specific pathway association analysis using genome-wide association study summaries
------------------------------------------------------------
Verdant: automated annotation, alignment and phylogenetic analysis of whole chloroplast genomes
------------------------------------------------------------
Reference point insensitive molecular data analysis
------------------------------------------------------------
DM-BLD: differential methylation detection using a hierarchical Bayesian model exploiting local dependency
------------------------------------------------------------
Assessment of cancer and virus antigens for cross-reactivity in human tissues
------------------------------------------------------------
Nanocall: an open source basecaller for Oxford Nanopore sequencing data
------------------------------------------------------------
BeReTa: a systematic method for identifying target transcriptional regulators to enhance microbial production of chemicals
------------------------------------------------------------
ReliableGenome: annotation of genomic regions with high/low variant calling concordance
------------------------------------------------------------
PHYLOViZ 2.0: providing scalable data integration and visualization for multiple phylogenetic inference methods
------------------------------------------------------------
LncVar: a database of genetic variation associated with long non-coding genes
------------------------------------------------------------
OntoBrowser: a collaborative tool for curation of ontologies by subject matter experts
------------------------------------------------------------
Multivariate two-part statistics for analysis of correlated mass spectrometry data from multiple biological specimens
------------------------------------------------------------
HAPRAP: a haplotype-based iterative method for statistical fine mapping using GWAS summary statistics
------------------------------------------------------------
Bayesian parameter estimation for the Wnt pathway: an infinite mixture models approach
------------------------------------------------------------
Logical model specification aided by model-checking techniques: application to the mammalian cell cycle regulation
------------------------------------------------------------
iReMet-flux: constraint-based approach for integrating relative metabolite levels into a stoichiometric metabolic models
------------------------------------------------------------
A weighted exact test for mutually exclusive mutations in cancer
------------------------------------------------------------
Large-scale inference of conjunctive Bayesian networks
------------------------------------------------------------
Patterns of amino acid conservation in human and animal immunodeficiency viruses
------------------------------------------------------------
ModuleAlign: module-based global alignment of protein-protein interaction networks
------------------------------------------------------------
Gene-set association tests for next-generation sequencing data
------------------------------------------------------------
Optimization of signal-to-noise ratio for efficient microarray probe design
------------------------------------------------------------
LuxGLM: a probabilistic covariate model for quantification of DNA methylation modifications with complex experimental designs
------------------------------------------------------------
The Network Library: a framework to rapidly integrate network biology resources
------------------------------------------------------------
Mutual enrichment in aggregated ranked lists with applications to gene expression regulation
------------------------------------------------------------
Simultaneous discovery of cancer subtypes and subtype features by molecular data integration
------------------------------------------------------------
FATSLiM: a fast and robust software to analyze MD simulations of membranes
------------------------------------------------------------
Virtual exploration of early stage atherosclerosis
------------------------------------------------------------
Integrating genomic information with protein sequence and 3D atomic level structure at the RCSB protein data bank
------------------------------------------------------------
SDEAP: a splice graph based differential transcript expression analysis tool for population data
------------------------------------------------------------
ChemTreeMap: an interactive map of biochemical similarity in molecular datasets
------------------------------------------------------------
LCA*: an entropy-based measure for taxonomic assignment within assembled metagenomes
------------------------------------------------------------
genipe: an automated genome-wide imputation pipeline with automatic reporting and statistical tools
------------------------------------------------------------
Predicting G protein-coupled receptor downstream signaling by tissue expression
------------------------------------------------------------
NCMine: Core-peripheral based functional module detection using near-clique mining
------------------------------------------------------------
Excess positional mutual information predicts both local and allosteric mutations affecting beta lactamase drug resistance
------------------------------------------------------------
TopPIC: a software tool for top-down mass spectrometry-based proteoform identification and characterization
------------------------------------------------------------
Online interactive analysis of protein structure ensembles with Bio3D-web
------------------------------------------------------------
VisualGraphX: interactive graph visualization within Galaxy
------------------------------------------------------------
MEMHDX: an interactive tool to expedite the statistical validation and visualization of large HDX-MS datasets
------------------------------------------------------------
sBWT: memory efficient implementation of the hardware-acceleration-friendly Schindler transform for the fast biological sequence mapping
------------------------------------------------------------
Estimating and testing high-dimensional mediation effects in epigenetic studies
------------------------------------------------------------
CellProfiler Analyst: interactive data exploration, analysis and classification of large biological image sets
------------------------------------------------------------
iPTM-mLys: identifying multiple lysine PTM sites and their different types
------------------------------------------------------------
RTCR: a pipeline for complete and accurate recovery of T cell repertoires from high throughput sequencing data
------------------------------------------------------------
AgIn: measuring the landscape of CpG methylation of individual repetitive elements
------------------------------------------------------------
Pseudotime estimation: deconfounding single cell time series
------------------------------------------------------------
MultiQC: summarize analysis results for multiple tools and samples in a single report
------------------------------------------------------------
Analysis of aggregated cell-cell statistical distances within pathways unveils therapeutic-resistance mechanisms in circulating tumor cells
------------------------------------------------------------
What time is it? Deep learning approaches for circadian rhythms
------------------------------------------------------------
BioASF: a framework for automatically generating executable pathway models specified in BioPAX
------------------------------------------------------------
Classifying and segmenting microscopy images with deep multiple instance learning
------------------------------------------------------------
Ensemble-based evaluation for protein structure models
------------------------------------------------------------
Reconstructing the temporal progression of HIV-1 immune response pathways
------------------------------------------------------------
Prediction of ribosome footprint profile shapes from transcript sequences
------------------------------------------------------------
Analysis of differential splicing suggests different modes of short-term splicing regulation
------------------------------------------------------------
ISMB 2016 Proceedings
------------------------------------------------------------
GSA-Lightning: ultra-fast permutation-based gene set analysis
------------------------------------------------------------
Rapid and powerful detection of subtle allelic imbalance from exome sequencing data with hapLOHseq
------------------------------------------------------------
Zerone: a ChIP-seq discretizer for multiple replicates with built-in quality control
------------------------------------------------------------
GHap: an R package for genome-wide haplotyping
------------------------------------------------------------
KCMBT: a k-mer Counter based on Multiple Burst Trees
------------------------------------------------------------
A knowledge-based approach for predicting gene-disease associations
------------------------------------------------------------
pong: fast analysis and visualization of latent clusters in population genetic data
------------------------------------------------------------
Predicting regulatory variants with composite statistic
------------------------------------------------------------
MIA: non-targeted mass isotopolome analysis
------------------------------------------------------------
SETH detects and normalizes genetic variants in text
------------------------------------------------------------
RANKS: a flexible tool for node label ranking and classification in biological networks
------------------------------------------------------------
CART-a chemical annotation retrieval toolkit
------------------------------------------------------------
Differential rhythmicity: detecting altered rhythmicity in biological data
------------------------------------------------------------
seqlm: an MDL based method for identifying differentially methylated regions in high density methylation array data
------------------------------------------------------------
GSP: a web-based platform for designing genome-specific primers in polyploids
------------------------------------------------------------
Haplotype synthesis analysis reveals functional variants underlying known genome-wide associated susceptibility loci
------------------------------------------------------------
ecceTERA: comprehensive gene tree-species tree reconciliation using parsimony
------------------------------------------------------------
Computational clustering for viral reference proteomes
------------------------------------------------------------
Detecting critical state before phase transition of complex biological systems by hidden Markov model
------------------------------------------------------------
repgenHMM: a dynamic programming tool to infer the rules of immune receptor generation from sequence data
------------------------------------------------------------
PinSnps: structural and functional analysis of SNPs in the context of protein interaction networks
------------------------------------------------------------
A web application for sample size and power calculation in case-control microbiome studies
------------------------------------------------------------
ORFanFinder: automated identification of taxonomically restricted orphan genes
------------------------------------------------------------
EPS: an empirical Bayes approach to integrating pleiotropy and tissue-specific information for prioritizing risk genes
------------------------------------------------------------
RIPPER: a framework for MS1 only metabolomics and proteomics label-free relative quantification
------------------------------------------------------------
2dSpAn: semiautomated 2-d segmentation, classification and analysis of hippocampal dendritic spine plasticity
------------------------------------------------------------
RCP: a novel probe design bias correction method for Illumina Methylation BeadChip
------------------------------------------------------------
Bioinformatics programs are 31-fold over-represented among the highest impact scientific papers of the past two decades
------------------------------------------------------------
Combenefit: an interactive platform for the analysis and visualization of drug combinations
------------------------------------------------------------
MEANS: python package for Moment Expansion Approximation, iNference and Simulation
------------------------------------------------------------
densityCut: an efficient and versatile topological approach for automatic clustering of biological data
------------------------------------------------------------
ASAFE: ancestry-specific allele frequency estimation
------------------------------------------------------------
rnaQUAST: a quality assessment tool for de novo transcriptome assemblies
------------------------------------------------------------
DisGeNET-RDF: harnessing the innovative power of the Semantic Web to explore the genetic basis of diseases
------------------------------------------------------------
Bayesian nonparametrics in protein remote homology search
------------------------------------------------------------
OREMPRO web server: orientation and assessment of atomistic and coarse-grained structures of membrane proteins
------------------------------------------------------------
gkmSVM: an R package for gapped-kmer SVM
------------------------------------------------------------
TreeQTL: hierarchical error control for eQTL findings
------------------------------------------------------------
MOCAT2: a metagenomic assembly, annotation and profiling framework
------------------------------------------------------------
ProtPOS: a python package for the prediction of protein preferred orientation on a surface
------------------------------------------------------------
Dr.seq: a quality control and analysis pipeline for droplet sequencing
------------------------------------------------------------
GenomeRunner web server: regulatory similarity and differences define the functional impact of SNP sets
------------------------------------------------------------
Quantitative phosphoproteomics-based molecular network description for high-resolution kinase-substrate interactome analysis
------------------------------------------------------------
CellMiner Companion: an interactive web application to explore CellMiner NCI-60 data
------------------------------------------------------------
EBglmnet: a comprehensive R package for sparse generalized linear regression models
------------------------------------------------------------
FRODOCK 2.0: fast protein-protein docking server
------------------------------------------------------------
An algorithm for designing minimal microbial communities with desired metabolic capacities
------------------------------------------------------------
Selecting a classification function for class prediction with gene expression data
------------------------------------------------------------
An efficient gene-gene interaction test for genome-wide association studies in trio families
------------------------------------------------------------
Predicting physiologically relevant SH3 domain mediated protein-protein interactions in yeast
------------------------------------------------------------
Model-based media selection to minimize the cost of metabolic cooperation in microbial ecosystems
------------------------------------------------------------
Sprites: detection of deletions from sequencing data by re-aligning split reads
------------------------------------------------------------
ASDB: a resource for probing protein functions with small molecules
------------------------------------------------------------
Galaxy Portal: interacting with the galaxy platform through mobile devices
------------------------------------------------------------
BioCircos.js: an interactive Circos JavaScript library for biological data visualization on web applications
------------------------------------------------------------
FILTUS: a desktop GUI for fast and efficient detection of disease-causing variants, including a novel autozygosity detector
------------------------------------------------------------
FamAgg: an R package to evaluate familial aggregation of traits in large pedigrees
------------------------------------------------------------
MS-REDUCE: an ultrafast technique for reduction of big mass spectrometry data for high-throughput processing
------------------------------------------------------------
The TraDIS toolkit: sequencing and analysis for dense transposon mutant libraries
------------------------------------------------------------
Sampletrees and Rsampletrees: sampling gene genealogies conditional on SNP genotype data
------------------------------------------------------------
Piecewise parameter estimation for stochastic models in COPASI
------------------------------------------------------------
Multi-omics enrichment analysis using the GeneTrail2 web service
------------------------------------------------------------
SIRAH tools: mapping, backmapping and visualization of coarse-grained models
------------------------------------------------------------
Integration of string and de Bruijn graphs for genome assembly
------------------------------------------------------------
MTG2: an efficient algorithm for multivariate linear mixed model analysis based on genomic information
------------------------------------------------------------
PINCAGE: probabilistic integration of cancer genomics data for perturbed gene identification and sample classification
------------------------------------------------------------
Bayesian variable selection for binary outcomes in high-dimensional genomic studies using non-local priors
------------------------------------------------------------
Prediction of missing sequences and branch lengths in phylogenomic data
------------------------------------------------------------
Path2PPI: an R package to predict protein-protein interaction networks for a set of proteins
------------------------------------------------------------
Robust quantitative scratch assay
------------------------------------------------------------
Authors' response to 'Comment on: ERGC: An efficient Referential Genome Compression Algorithm'
------------------------------------------------------------
DeNovo: virus-host sequence-based protein-protein interaction prediction
------------------------------------------------------------
CG2AA: backmapping protein coarse-grained structures
------------------------------------------------------------
Adaptive gene- and pathway-trait association testing with GWAS summary statistics
------------------------------------------------------------
CASSIS and SMIPS: promoter-based prediction of secondary metabolite gene clusters in eukaryotic genomes
------------------------------------------------------------
Joint detection of copy number variations in parent-offspring trios
------------------------------------------------------------
Maligner: a fast ordered restriction map aligner
------------------------------------------------------------
Representation and inference of cellular architecture for metabolic reconstruction and modeling
------------------------------------------------------------
Comment on: 'ERGC: an efficient referential genome compression algorithm'
------------------------------------------------------------
Admix'em: a flexible framework for forward-time simulations of hybrid populations with selection and mate choice
------------------------------------------------------------
SVD-phy: improved prediction of protein functional associations through singular value decomposition of phylogenetic profiles
------------------------------------------------------------
Synchronized navigation and comparative analyses across Ensembl complete bacterial genomes with INSYGHT
------------------------------------------------------------
Genefu: an R/Bioconductor package for computation of gene expression-based signatures in breast cancer
------------------------------------------------------------
ParTIES: a toolbox for Paramecium interspersed DNA elimination studies
------------------------------------------------------------
LocusExplorer: a user-friendly tool for integrated visualization of human genetic association data and biological annotations
------------------------------------------------------------
Prioritizing hypothesis tests for high throughput data
------------------------------------------------------------
JSpeciesWS: a web server for prokaryotic species circumscription based on pairwise genome comparison
------------------------------------------------------------
Global copy number profiling of cancer genomes
------------------------------------------------------------
TCGA2STAT: simple TCGA data access for integrated statistical analysis in R
------------------------------------------------------------
BioPartsBuilder: a synthetic biology tool for combinatorial assembly of biological parts
------------------------------------------------------------
Using de novo protein structure predictions to measure the quality of very large multiple sequence alignments
------------------------------------------------------------
[ERROR] unknown error for print this text
------------------------------------------------------------
A hidden Markov random field-based Bayesian method for the detection of long-range chromosomal interactions in Hi-C data
------------------------------------------------------------
TESS: an R package for efficiently simulating phylogenetic trees and performing Bayesian inference of lineage diversification rates
------------------------------------------------------------
Fit3D: a web application for highly accurate screening of spatial residue patterns in protein structure data
------------------------------------------------------------
ancGWAS: a post genome-wide association study method for interaction, pathway and ancestry analysis in homogeneous and admixed populations
------------------------------------------------------------
caRpools: an R package for exploratory data analysis and documentation of pooled CRISPR/Cas9 screens
------------------------------------------------------------
Omokage search: shape similarity search service for biomolecular structures in both the PDB and EMDB
------------------------------------------------------------
DARA: a web server for rapid search of structural neighbours using solution small angle X-ray scattering data
------------------------------------------------------------
Pycellerator: an arrow-based reaction-like modelling language for biological simulations
------------------------------------------------------------
GenoWAP: GWAS signal prioritization through integrated analysis of genomic functional annotation
------------------------------------------------------------
iEnhancer-2L: a two-layer predictor for identifying enhancers and their strength by pseudo k-tuple nucleotide composition
------------------------------------------------------------
Computational discovery of specificity-conferring sites in non-ribosomal peptide synthetases
------------------------------------------------------------
BiTrinA--multiscale binarization and trinarization with quality analysis
------------------------------------------------------------
FogLight: an efficient matrix-based approach to construct metabolic pathways by search space reduction
------------------------------------------------------------
The new protein topology graph library web server
------------------------------------------------------------
Rust-Bio: a fast and safe bioinformatics library
------------------------------------------------------------
JEPEGMIX: gene-level joint analysis of functional SNPs in cosmopolitan cohorts
------------------------------------------------------------
regioneR: an R/Bioconductor package for the association analysis of genomic regions based on permutation tests
------------------------------------------------------------
ANARCI: antigen receptor numbering and receptor classification
------------------------------------------------------------
XPIWIT--an XML pipeline wrapper for the Insight Toolkit
------------------------------------------------------------
CLUSTERnGO: a user-defined modelling platform for two-stage clustering of time-series data
------------------------------------------------------------
MDD-SOH: exploiting maximal dependence decomposition to identify S-sulfenylation sites with substrate motifs
------------------------------------------------------------
Approximately independent linkage disequilibrium blocks in human populations
------------------------------------------------------------
APTANI: a computational tool to select aptamers through sequence-structure motif analysis of HT-SELEX data
------------------------------------------------------------
NanoOK: multi-reference alignment analysis of nanopore sequencing data, quality and error profiles
------------------------------------------------------------
CLAMMS: a scalable algorithm for calling common and rare copy number variants from exome sequencing data
------------------------------------------------------------
PyPDB: a Python API for the Protein Data Bank
------------------------------------------------------------
Cas-Designer: a web-based tool for choice of CRISPR-Cas9 target sites
------------------------------------------------------------
SeDuS: segmental duplication simulator
------------------------------------------------------------
Group and sparse group partial least square approaches applied in genomics context
------------------------------------------------------------
ResiCon: a method for the identification of dynamic domains, hinges and interfacial regions in proteins
------------------------------------------------------------
BMix: probabilistic modeling of occurring substitutions in PAR-CLIP data
------------------------------------------------------------
ABIF Manager: simple reading and editing of ABIF formatted files
------------------------------------------------------------
HapCol: accurate and memory-efficient haplotype assembly from long reads
------------------------------------------------------------
GenomeLaser: fast and accurate haplotyping from pedigree genotypes
------------------------------------------------------------
DSviaDRM: an R package for estimating disease similarity via dysfunctional regulation mechanism
------------------------------------------------------------
GMcloser: closing gaps in assemblies accurately with a likelihood-based selection of contig or long-read alignments
------------------------------------------------------------
Improving protein fold recognition with hybrid profiles combining sequence and structure evolution
------------------------------------------------------------
ERC analysis: web-based inference of gene function via evolutionary rate covariation
------------------------------------------------------------
NAM: association studies in multiple populations
------------------------------------------------------------
stringgaussnet: from differentially expressed genes to semantic and Gaussian networks generation
------------------------------------------------------------
MICC: an R package for identifying chromatin interactions from ChIA-PET data
------------------------------------------------------------
BackCLIP: a tool to identify common background presence in PAR-CLIP datasets
------------------------------------------------------------
SNPGenie: estimating evolutionary parameters to detect natural selection using pooled next-generation sequencing data
------------------------------------------------------------
A mutation profile for top-k patient search exploiting Gene-Ontology and orthogonal non-negative matrix factorization
------------------------------------------------------------
RxnSim: a tool to compare biochemical reactions
------------------------------------------------------------
A Bayesian approach for structure learning in oscillating regulatory networks
------------------------------------------------------------
DINGO: differential network analysis in genomics
------------------------------------------------------------
PSIKO2: a fast and versatile tool to infer population stratification on various levels in GWAS
------------------------------------------------------------
al3c: high-performance software for parameter inference using Approximate Bayesian Computation
------------------------------------------------------------
A multivariate Bernoulli model to predict DNaseI hypersensitivity status from haplotype data
------------------------------------------------------------
biRte: Bayesian inference of context-specific regulator activities and transcriptional networks
------------------------------------------------------------
Hyperscape: visualization for complex biological networks
------------------------------------------------------------
NCC-AUC: an AUC optimization method to identify multi-biomarker panel for cancer prognosis from genomic and clinical data
------------------------------------------------------------
Rchemcpp: a web service for structural analoging in ChEMBL, Drugbank and the Connectivity Map
------------------------------------------------------------
AmyLoad: website dedicated to amyloidogenic protein fragments
------------------------------------------------------------
A note on the false discovery rate of novel peptides in proteogenomics
------------------------------------------------------------
De novo meta-assembly of ultra-deep sequencing data
------------------------------------------------------------
IgRepertoireConstructor: a novel algorithm for antibody repertoire construction and immunoproteogenomics analysis
------------------------------------------------------------
Using collective expert judgements to evaluate quality measures of mass spectrometry images
------------------------------------------------------------
MeSHLabeler: improving the accuracy of large-scale MeSH indexing by integrating diverse evidence
------------------------------------------------------------
Comparing genomes with rearrangements and segmental duplications
------------------------------------------------------------
MEMCover: integrated analysis of mutual exclusivity and functional network reveals dysregulated pathways across multiple cancer types
------------------------------------------------------------
Cypiripi: exact genotyping of CYP2D6 using high-throughput sequencing data
------------------------------------------------------------
PAGER: constructing PAGs and new PAG-PAG relationships for network biology
------------------------------------------------------------
Genome-wide detection of intervals of genetic heterogeneity associated with complex traits
------------------------------------------------------------
Integrative random forest for gene regulatory network inference
------------------------------------------------------------
Metabolome-scale de novo pathway reconstruction using regioisomer-sensitive graph alignments
------------------------------------------------------------
Finding optimal interaction interface alignments between biological complexes
------------------------------------------------------------
Using kernelized partial canonical correlation analysis to study directly coupled side chains and allostery in small G proteins
------------------------------------------------------------
Large-scale model quality assessment for improving protein tertiary structure prediction
------------------------------------------------------------
ISMB/ECCB 2015
------------------------------------------------------------
EXIMS: an improved data analysis pipeline based on a new peak picking method for EXploring Imaging Mass Spectrometry data
------------------------------------------------------------
Automated profiling of individual cell-cell interactions from high-throughput time-lapse imaging microscopy in nanowell grids (TIMING)
------------------------------------------------------------
BUSCO: assessing genome assembly and annotation completeness with single-copy orthologs
------------------------------------------------------------
The pervasiveness and plasticity of circadian oscillations: the coupled circadian-oscillators framework
------------------------------------------------------------
GeIST: a pipeline for mapping integrated DNA elements
------------------------------------------------------------
Assembling short reads from jumping libraries with large insert sizes
------------------------------------------------------------
RPdb: a database of experimentally verified cellular reprogramming records
------------------------------------------------------------
QVZ: lossy compression of quality values
------------------------------------------------------------
Bayesian mixture analysis for metagenomic community profiling
------------------------------------------------------------
pwOmics: an R package for pathway-based integration of time-series omics data using public database knowledge
------------------------------------------------------------
When less is more: 'slicing' sequencing data improves read decoding accuracy and de novo assembly quality
------------------------------------------------------------
ABC: a tool to identify SNVs causing allele-specific transcription factor binding from ChIP-Seq experiments
------------------------------------------------------------
TRAL: tandem repeat annotation library
------------------------------------------------------------
IMSEQ--a fast and error aware approach to immunogenetic sequence analysis
------------------------------------------------------------
SpeeDB: fast structural protein searches
------------------------------------------------------------
GEO2Enrichr: browser extension and server app to extract gene sets from GEO and analyze them for biological functions
------------------------------------------------------------
Fast parametric time warping of peak lists
------------------------------------------------------------
Interactive analysis of large cancer copy number studies with Copy Number Explorer
------------------------------------------------------------
Using combined evidence from replicates to evaluate ChIP-seq peaks
------------------------------------------------------------
Identification of C2H2-ZF binding preferences from ChIP-seq data using RCADE
------------------------------------------------------------
pez: phylogenetics for the environmental sciences
------------------------------------------------------------
The SwissLipids knowledgebase for lipid biology
------------------------------------------------------------
RVD2: an ultra-sensitive variant detection model for low-depth heterogeneous next-generation sequencing data
------------------------------------------------------------
ESPRESSO: taking into account assessment errors on outcome and exposures in power analysis for association studies
------------------------------------------------------------
MultiMeta: an R package for meta-analyzing multi-phenotype genome-wide association studies
------------------------------------------------------------
Conformational sampling and structure prediction of multiple interacting loops in soluble and β-barrel membrane proteins using multi-loop distance-guided chain-growth Monte Carlo method
------------------------------------------------------------
Cellular phenotype database: a repository for systems microscopy data
------------------------------------------------------------
Overlap and diversity in antimicrobial peptide databases: compiling a non-redundant set of sequences
------------------------------------------------------------
Outlier detection at the transcriptome-proteome interface
------------------------------------------------------------
Identification of a small set of plasma signalling proteins using neural network for prediction of Alzheimer's disease
------------------------------------------------------------
PRROC: computing and visualizing precision-recall and receiver operating characteristic curves in R
------------------------------------------------------------
EW_dmGWAS: edge-weighted dense module search for genome-wide association studies and gene expression profiles
------------------------------------------------------------
Design of shortest double-stranded DNA sequences covering all k-mers with applications to protein-binding microarrays and synthetic enhancers
------------------------------------------------------------
Multiscale reaction-diffusion simulations with Smoldyn
------------------------------------------------------------
Crossfinder-assisted mapping of protein crosslinks formed by site-specifically incorporated crosslinkers
------------------------------------------------------------
Two-group comparisons of zero-inflated intensity values: the choice of test statistic matters
------------------------------------------------------------
WGBSSuite: simulating whole-genome bisulphite sequencing data and benchmarking differential DNA methylation analysis tools
------------------------------------------------------------
Hi-Jack: a novel computational framework for pathway-based inference of host-pathogen interactions
------------------------------------------------------------
Estimating the proportion of true null hypotheses when the statistics are discrete
------------------------------------------------------------
L-GRAAL: Lagrangian graphlet-based network aligner
------------------------------------------------------------
Detection of significant protein coevolution
------------------------------------------------------------
LCR-eXXXplorer: a web platform to search, visualize and share data for low complexity regions in protein sequences
------------------------------------------------------------
Pattern recognition methods to relate time profiles of gene expression with phenotypic data: a comparative study
------------------------------------------------------------
Deep sequencing analysis of viral infection and evolution allows rapid and detailed characterization of viral mutant spectrum
------------------------------------------------------------
Unified representation of genetic variants
------------------------------------------------------------
Extending P450 site-of-metabolism models with region-resolution data
------------------------------------------------------------
Sambamba: fast processing of NGS alignment formats
------------------------------------------------------------
RAPTR-SV: a hybrid method for the detection of structural variants
------------------------------------------------------------
DOSE: an R/Bioconductor package for disease ontology semantic and enrichment analysis
------------------------------------------------------------
MESMER: minimal ensemble solutions to multiple experimental restraints
------------------------------------------------------------
Detecting differential peaks in ChIP-seq signals with ODIN
------------------------------------------------------------
Large-scale exploration and analysis of drug combinations
------------------------------------------------------------
Whiteboard: a framework for the programmatic visualization of complex biological analyses
------------------------------------------------------------
PANNZER: high-throughput functional annotation of uncharacterized proteins in an error-prone environment
------------------------------------------------------------
Reference-based compression of short-read sequences using path encoding
------------------------------------------------------------
Analysis of nanopore data using hidden Markov models
------------------------------------------------------------
Similarity-based prediction for Anatomical Therapeutic Chemical classification of drugs by integrating multiple data sources
------------------------------------------------------------
SFA-SPA: a suffix array based short peptide assembler for metagenomic data
------------------------------------------------------------
NetExplore: a web server for modeling small network motifs
------------------------------------------------------------
Dizzy-Beats: a Bayesian evidence analysis tool for systems biology
------------------------------------------------------------
Deterministic identification of specific individuals from GWAS results
------------------------------------------------------------
Cooperative development of logical modelling standards and tools with CoLoMoTo
------------------------------------------------------------
protr/ProtrWeb: R package and web server for generating various numerical representation schemes of protein sequences
------------------------------------------------------------
Context-specific metabolic network reconstruction of a naphthalene-degrading bacterial community guided by metaproteomic data
------------------------------------------------------------
MethylMix: an R package for identifying DNA methylation-driven genes
------------------------------------------------------------
drexplorer: A tool to explore dose-response relationships and drug-drug interactions
------------------------------------------------------------
QTLMiner: QTL database curation by mining tables in literature
------------------------------------------------------------
NLR-parser: rapid annotation of plant NLR complements
------------------------------------------------------------
Combining tree-based and dynamical systems for the inference of gene regulatory networks
------------------------------------------------------------
DDIG-in: detecting disease-causing genetic variations due to frameshifting indels and nonsense mutations employing sequence and structural properties at nucleotide and protein levels
------------------------------------------------------------
The anisotropic network model web server at 2015 (ANM 2.0)
------------------------------------------------------------
Co-expression analysis of high-throughput transcriptome sequencing data with Poisson mixture models
------------------------------------------------------------
PRSice: Polygenic Risk Score software
------------------------------------------------------------
UProC: tools for ultra-fast protein domain classification
------------------------------------------------------------
RRDistMaps: a UCSF Chimera tool for viewing and comparing protein distance maps
------------------------------------------------------------
PrimerDesign-M: a multiple-alignment based multiple-primer design tool for walking across variable genomes
------------------------------------------------------------
MpTheory Java library: a multi-platform Java library for systems biology based on the Metabolic P theory
------------------------------------------------------------
andi: fast and accurate estimation of evolutionary distances between closely related genomes
------------------------------------------------------------
SMARTS: reconstructing disease response networks from multiple individuals using time series gene expression data
------------------------------------------------------------
Lipid-Pro: a computational lipid identification solution for untargeted lipidomics on data-independent acquisition tandem mass spectrometry platforms
------------------------------------------------------------
A bio-inspired computing model for ovarian carcinoma classification and oncogene detection
------------------------------------------------------------
DISSECT: an assignment-free Bayesian discovery method for species delimitation under the multispecies coalescent
------------------------------------------------------------
Efficient searching and annotation of metabolic networks using chemical similarity
------------------------------------------------------------
Single-cell transcriptional analysis to uncover regulatory circuits driving cell fate decisions in early mouse development
------------------------------------------------------------
Multilevel regularized regression for simultaneous taxa selection and network construction with metagenomic count data
------------------------------------------------------------
Hi-Corrector: a fast, scalable and memory-efficient package for normalizing large-scale Hi-C data
------------------------------------------------------------
MeRP: a high-throughput pipeline for Mendelian randomization analysis
------------------------------------------------------------
What handedness and angles between helices has the studied three-helical protein domain?
------------------------------------------------------------
PyFDAP: automated analysis of fluorescence decay after photoconversion (FDAP) experiments
------------------------------------------------------------
Development of a robust classifier for quality control of reverse-phase protein arrays
------------------------------------------------------------
Computational framework for next-generation sequencing of heterogeneous viral populations using combinatorial pooling
------------------------------------------------------------
Detecting time periods of differential gene expression using Gaussian processes: an application to endothelial cells exposed to radiotherapy dose fraction
------------------------------------------------------------
Semantic Body Browser: graphical exploration of an organism and spatially resolved expression data visualization
------------------------------------------------------------
Introducing dAUTObase: a first step towards the global scale geoepidemiology of autoimmune syndromes and diseases
------------------------------------------------------------
Differential regulation enrichment analysis via the integration of transcriptional regulatory network and gene expression data
------------------------------------------------------------
Accurate estimation of haplotype frequency from pooled sequencing data and cost-effective identification of rare haplotype carriers by overlapping pool sequencing
------------------------------------------------------------
A stochastic automaton model for simulating kinesin processivity
------------------------------------------------------------
ExomeAI: detection of recurrent allelic imbalance in tumors using whole-exome sequencing data
------------------------------------------------------------
Visual workflows for 13C-metabolic flux analysis
------------------------------------------------------------
FungiFun2: a comprehensive online resource for systematic analysis of gene lists from fungal species
------------------------------------------------------------
DupliPHY-Web: a web server for DupliPHY and DupliPHY-ML
------------------------------------------------------------
KDDN: an open-source Cytoscape app for constructing differential dependency networks with significant rewiring
------------------------------------------------------------
Curation, integration and visualization of bacterial virulence factors in PATRIC
------------------------------------------------------------
HTSeq--a Python framework to work with high-throughput sequencing data
------------------------------------------------------------
EasyStrata: evaluation and visualization of stratified genome-wide association meta-analysis data
------------------------------------------------------------
PINBPA: cytoscape app for network analysis of GWAS data
------------------------------------------------------------
Comprehensive large-scale assessment of intrinsic protein disorder
------------------------------------------------------------
NAIL, a software toolset for inferring, analyzing and visualizing regulatory networks
------------------------------------------------------------
Proteomic analysis and prediction of human phosphorylation sites in subcellular level reveal subcellular specificity
------------------------------------------------------------
Making novel proteins from pseudogenes
------------------------------------------------------------
PseKNC-General: a cross-platform package for generating various modes of pseudo nucleotide compositions
------------------------------------------------------------
EUROCarbDB(CCRC): a EUROCarbDB node for storing glycomics standard data
------------------------------------------------------------
mod_bio: Apache modules for Next-Generation sequencing data
------------------------------------------------------------
BigDataScript: a scripting language for data pipelines
------------------------------------------------------------
RCSB PDB Mobile: iOS and Android mobile apps to provide data access and visualization to the RCSB Protein Data Bank
------------------------------------------------------------
HiGwas: how to compute longitudinal GWAS data in population designs
------------------------------------------------------------
DeepMSA: constructing deep multiple sequence alignment to improve contact prediction and fold-recognition for distant-homology proteins
------------------------------------------------------------
When a single lineage is not enough: Uncertainty-Aware Tracking for spatio-temporal live-cell image analysis
------------------------------------------------------------
ALTRE: workflow for defining ALTered regulatory elements using chromatin accessibility data
------------------------------------------------------------
Support vector machine model of developmental brain gene expression data for prioritization of Autism risk gene candidates
------------------------------------------------------------
A novel copy number variants kernel association test with application to autism spectrum disorders studies
------------------------------------------------------------
Designing robust watermark barcodes for multiplex long-read sequencing
------------------------------------------------------------
Fitchi: haplotype genealogy graphs based on the Fitch algorithm
------------------------------------------------------------
TiMEx: a waiting time model for mutually exclusive cancer alterations
------------------------------------------------------------
MESA: automated assessment of synthetic DNA fragments and simulation of DNA synthesis, storage, sequencing and PCR errors
------------------------------------------------------------
Supervised learning is an accurate method for network-based gene classification
------------------------------------------------------------
The bioinformatics wealth of nations
------------------------------------------------------------
Breeze: an integrated quality control and data analysis application for high-throughput drug screening
------------------------------------------------------------
SynergyFinder: a web application for analyzing drug combination dose-response matrix data
------------------------------------------------------------
PSORTm: a bacterial and archaeal protein subcellular localization prediction tool for metagenomics data
------------------------------------------------------------
rMSIproc: an R package for mass spectrometry imaging data processing
------------------------------------------------------------
StackCPPred: a stacking and pairwise energy content-based prediction of cell-penetrating peptides and their uptake efficiency
------------------------------------------------------------
Ensemble learning for classifying single-cell data and projection across reference atlases
------------------------------------------------------------
Rhapsody: predicting the pathogenicity of human missense variants
------------------------------------------------------------
Composite Kernel Association Test (CKAT) for SNP-set joint assessment of genotype and genotype-by-treatment interaction in Pharmacogenetics studies
------------------------------------------------------------
Proline: an efficient and user-friendly software suite for large-scale proteomics
------------------------------------------------------------
DIMERBOW: exploring possible GPCR dimer interfaces
------------------------------------------------------------
Nubeam-dedup: a fast and RAM-efficient tool to de-duplicate sequencing reads without mapping
------------------------------------------------------------
Protein-ligand binding residue prediction enhancement through hybrid deep heterogeneous learning of sequence and structure data
------------------------------------------------------------
A unified ILP framework for core ancestral genome reconstruction problems
------------------------------------------------------------
Methplotlib: analysis of modified nucleotides from nanopore sequencing
------------------------------------------------------------
BionoiNet: ligand-binding site classification with off-the-shelf deep neural network
------------------------------------------------------------
Bayesian inference using qualitative observations of underlying continuous variables
------------------------------------------------------------
InterLig: improved ligand-based virtual screening using topologically independent structural alignments
------------------------------------------------------------
FluPhenotype-a one-stop platform for early warnings of the influenza A virus
------------------------------------------------------------
atomium-a Python structure parser
------------------------------------------------------------
DeepHIT: a deep learning framework for prediction of hERG-induced cardiotoxicity
------------------------------------------------------------
Genesis and Gappa: processing, analyzing and visualizing phylogenetic (placement) data
------------------------------------------------------------
GEMtractor: extracting views into genome-scale metabolic models
------------------------------------------------------------
decorate: differential epigenetic correlation test
------------------------------------------------------------
Tempel: time-series mutation prediction of influenza A viruses via attention-based recurrent neural networks
------------------------------------------------------------
Heterogeneous networks integration for disease-gene prioritization with node kernels
------------------------------------------------------------
iPAC: a genome-guided assembler of isoforms via phasing and combing paths
------------------------------------------------------------
Identifying and removing haplotypic duplication in primary genome assemblies
------------------------------------------------------------
Differential network analysis of multiple human tissue interactomes highlights tissue-selective processes and genetic disorder genes
------------------------------------------------------------
Simulating trees with millions of species
------------------------------------------------------------
Curation and annotation of planarian gene expression patterns with segmented reference morphologies
------------------------------------------------------------
LigRMSD: a web server for automatic structure matching and RMSD calculations among identical and similar compounds in protein-ligand docking
------------------------------------------------------------
Interaction screening by Kendall's partial correlation for ultrahigh-dimensional data with survival trait
------------------------------------------------------------
Defining data-driven primary transcript annotations with primaryTranscriptAnnotation in R
------------------------------------------------------------
DeepSimulator1.5: a more powerful, quicker and lighter simulator for Nanopore sequencing
------------------------------------------------------------
cd2sbgnml: bidirectional conversion between CellDesigner and SBGN formats
------------------------------------------------------------
PaSiT: a novel approach based on short-oligonucleotide frequencies for efficient bacterial identification and typing
------------------------------------------------------------
Differential Expression Gene Explorer (DrEdGE): a tool for generating interactive online visualizations of gene expression datasets
------------------------------------------------------------
Application of topic models to a compendium of ChIP-Seq datasets uncovers recurrent transcriptional regulatory modules
------------------------------------------------------------
Bringing data from curated pathway resources to Cytoscape with OmniPath
------------------------------------------------------------
Bioinformatics pipeline using JUDI: Just Do It!
------------------------------------------------------------
ShinyGO: a graphical gene-set enrichment tool for animals and plants
------------------------------------------------------------
A deep learning architecture for metabolic pathway prediction
------------------------------------------------------------
Causal network perturbations for instance-specific analysis of single cell and disease samples
------------------------------------------------------------
AQUA-DUCT 1.0: structural and functional analysis of macromolecules from an intramolecular voids perspective
------------------------------------------------------------
PDEparams: parameter fitting toolbox for partial differential equations in python
------------------------------------------------------------
Using deep learning to associate human genes with age-related diseases
------------------------------------------------------------
Semantic persistence of ambiguous biomedical names in the citation network
------------------------------------------------------------
psSubpathway: a software package for flexible identification of phenotype-specific subpathways in cancer progression
------------------------------------------------------------
ImPLoc: a multi-instance deep learning model for the prediction of protein subcellular localization based on immunohistochemistry images
------------------------------------------------------------
RocaSec: a standalone GUI-based package for robust co-evolutionary analysis of proteins
------------------------------------------------------------
The use of missing values in proteomic data-independent acquisition mass spectrometry to enable disease activity discrimination
------------------------------------------------------------
PyIOmica: longitudinal omics analysis and trend identification
------------------------------------------------------------
Organoid model of mammographic density displays a higher frequency of aberrant colony formations with radiation exposure
------------------------------------------------------------
SCGid: a consensus approach to contig filtering and genome prediction from single-cell sequencing libraries of uncultured eukaryotes
------------------------------------------------------------
CoMM-S2: a collaborative mixed model using summary statistics in transcriptome-wide association studies
------------------------------------------------------------
All-FIT: allele-frequency-based imputation of tumor purity from high-depth sequencing data
------------------------------------------------------------
Easy-HLA: a validated web application suite to reveal the full details of HLA typing
------------------------------------------------------------
HypercubeME: two hundred million combinatorially complete datasets from a single experiment
------------------------------------------------------------
Link-HD: a versatile framework to explore and integrate heterogeneous microbial communities
------------------------------------------------------------
SBML2Modelica: integrating biochemical models within open-standard simulation ecosystems
------------------------------------------------------------
Cross-lingual semantic annotation of biomedical literature: experiments in Spanish and English
------------------------------------------------------------
GTDB-Tk: a toolkit to classify genomes with the Genome Taxonomy Database
------------------------------------------------------------
ProAffiMuSeq: sequence-based method to predict the binding free energy change of protein-protein complexes upon mutation using functional classification
------------------------------------------------------------
Diversity of rhodopsins in cultivated bacteria of the family Geodermatophilaceae associated with non-aquatic environments
------------------------------------------------------------
Estimation of Eosinophil Cells in Cord Blood with References Based on Blood in Adults via Bayesian Measurement Error Modeling
------------------------------------------------------------
EpiDISH web server: Epigenetic Dissection of Intra-Sample-Heterogeneity with online GUI
------------------------------------------------------------
DrawGlycan-SNFG & gpAnnotate: Rendering glycans and annotating glycopeptide mass spectra
------------------------------------------------------------
BAGSE: a Bayesian hierarchical model approach for gene set enrichment analysis
------------------------------------------------------------
DiNGO: standalone application for Gene Ontology and Human Phenotype Ontology term enrichment analysis
------------------------------------------------------------
HiCBricks: building blocks for efficient handling of large Hi-C datasets
------------------------------------------------------------
The evolution of contact prediction: evidence that contact selection in statistical contact prediction is changing
------------------------------------------------------------
Taxonomic weighting improves the accuracy of a gap-filling algorithm for metabolic models
------------------------------------------------------------
OLOGRAM: Determining significance of total overlap length between genomic regions sets
------------------------------------------------------------
Enzyme annotation in UniProtKB using Rhea
------------------------------------------------------------
Kalign 3: multiple sequence alignment of large data sets
------------------------------------------------------------
Bayesian GWAS with Structured and Non-Local Priors
------------------------------------------------------------
MIAmS: microsatellite instability detection on NGS amplicons data
------------------------------------------------------------
gep2pep: a Bioconductor package for the creation and analysis of pathway-based expression profiles
------------------------------------------------------------
3D flow field estimation and assessment for live cell fluorescence microscopy
------------------------------------------------------------
Inferring subgroup-specific driver genes from heterogeneous cancer samples via subspace learning with subgroup indication
------------------------------------------------------------
[ERROR] unknown error for print this text
------------------------------------------------------------
Computationally predicted gene regulatory networks in molluscan biomineralization identify extracellular matrix production and ion transportation pathways
------------------------------------------------------------
dbInDel: a database of enhancer-associated insertion and deletion variants by analysis of H3K27ac ChIP-Seq
------------------------------------------------------------
Cancer classification of single-cell gene expression data by neural network
------------------------------------------------------------
Expectation pooling: an effective and interpretable pooling method for predicting DNA-protein binding
------------------------------------------------------------
Single-sample landscape entropy reveals the imminent phase transition during disease progression
------------------------------------------------------------
ErrorTracer: an algorithm for identifying the origins of inconsistencies in genome-scale metabolic models
------------------------------------------------------------
Identifying enhancer-promoter interactions with neural network based on pre-trained DNA vectors and attention mechanism
------------------------------------------------------------
EvoEF2: accurate and fast energy function for computational protein design
------------------------------------------------------------
Meltos: multi-sample tumor phylogeny reconstruction for structural variants
------------------------------------------------------------
SCSsim: an integrated tool for simulating single-cell genome sequencing data
------------------------------------------------------------
Evaluation of bottom-up and top-down mass spectrum identifications with different customized protein sequences databases
------------------------------------------------------------
DeepCleave: a deep learning predictor for caspase and matrix metalloprotease substrates and cleavage sites
------------------------------------------------------------
EpiGraph: an open-source platform to quantify epithelial organization
------------------------------------------------------------
Subtype-specific transcriptional regulators in breast tumors subjected to genetic and epigenetic alterations
------------------------------------------------------------
Efficient haplotype matching between a query and a panel for genealogical search
------------------------------------------------------------
Collaborative intra-tumor heterogeneity detection
------------------------------------------------------------
A joint method for marker-free alignment of tilt series in electron tomography
------------------------------------------------------------
TreeMerge: a new method for improving the scalability of species tree estimation methods
------------------------------------------------------------
Locality-sensitive hashing for the edit distance
------------------------------------------------------------
NPS: scoring and evaluating the statistical significance of peptidic natural product-spectrum matches
------------------------------------------------------------
Predicting drug-induced transcriptome responses of a wide range of human cell lines by a novel tensor-train decomposition algorithm
------------------------------------------------------------
Comprehensive evaluation of transcriptome-based cell-type quantification methods for immuno-oncology
------------------------------------------------------------
Summarizing the solution space in tumor phylogeny inference by multiple consensus trees
------------------------------------------------------------
Integrating regulatory DNA sequence and gene expression to predict genome-wide chromatin accessibility across cellular contexts
------------------------------------------------------------
DeepLigand: accurate prediction of MHC class I ligands using peptide embedding
------------------------------------------------------------
Controlling large Boolean networks with single-step perturbations
------------------------------------------------------------
Model-based optimization of subgroup weights for survival analysis
------------------------------------------------------------
Modeling clinical and molecular covariates of mutational process activity in cancer
------------------------------------------------------------
Accurate and efficient cell lineage tree inference from noisy single cell data: the maximum likelihood perfect phylogeny approach
------------------------------------------------------------
Association rule mining to identify transcription factor interactions in genomic regions
------------------------------------------------------------
Semi-blind sparse affine spectral unmixing of autofluorescence-contaminated micrographs
------------------------------------------------------------
Gene relevance based on multiple evidences in complex networks
------------------------------------------------------------
Accurate estimation of microbial sequence diversity with Distanced
------------------------------------------------------------
Partition: a surjective mapping approach for dimensionality reduction
------------------------------------------------------------
NACHO: an R package for quality control of NanoString nCounter data
------------------------------------------------------------
miComplete: weighted quality evaluation of assembled microbial genomes
------------------------------------------------------------
Knot_pull-python package for biopolymer smoothing and knot detection
------------------------------------------------------------
Spectrum: fast density-aware spectral clustering for single and multi-omic data
------------------------------------------------------------
CRDS: Consensus Reverse Docking System for target fishing
------------------------------------------------------------
Multi-scale structural analysis of proteins by deep semantic segmentation
------------------------------------------------------------
AntiHIV-Pred: web-resource for in silico prediction of anti-HIV/AIDS activity
------------------------------------------------------------
EPIP: a novel approach for condition-specific enhancer-promoter interaction prediction
------------------------------------------------------------
Using multiple measurements of tissue to estimate subject- and cell-type-specific gene expression
------------------------------------------------------------
MsPAC: a tool for haplotype-phased structural variant detection
------------------------------------------------------------
PeNGaRoo, a combined gradient boosting and ensemble learning framework for predicting non-classical secreted proteins
------------------------------------------------------------
Genome-phenome explorer (GePhEx): a tool for the visualization and interpretation of phenotypic relationships supported by genetic evidence
------------------------------------------------------------
Protein Homeostasis Database: protein quality control in E.coli
------------------------------------------------------------
Context awareness and embedding for biomedical event extraction
------------------------------------------------------------
CNVRanger: association analysis of CNVs with gene expression and quantitative phenotypes
------------------------------------------------------------
Nanopype: a modular and scalable nanopore data processing pipeline
------------------------------------------------------------
ECHO: an application for detection and analysis of oscillators identifies metabolic regulation on genome-wide circadian output
------------------------------------------------------------
PyRanges: efficient comparison of genomic intervals in Python
------------------------------------------------------------
ArtiFuse-computational validation of fusion gene detection tools without relying on simulated reads
------------------------------------------------------------
Non-parametric individual treatment effect estimation for survival data with random forests
------------------------------------------------------------
Discovering protein drug targets using knowledge graph embeddings
------------------------------------------------------------
Bayesian estimation of genetic regulatory effects in high-throughput reporter assays
------------------------------------------------------------
PyMethylProcess-convenient high-throughput preprocessing workflow for DNA methylation data
------------------------------------------------------------
geneCo: a visualized comparative genomic method to analyze multiple genome structures
------------------------------------------------------------
Towards accurate high-throughput ligand affinity prediction by exploiting structural ensembles, docking metrics and ligand similarity
------------------------------------------------------------
amplimap: a versatile tool to process and analyze targeted NGS data
------------------------------------------------------------
Bayesian inference of distributed time delay in transcriptional and translational regulation
------------------------------------------------------------
MetaBMF: a scalable binning algorithm for large-scale reference-free metagenomic studies
------------------------------------------------------------
DR-SIP: protocols for higher order structure modeling with distance restraints- and cyclic symmetry-imposed packing
------------------------------------------------------------
GSMA: an approach to identify robust global and test Gene Signatures using Meta-Analysis
------------------------------------------------------------
QPARSE: searching for long-looped or multimeric G-quadruplexes potentially distinctive and druggable
------------------------------------------------------------
PgpRules: a decision tree based prediction server for P-glycoprotein substrates and inhibitors
------------------------------------------------------------
DeePaC: predicting pathogenic potential of novel DNA with reverse-complement neural networks
------------------------------------------------------------
Cooler: scalable storage for Hi-C data and other genomically labeled arrays
------------------------------------------------------------
CytoGPS: a web-enabled karyotype analysis tool for cytogenetics
------------------------------------------------------------
The NEW ESID online database network
------------------------------------------------------------
Modelling cancer progression using Mutual Hazard Networks
------------------------------------------------------------
Comprehensive study of the exposome and omic data using rexposome Bioconductor Packages
------------------------------------------------------------
MiTPeptideDB: a proteogenomic resource for the discovery of novel peptides
------------------------------------------------------------
MaNGA: a novel multi-niche multi-objective genetic algorithm for QSAR modelling
------------------------------------------------------------
CaPSSA: visual evaluation of cancer biomarker genes for patient stratification and survival analysis using mutation and expression data
------------------------------------------------------------
Deep learning on chaos game representation for proteins
------------------------------------------------------------
DepLogo: visualizing sequence dependencies in R
------------------------------------------------------------
Sequencing data discovery with MetaSeek
------------------------------------------------------------
Compositional data network analysis via lasso penalized D-trace loss
------------------------------------------------------------
Estimation of population genetic parameters using an EM algorithm and sequence data from experimental evolution populations
------------------------------------------------------------
Reversible jump MCMC for multi-model inference in Metabolic Flux Analysis
------------------------------------------------------------
PatientExploreR: an extensible application for dynamic visualization of patient clinical history from electronic health records in the OMOP common data model
------------------------------------------------------------
iScore: a novel graph kernel-based function for scoring protein-protein docking models
------------------------------------------------------------
GMSimpute: a generalized two-step Lasso approach to impute missing values in label-free mass spectrum analysis
------------------------------------------------------------
SIGN: similarity identification in gene expression
------------------------------------------------------------
BAMixChecker: an automated checkup tool for matched sample pairs in NGS cohort
------------------------------------------------------------
iTUPA: an online automated application to perform Topographic-Unit Parsimony Analysis
------------------------------------------------------------
VarMap: a web tool for mapping genomic coordinates to protein sequence and structure and retrieving protein structural annotations
------------------------------------------------------------
Graphlet Laplacians for topology-function and topology-disease relationships
------------------------------------------------------------
Protein contact prediction using metagenome sequence data and residual neural networks
------------------------------------------------------------
DepthFinder: a tool to determine the optimal read depth for reduced-representation sequencing
------------------------------------------------------------
New algorithms for detecting multi-effect and multi-way epistatic interactions
------------------------------------------------------------
WDSPdb: an updated resource for WD40 proteins
------------------------------------------------------------
Inferring clonal heterogeneity in cancer using SNP arrays and whole genome sequencing
------------------------------------------------------------
Full-length de novo viral quasispecies assembly through variation graph construction
------------------------------------------------------------
ExpansionHunter: a sequence-graph-based tool to analyze variation in short tandem repeat regions
------------------------------------------------------------
snakePipes: facilitating flexible, scalable and integrative epigenomic analysis
------------------------------------------------------------
Joint detection of germline and somatic copy number events in matched tumor-normal sample pairs
------------------------------------------------------------
ACME: pan-specific peptide-MHC class I binding prediction through attention-based deep neural networks
------------------------------------------------------------
Statistical test of structured continuous trees based on discordance matrix
------------------------------------------------------------
SeRenDIP: SEquential REmasteriNg to DerIve profiles for fast and accurate predictions of PPI interface positions
------------------------------------------------------------
simuG: a general-purpose genome simulator
------------------------------------------------------------
ARMBIS: accurate and robust matching of brain image sequences from multiple modal imaging techniques
------------------------------------------------------------
PathFXweb: a web application for identifying drug safety and efficacy phenotypes
------------------------------------------------------------
TPES: tumor purity estimation from SNVs
------------------------------------------------------------
YeastSpotter: accurate and parameter-free web segmentation for microscopy images of yeast cells
------------------------------------------------------------
Hayai-Annotation Plants: an ultra-fast and comprehensive functional gene annotation system in plants
------------------------------------------------------------
Is the Bombali virus pathogenic in humans?
------------------------------------------------------------
Variant Score Ranker-a web application for intuitive missense variant prioritization
------------------------------------------------------------
Entrezpy: a Python library to dynamically interact with the NCBI Entrez databases
------------------------------------------------------------
SPLATCHE3: simulation of serial genetic data under spatially explicit evolutionary scenarios including long-distance dispersal
------------------------------------------------------------
MINERVA API and plugins: opening molecular network analysis and visualization to the community
------------------------------------------------------------
INDRA-IPM: interactive pathway modeling using natural language with automated assembly
------------------------------------------------------------
sbgntikz-a TikZ library to draw SBGN maps
------------------------------------------------------------
RAxML-NG: a fast, scalable and user-friendly tool for maximum likelihood phylogenetic inference
------------------------------------------------------------
ResPRE: high-accuracy protein contact prediction by coupling precision matrix with deep residual neural networks
------------------------------------------------------------
Predicted dynamical couplings of protein residues characterize catalysis, transport and allostery
------------------------------------------------------------
BHap: a novel approach for bacterial haplotype reconstruction
------------------------------------------------------------
VCPA: genomic variant calling pipeline and data management tool for Alzheimer's Disease Sequencing Project
------------------------------------------------------------
Evolution of biosequence search algorithms: a brief survey
------------------------------------------------------------
Hybrid analysis of gene dynamics predicts context-specific expression and offers regulatory insights
------------------------------------------------------------
Discovering novel mutation signatures by latent Dirichlet allocation with variational Bayes inference
------------------------------------------------------------
Identifying centromeric satellites with dna-brnn
------------------------------------------------------------
ASICS: an R package for a whole analysis workflow of 1D 1H NMR spectra
------------------------------------------------------------
TeraPCA: a fast and scalable software package to study genetic variation in tera-scale genotypes
------------------------------------------------------------
Figure and caption extraction from biomedical documents
------------------------------------------------------------
Structural variant analysis for linked-read sequencing data with gemtools
------------------------------------------------------------
FusionLearn: a biomarker selection algorithm on cross-platform data
------------------------------------------------------------
Simultaneous clustering of multiview biomedical data using manifold optimization
------------------------------------------------------------
PgpRules: a decision tree based prediction server for P-glycoprotein substrates and inhibitors
------------------------------------------------------------
GenomeWarp: an alignment-based variant coordinate transformation
------------------------------------------------------------
SPRINT-Gly: predicting N- and O-linked glycosylation sites of human and mouse proteins by using sequence and predicted structural properties
------------------------------------------------------------
TISIDB: an integrated repository portal for tumor-immune system interactions
------------------------------------------------------------
ngsLD: evaluating linkage disequilibrium using genotype likelihoods
------------------------------------------------------------
Health assistant: answering your questions anytime from biomedical literature
------------------------------------------------------------
Bigmelon: tools for analysing large DNA methylation datasets
------------------------------------------------------------
ST viewer: a tool for analysis and visualization of spatial transcriptomics datasets
------------------------------------------------------------
Significance tests for analyzing gene expression data with small sample sizes
------------------------------------------------------------
Classical scoring functions for docking are unable to exploit large volumes of structural and interaction data
------------------------------------------------------------
SodaPop: a forward simulation suite for the evolutionary dynamics of asexual populations on protein fitness landscapes
------------------------------------------------------------
Probabilistic count matrix factorization for single cell expression data analysis
------------------------------------------------------------
Drug repositioning through integration of prior knowledge and projections of drugs and diseases
------------------------------------------------------------
Using association signal annotations to boost similarity network fusion
------------------------------------------------------------
Using local alignment to enhance single-cell bisulfite sequencing data efficiency
------------------------------------------------------------
Brain annotation toolbox: exploring the functional and genetic associations of neuroimaging results
------------------------------------------------------------
Response envelope analysis for quantitative evaluation of drug combinations
------------------------------------------------------------
ppsPCP: a plant presence/absence variants scanner and pan-genome construction pipeline
------------------------------------------------------------
Interoperable and scalable data analysis with microservices: applications in metabolomics
------------------------------------------------------------
Integration of methylation QTL and enhancer-target gene maps with schizophrenia GWAS summary results identifies novel genes
------------------------------------------------------------
A Gaussian process model and Bayesian variable selection for mapping function-valued quantitative traits with incomplete phenotypic data
------------------------------------------------------------
PhenoPro: a novel toolkit for assisting in the diagnosis of Mendelian disease
------------------------------------------------------------
aphid: an R package for analysis with profile hidden Markov models
------------------------------------------------------------
NFPws: a web server for delineating broadly neutralizing antibody specificities from serum HIV-1 neutralization data
------------------------------------------------------------
VHost-Classifier: virus-host classification using natural language processing
------------------------------------------------------------
DECO: decompose heterogeneous population cohorts for patient stratification and discovery of sample biomarkers using omic data profiling
------------------------------------------------------------
Destin: toolkit for single-cell analysis of chromatin accessibility
------------------------------------------------------------
SpaRC: scalable sequence clustering using Apache Spark
------------------------------------------------------------
QuantiNemo 2: a Swiss knife to simulate complex demographic and genetic scenarios, forward and backward in time
------------------------------------------------------------
PANDA: A comprehensive and flexible tool for quantitative proteomics data analysis
------------------------------------------------------------
BioMethyl: an R package for biological interpretation of DNA methylation data
------------------------------------------------------------
Anduril 2: upgraded large-scale data integration framework
------------------------------------------------------------
ST-Steiner: a spatio-temporal gene discovery algorithm
------------------------------------------------------------
Finding enzyme cofactors in Protein Data Bank
------------------------------------------------------------
Comparison of six breast cancer classifiers using qPCR
------------------------------------------------------------
rMETL: sensitive mobile element insertion detection with long read realignment
------------------------------------------------------------
mCSEA: detecting subtle differentially methylated regions
------------------------------------------------------------
Expanded functionality, increased accuracy, and enhanced speed in the de novo genotyping-by-sequencing pipeline GBS-SNP-CROP
------------------------------------------------------------
Two-Tier Mapper, an unbiased topology-based clustering method for enhanced global gene expression analysis
------------------------------------------------------------
Biological sequence modeling with convolutional kernel networks
------------------------------------------------------------
Classifying tumors by supervised network propagation
------------------------------------------------------------
Multispectral tracing in densely labeled mouse brain with nTracer
------------------------------------------------------------
Predicting the optimal growth temperatures of prokaryotes using only genome derived features
------------------------------------------------------------
Tracing the ancestry of operons in bacteria
------------------------------------------------------------
Varanto: variant enrichment analysis and annotation
------------------------------------------------------------
multiHiCcompare: joint normalization and comparative analysis of complex Hi-C experiments
------------------------------------------------------------
SMARTCyp 3.0: enhanced cytochrome P450 site-of-metabolism prediction server
------------------------------------------------------------
Ordino: a visual cancer analysis tool for ranking and exploring genes, cell lines and tissue samples
------------------------------------------------------------
METACLUSTER-an R package for context-specific expression analysis of metabolic gene clusters
------------------------------------------------------------
Flux tope analysis: studying the coordination of reaction directions in metabolic networks
------------------------------------------------------------
Characterizing and ranking computed metabolic engineering strategies
------------------------------------------------------------
SMuRF: portable and accurate ensemble prediction of somatic mutations
------------------------------------------------------------
A simple convolutional neural network for prediction of enhancer-promoter interactions with DNA sequence data
------------------------------------------------------------
Deuteros: software for rapid analysis and visualization of data from differential hydrogen deuterium exchange-mass spectrometry
------------------------------------------------------------
Statistical force-field for structural modeling using chemical cross-linking/mass spectrometry distance constraints
------------------------------------------------------------
i6mA-Pred: identifying DNA N6-methyladenine sites in the rice genome
------------------------------------------------------------
polyDFEv2.0: testing for invariance of the distribution of fitness effects within and across species
------------------------------------------------------------
The COP9 signalosome influences the epigenetic landscape of Arabidopsis thaliana
------------------------------------------------------------
Multiview: a software package for multiview pattern recognition methods
------------------------------------------------------------
poreTally: run and publish de novo nanopore assembler benchmarks
------------------------------------------------------------
PINSPlus: a tool for tumor subtype discovery in integrated genomic data
------------------------------------------------------------
TriPOINT: a software tool to prioritize important genes in pathways and their non-coding regulators
------------------------------------------------------------
Pathogen-Host Analysis Tool (PHAT): an integrative platform to analyze next-generation sequencing data
------------------------------------------------------------
ShinyCNV: a Shiny/R application to view and annotate DNA copy number variations
------------------------------------------------------------
Database of evidence for precision oncology portal
------------------------------------------------------------
pyseer: a comprehensive tool for microbial pangenome-wide association studies
------------------------------------------------------------
A novel measure of non-coding genome conservation identifies genomic regulatory blocks within primates
------------------------------------------------------------
Histones predate the split between bacteria and archaea
------------------------------------------------------------
Protein-protein interaction sites prediction by ensemble random forests with synthetic minority oversampling technique
------------------------------------------------------------
In silico error correction improves cfDNA mutation calling
------------------------------------------------------------
iHam and pyHam: visualizing and processing hierarchical orthologous groups
------------------------------------------------------------
GUESS: projecting machine learning scores to well-calibrated probability estimates for clinical decision-making
------------------------------------------------------------
Genome-wide search of nucleosome patterns using visual analytics
------------------------------------------------------------
BlendMol: advanced macromolecular visualization in Blender
------------------------------------------------------------
PhastWeb: a web interface for evolutionary conservation scoring of multiple sequence alignments using phastCons and phyloP
------------------------------------------------------------
RT States: systematic annotation of the human genome using cell type-specific replication timing programs
------------------------------------------------------------
The Microbiome Modeling Toolbox: from microbial interactions to personalized microbial communities
------------------------------------------------------------
Condition-specific series of metabolic sub-networks and its application for gene set enrichment analysis
------------------------------------------------------------
GRNBoost2 and Arboreto: efficient and scalable inference of gene regulatory networks
------------------------------------------------------------
Protein pocket detection via convex hull surface evolution and associated Reeb graph
------------------------------------------------------------
ECCB 2018: The 17th European Conference on Computational Biology
------------------------------------------------------------
FLYCOP: metabolic modeling-based analysis and engineering microbial communities
------------------------------------------------------------
ECCB 2018 Organization
------------------------------------------------------------
A fast adaptive algorithm for computing whole-genome homology maps
------------------------------------------------------------
Insights on the alteration of functionality of a tyrosine kinase 2 variant: a molecular dynamics study
------------------------------------------------------------
CNEFinder: finding conserved non-coding elements in genomes
------------------------------------------------------------
Hierarchical HotNet: identifying hierarchies of altered subnetworks
------------------------------------------------------------
Learning structural motif representations for efficient protein structure search
------------------------------------------------------------
Liquid-chromatography retention order prediction for metabolite identification
------------------------------------------------------------
Semantic Disease Gene Embeddings (SmuDGE): phenotype-based disease gene prioritization without phenotypes
------------------------------------------------------------
DeepDiff: DEEP-learning for predicting DIFFerential gene expression from histone modifications
------------------------------------------------------------
Comparative Network Reconstruction using mixed integer programming
------------------------------------------------------------
Computational enhancement of single-cell sequences for inferring tumor evolution
------------------------------------------------------------
Prioritising candidate genes causing QTL using hierarchical orthologous groups
------------------------------------------------------------
Identifying antimicrobial peptides using word embedding with deep recurrent neural networks
------------------------------------------------------------
MAGpy: a reproducible pipeline for the downstream analysis of metagenome-assembled genomes (MAGs)
------------------------------------------------------------
Pan-genomic analysis provides novel insights into the association of E.coli with human host and its minimal genome
------------------------------------------------------------
Clusterdv: a simple density-based clustering method that is robust, general and automatic
------------------------------------------------------------
High efficiency referential genome compression algorithm
------------------------------------------------------------
Whisper: read sorting allows robust mapping of DNA sequencing data
------------------------------------------------------------
BacPaCS-Bacterial Pathogenicity Classification via Sparse-SVM
------------------------------------------------------------
Index suffix-prefix overlaps by (w, k)-minimizer to generate long contigs for reads compression
------------------------------------------------------------
FAVITES: simultaneous simulation of transmission networks, phylogenetic trees and sequences
------------------------------------------------------------
SJARACNe: a scalable software tool for gene network reverse engineering from big data
------------------------------------------------------------
Bastion3: a two-layer ensemble predictor of type III secreted effectors
------------------------------------------------------------
A framework for identifying dysregulated chromatin regulators as master regulators in human cancer
------------------------------------------------------------
Flexible design of multiple metagenomics classification pipelines with UGENE
------------------------------------------------------------
Clustermatch: discovering hidden relations in highly diverse kinds of qualitative and quantitative data without standardization
------------------------------------------------------------
Disease gene identification based on generic and disease-specific genome networks
------------------------------------------------------------
A natural upper bound to the accuracy of predicting protein stability changes upon mutations
------------------------------------------------------------
Thalia: semantic search engine for biomedical abstracts
------------------------------------------------------------
farPPI: a webserver for accurate prediction of protein-ligand binding structures for small-molecule PPI inhibitors by MM/PB(GB)SA methods
------------------------------------------------------------
ABC random forests for Bayesian parameter inference
------------------------------------------------------------
ParGenes: a tool for massively parallel model selection and phylogenetic tree inference on thousands of genes
------------------------------------------------------------
A global transcriptomic pipeline decoding core network of genes involved in stages leading to acquisition of drug-resistance to cisplatin in osteosarcoma cells
------------------------------------------------------------
The EVcouplings Python framework for coevolutionary sequence analysis
------------------------------------------------------------
LION LBD: a literature-based discovery system for cancer biology
------------------------------------------------------------
VIRULIGN: fast codon-correct alignment and annotation of viral genomes
------------------------------------------------------------
CIRCOAST: a statistical hypothesis test for cellular colocalization with network structures
------------------------------------------------------------
SemGen: a tool for semantics-based annotation and composition of biosimulation models
------------------------------------------------------------
RMTL: an R library for multi-task learning
------------------------------------------------------------
A systematic method for surveying data visualizations and a resulting genomic epidemiology visualization typology: GEViT
------------------------------------------------------------
A framework and an algorithm to detect low-abundance DNA by a handy sequencer and a palm-sized computer
------------------------------------------------------------
Powerful and efficient SNP-set association tests across multiple phenotypes using GWAS summary data
------------------------------------------------------------
Parkour LIMS: high-quality sample preparation in next generation sequencing
------------------------------------------------------------
BhGLM: Bayesian hierarchical GLMs and survival models, with applications to genomics and epidemiology
------------------------------------------------------------
In vitro versus in vivo compositional landscapes of histone sequence preferences in eucaryotic genomes
------------------------------------------------------------
Dante: genotyping of known complex and expanded short tandem repeats
------------------------------------------------------------
Filtering and inference for stochastic oscillators with distributed delays
------------------------------------------------------------
Development of a protein-ligand extended connectivity (PLEC) fingerprint and its application for binding affinity predictions
------------------------------------------------------------
Mixed graphical models for integrative causal analysis with application to chronic lung disease diagnosis and prognosis
------------------------------------------------------------
Phylogenetic approaches to identifying fragments of the same gene, with application to the wheat genome
------------------------------------------------------------
Glutton: a tool for generating structural ensembles of partly disordered proteins from chemical shifts
------------------------------------------------------------
AGILE: an assembled genome mining pipeline
------------------------------------------------------------
metaGraphite-a new layer of pathway annotation to get metabolite networks
------------------------------------------------------------
PDV: an integrative proteomics data viewer
------------------------------------------------------------
PhysiBoSS: a multi-scale agent-based modelling framework integrating physical dimension and cell signalling
------------------------------------------------------------
Protease target prediction via matrix factorization
------------------------------------------------------------
checkMyIndex: a web-based R/Shiny interface for choosing compatible sequencing indexes
------------------------------------------------------------
PolyQTL: Bayesian multiple eQTL detection with control for population structure and sample relatedness
------------------------------------------------------------
Phylo-PFP: improved automated protein function prediction using phylogenetic distance of distantly related sequences
------------------------------------------------------------
AncestryView: data-driven visualization of whole-genome local-ancestry
------------------------------------------------------------
admetSAR 2.0: web-service for prediction and optimization of chemical ADMET properties
------------------------------------------------------------
The Distance Precision Matrix: computing networks from non-linear relationships
------------------------------------------------------------
Parallel clustering of single cell transcriptomic data with split-merge sampling on Dirichlet process mixtures
------------------------------------------------------------
ISDB: a database toolkit for storing and analyzing viral integration site data
------------------------------------------------------------
Genome Detective: an automated system for virus identification from high-throughput sequencing data
------------------------------------------------------------
CharGer: clinical Characterization of Germline variants
------------------------------------------------------------
Cell membrane proteins with high N-glycosylation, high expression and multiple interaction partners are preferred by mammalian viruses as receptors
------------------------------------------------------------
PrimedRPA: primer design for recombinase polymerase amplification assays
------------------------------------------------------------
A powerful conditional gene-based association approach implicated functionally important genes for schizophrenia
------------------------------------------------------------
LipidFinder on LIPID MAPS: peak filtering, MS searching and statistical analysis for lipidomics
------------------------------------------------------------
MIPUP: minimum perfect unmixed phylogenies for multi-sampled tumors via branchings and ILP
------------------------------------------------------------
Processing of big heterogeneous genomic datasets for tertiary analysis of Next Generation Sequencing data
------------------------------------------------------------
CABS-flex standalone: a simulation environment for fast modeling of protein flexibility
------------------------------------------------------------
KEDDY: a knowledge-based statistical gene set test method to detect differential functional protein-protein interactions
------------------------------------------------------------
VisioProt-MS: interactive 2D maps from intact protein mass spectrometry
------------------------------------------------------------
Effusion: prediction of protein function from sequence similarity networks
------------------------------------------------------------
copMEM: finding maximal exact matches via sampling both genomes
------------------------------------------------------------
zfRegeneration: a database for gene expression profiling during regeneration
------------------------------------------------------------
4mCPred: machine learning methods for DNA N4-methylcytosine sites prediction
------------------------------------------------------------
Distinguishing prognostic and predictive biomarkers: an information theoretic approach
------------------------------------------------------------
MinIONQC: fast and simple quality control for MinION sequencing data
------------------------------------------------------------
Re-identification of individuals in genomic data-sharing beacons via allele inference
------------------------------------------------------------
SonicParanoid: fast, accurate and easy orthology inference
------------------------------------------------------------
Toward fast and accurate SNP genotyping from whole genome sequencing data for bedside diagnostics
------------------------------------------------------------
Random walk with restart on multiplex and heterogeneous biological networks
------------------------------------------------------------
Dynamic compression schemes for graph coloring
------------------------------------------------------------
ACDtool: a web-server for the generic analysis of large data sets of counts
------------------------------------------------------------
Kinome-wide identification of phosphorylation networks in eukaryotic proteomes
------------------------------------------------------------
Simulating Illumina metagenomic data with InSilicoSeq
------------------------------------------------------------
pLoc_bal-mAnimal: predict subcellular localization of animal proteins by balancing training dataset and PseAAC
------------------------------------------------------------
Comparative assessment of different familial aggregation methods in the context of large and unstructured pedigrees
------------------------------------------------------------
DMCM: a Data-adaptive Mutation Clustering Method to identify cancer-related mutation clusters
------------------------------------------------------------
SPUTNIK: an R package for filtering of spatially related peaks in mass spectrometry imaging data
------------------------------------------------------------
CoMSA: compression of protein multiple sequence alignment files
------------------------------------------------------------
BrainImageR: spatiotemporal gene set analysis referencing the human brain
------------------------------------------------------------
Kmer-db: instant evolutionary distance estimation
------------------------------------------------------------
BrainEXP: a database featuring with spatiotemporal expression variations and co-expression organizations in human brains
------------------------------------------------------------
Differential coexpression in human tissues and the confounding effect of mean expression levels
------------------------------------------------------------
LONGO: an R package for interactive gene length dependent analysis for neuronal identity
------------------------------------------------------------
Accurate prediction of orthologs in the presence of divergence after duplication
------------------------------------------------------------
Haplotype phasing in single-cell DNA-sequencing data
------------------------------------------------------------
SIMPLE: Sparse Interaction Model over Peaks of moLEcules for fast, interpretable metabolite identification from tandem mass spectra
------------------------------------------------------------
An evolutionary model motivated by physicochemical properties of amino acids reveals variation among proteins
------------------------------------------------------------
Driver gene mutations based clustering of tumors: methods and applications
------------------------------------------------------------
Asymptotically optimal minimizers schemes
------------------------------------------------------------
AnoniMME: bringing anonymity to the Matchmaker Exchange platform for rare disease gene discovery
------------------------------------------------------------
Optimization and profile calculation of ODE models using second order adjoint sensitivity analysis
------------------------------------------------------------
Enumerating consistent sub-graphs of directed acyclic graphs: an insight into biomedical ontologies
------------------------------------------------------------
Improving genomics-based predictions for precision medicine through active elicitation of expert knowledge
------------------------------------------------------------
A pan-genome-based machine learning approach for predicting antimicrobial resistance activities of the Escherichia coli strains
------------------------------------------------------------
Gene prioritization using Bayesian matrix factorization with genomic and phenotypic side information
------------------------------------------------------------
DeepFam: deep learning based alignment-free method for protein family modeling and prediction
------------------------------------------------------------
MARSI: metabolite analogues for rational strain improvement
------------------------------------------------------------
Quokka: a comprehensive tool for rapid and accurate prediction of kinase family-specific phosphorylation sites in the human proteome
------------------------------------------------------------
Tightly integrated genomic and epigenomic data mining using tensor decomposition
------------------------------------------------------------
Reverse-engineering flow-cytometry gating strategies for phenotypic labelling and high-performance cell sorting
------------------------------------------------------------
PASTA for proteins
------------------------------------------------------------
Accurate prediction of protein contact maps by coupling residual two-dimensional bidirectional long short-term memory with convolutional neural networks
------------------------------------------------------------
SONiCS: PCR stutter noise correction in genome-scale microsatellites
------------------------------------------------------------
Grimon: graphical interface to visualize multi-omics networks
------------------------------------------------------------
3DPatch: fast 3D structure visualization with residue conservation
------------------------------------------------------------
Operon-mapper: a web server for precise operon identification in bacterial and archaeal genomes
------------------------------------------------------------
Modelling signalling networks from perturbation data
------------------------------------------------------------
The ancestral KH peptide at the root of a domain family with three different folds
------------------------------------------------------------
In silico read normalization using set multi-cover optimization
------------------------------------------------------------
GlycoStore: a database of retention properties for glycan analysis
------------------------------------------------------------
Spatial quantification of the synaptic activity phenotype across large populations of neurons with Markov random fields
------------------------------------------------------------
Message from the ISCB: 2018 ISCB Accomplishments by a Senior Scientist Award
------------------------------------------------------------
PREQUAL: detecting non-homologous characters in sets of unaligned homologous sequences
------------------------------------------------------------
The Rényi divergence enables accurate and precise cluster analysis for localization microscopy
------------------------------------------------------------
2018 ISCB Innovator Award recognizes M. Madan Babu
------------------------------------------------------------
A graph-embedded deep feedforward network for disease outcome classification and feature selection using gene expression data
------------------------------------------------------------
NGL viewer: web-based molecular graphics for large complexes
------------------------------------------------------------
Bio-knowledge-based filters improve residue-residue contact prediction accuracy
------------------------------------------------------------
mEBT: multiple-matching evidence-based translator of murine genomic responses for human immunity studies
------------------------------------------------------------
EBIC: an evolutionary-based parallel biclustering algorithm for pattern discovery
------------------------------------------------------------
Exploring drug space with ChemMaps.com
------------------------------------------------------------
GSCALite: a web server for gene set cancer analysis
------------------------------------------------------------
Snakemake-a scalable bioinformatics workflow engine
------------------------------------------------------------
FlexiDot: highly customizable, ambiguity-aware dotplots for visual sequence analyses
------------------------------------------------------------
Indexed variation graphs for efficient and accurate resistome profiling
------------------------------------------------------------
TimeXNet Web: identifying cellular response networks from diverse omics time-course data
------------------------------------------------------------
Two C++ libraries for counting trees on a phylogenetic terrace
------------------------------------------------------------
CAVER Analyst 2.0: analysis and visualization of channels and tunnels in protein structures and molecular dynamics trajectories
------------------------------------------------------------
Distinguishing prognostic and predictive biomarkers: an information theoretic approach
------------------------------------------------------------
PBRpredict-Suite: a suite of models to predict peptide-recognition domain residues from protein sequence
------------------------------------------------------------
MACARON: a python framework to identify and re-annotate multi-base affected codons in whole genome/exome sequence data
------------------------------------------------------------
MICAN-SQ: a sequential protein structure alignment program that is applicable to monomers and all types of oligomers
------------------------------------------------------------
Edge-group sparse PCA for network-guided high dimensional data analysis
------------------------------------------------------------
Applying graph theory to protein structures: an Atlas of coiled coils
------------------------------------------------------------
Knoto-ID: a tool to study the entanglement of open protein chains using the concept of knotoids
------------------------------------------------------------
Improved enzyme annotation with EC-specific cutoffs using DETECT v2
------------------------------------------------------------
Covariate-adjusted heatmaps for visualizing biological data via correlation decomposition
------------------------------------------------------------
Universal evolutionary selection for high dimensional silent patterns of information hidden in the redundancy of viral genetic code
------------------------------------------------------------
hts-nim: scripting high-performance genomic analyses
------------------------------------------------------------
D3NER: biomedical named entity recognition using CRF-biLSTM improved with fine-tuned embeddings of various linguistic information
------------------------------------------------------------
MetaboDiff: an R package for differential metabolomic analysis
------------------------------------------------------------
GapRepairer: a server to model a structural gap and validate it using topological analysis
------------------------------------------------------------
Predicting gene structure changes resulting from genetic variants via exon definition features
------------------------------------------------------------
BinQuasi: a peak detection method for ChIP-sequencing data with biological replicates
------------------------------------------------------------
CRISPR/Cas9 cleavage efficiency regression through boosting algorithms and Markov sequence profiling
------------------------------------------------------------
AnnotSV: an integrated tool for structural variations annotation
------------------------------------------------------------
GGRaSP: a R-package for selecting representative genomes using Gaussian mixture models
------------------------------------------------------------
MethylMix 2.0: an R package for identifying DNA methylation genes
------------------------------------------------------------
MP-LAMP: parallel detection of statistically significant multi-loci markers on cloud platforms
------------------------------------------------------------
DeepSimulator: a deep simulator for Nanopore sequencing
------------------------------------------------------------
LipidPedia: a comprehensive lipid knowledgebase
------------------------------------------------------------
VSClust: feature-based variance-sensitive clustering of omics data
------------------------------------------------------------
Pleiotropic mapping and annotation selection in genome-wide association studies with penalized Gaussian mixture models
------------------------------------------------------------
Constructing lightweight and flexible pipelines using Plugin-Based Microbiome Analysis (PluMA)
------------------------------------------------------------
A reference peptide database for proteome quantification based on experimental mass spectrum response curves
------------------------------------------------------------
Efficient analysis of large-scale genome-wide data with two R packages: bigstatsr and bigsnpr
------------------------------------------------------------
GENEASE: real time bioinformatics tool for multi-omics and disease ontology exploration, analysis and visualization
------------------------------------------------------------
Leveraging known genomic variants to improve detection of variants, especially close-by Indels
------------------------------------------------------------
A comprehensive evaluation of alignment software for reduced representation bisulfite sequencing data
------------------------------------------------------------
EWAS: epigenome-wide association study software 2.0
------------------------------------------------------------
QuimP: analyzing transmembrane signalling in highly deformable cells
------------------------------------------------------------
accuMUlate: a mutation caller designed for mutation accumulation experiments
------------------------------------------------------------
DeepSol: a deep learning framework for sequence-based protein solubility prediction
------------------------------------------------------------
NanoPack: visualizing and processing long-read sequencing data
------------------------------------------------------------
A new method for the high-precision assessment of tumor changes in response to treatment
------------------------------------------------------------
Network-based integration of multi-omics data for prioritizing cancer genes
------------------------------------------------------------
Bastion6: a bioinformatics approach for accurate prediction of type VI secreted effectors
------------------------------------------------------------
REStLESS: automated translation of glycan sequences from residue-based notation to SMILES and atomic coordinates
------------------------------------------------------------
Repeat-aware evaluation of scaffolding tools
------------------------------------------------------------
Exploiting and assessing multi-source data for supervised biomedical named entity recognition
------------------------------------------------------------
ddPCRclust: an R package and Shiny app for automated analysis of multiplexed ddPCR data
------------------------------------------------------------
NGSphy: phylogenomic simulation of next-generation sequencing data
------------------------------------------------------------
Kernelized rank learning for personalized drug recommendation
------------------------------------------------------------
Sensitive and robust assessment of ChIP-seq read distribution using a strand-shift profile
------------------------------------------------------------
iFeature: a Python package and web server for features extraction and selection from protein and peptide sequences
------------------------------------------------------------
SECLAF: a webserver and deep neural network design tool for hierarchical biological sequence classification
------------------------------------------------------------
EPIC-CoGe: managing and analyzing genomic data
------------------------------------------------------------
pBRIT: gene prioritization by correlating functional and phenotypic annotations through integrative data fusion
------------------------------------------------------------
StructureMapper: a high-throughput algorithm for analyzing protein sequence locations in structural data
------------------------------------------------------------
ChemDistiller: an engine for metabolite annotation in mass spectrometry
------------------------------------------------------------
Compression of genomic sequencing reads via hash-based reordering: algorithm and analysis
------------------------------------------------------------
findGSE: estimating genome size variation within human and Arabidopsis using k-mer frequencies
------------------------------------------------------------
Squeakr: an exact and approximate k-mer counting system
------------------------------------------------------------
Selenzyme: enzyme selection tool for pathway design
------------------------------------------------------------
Kpax3: Bayesian bi-clustering of large sequence datasets
------------------------------------------------------------
GCevobase: an evolution-based database for GC content in eukaryotic genomes
------------------------------------------------------------
Integrative pipeline for profiling DNA copy number and inferring tumor phylogeny
------------------------------------------------------------
ARGs-OAP v2.0 with an expanded SARG database and Hidden Markov Models for enhancement characterization and quantification of antibiotic resistance genes in environmental metagenomes
------------------------------------------------------------
pymzML v2.0: introducing a highly compressed and seekable gzip format
------------------------------------------------------------
EPS-LASSO: test for high-dimensional regression under extreme phenotype sampling of continuous traits
------------------------------------------------------------
Accurity: accurate tumor purity and ploidy inference from tumor-normal WGS data by jointly modelling somatic copy number alterations and heterozygous germline single-nucleotide-variants
------------------------------------------------------------
HPViewer: sensitive and specific genotyping of human papillomavirus in metagenomic DNA
------------------------------------------------------------
Feature specific quantile normalization enables cross-platform classification of molecular subtypes using gene expression data
------------------------------------------------------------
ADEPTUS: a discovery tool for disease prediction, enrichment and network analysis based on profiles from many diseases
------------------------------------------------------------
OPAL: prediction of MoRF regions in intrinsically disordered protein sequences
------------------------------------------------------------
Computational deconvolution of transcriptomics data from mixed cell populations
------------------------------------------------------------
Optimal water networks in protein cavities with GAsol and 3D-RISM
------------------------------------------------------------
Informational and linguistic analysis of large genomic sequence collections via efficient Hadoop cluster algorithms
------------------------------------------------------------
pyHVis3D: visualising molecular simulation deduced H-bond networks in 3D: application to T-cell receptor interactions
------------------------------------------------------------
myTAI: evolutionary transcriptomics with R
------------------------------------------------------------
Mustguseal: a server for multiple structure-guided sequence alignment of protein families
------------------------------------------------------------
A benchmark for comparing precision medicine methods in thyroid cancer diagnosis using tissue microarrays
------------------------------------------------------------
PINE-SPARKY.2 for automated NMR-based protein structure research
------------------------------------------------------------
R2DGC: threshold-free peak alignment and identification for 2D gas chromatography-mass spectrometry in R
------------------------------------------------------------
Sequential feature selection and inference using multi-variate random forests
------------------------------------------------------------
DeepSynergy: predicting anti-cancer drug synergy with Deep Learning
------------------------------------------------------------
PipelineDog: a simple and flexible graphic pipeline construction and maintenance tool
------------------------------------------------------------
Reactome diagram viewer: data structures and strategies to boost performance
------------------------------------------------------------
GDSCTools for mining pharmacogenomic interactions in cancer
------------------------------------------------------------
MOCASSIN-prot: a multi-objective clustering approach for protein similarity networks
------------------------------------------------------------
Phenotypic stability and plasticity in GMP-derived cells as determined by their underlying regulatory network
------------------------------------------------------------
Efficiently counting all orbits of graphlets of any order in a graph using autogenerated equations
------------------------------------------------------------
glactools: a command-line toolset for the management of genotype likelihoods and allele counts
------------------------------------------------------------
SAPP: functional genome annotation and analysis through a semantic framework using FAIR principles
------------------------------------------------------------
Classifying next-generation sequencing data using a zero-inflated Poisson model
------------------------------------------------------------
SATORI: a system for ontology-guided visual exploration of biomedical data repositories
------------------------------------------------------------
Reproducible and flexible simulation experiments with ML-Rules and SESSL
------------------------------------------------------------
CALQ: compression of quality values of aligned sequencing data
------------------------------------------------------------
QVZ: lossy compression of quality values
------------------------------------------------------------
Modeling positional effects of regulatory sequences with spline transformations increases prediction accuracy of deep neural networks
------------------------------------------------------------
Membranome 2.0: database for proteome-wide profiling of bitopic proteins and their dimers
------------------------------------------------------------
PERF: an exhaustive algorithm for ultra-fast and efficient identification of microsatellites from large DNA sequences
------------------------------------------------------------
Identifying structural variants using linked-read sequencing data
------------------------------------------------------------
DFAST: a flexible prokaryotic genome annotation pipeline for faster genome publication
------------------------------------------------------------
AlloSigMA: allosteric signaling and mutation analysis server
------------------------------------------------------------
Estimation of QTL heritability based on pooled sequencing data
------------------------------------------------------------
Visualization portal for genetic variation (VizGVar): a tool for interactive visualization of SNPs and somatic mutations in exons, genes and protein domains
------------------------------------------------------------
Predicting protein-DNA binding free energy change upon missense mutations using modified MM/PBSA approach: SAMPDI webserver
------------------------------------------------------------
ndexr-an R package to interface with the network data exchange
------------------------------------------------------------
Dynamic assessment of microbial ecology (DAME): a web app for interactive analysis and visualization of microbial sequencing data
------------------------------------------------------------
TITINdb-a computational tool to assess titin's role as a disease gene
------------------------------------------------------------
ProtDec-LTR2.0: an improved method for protein remote homology detection by combining pseudo protein and supervised Learning to Rank
------------------------------------------------------------
VecScreen_plus_taxonomy: imposing a tax(onomy) increase on vector contamination screening
------------------------------------------------------------
ROSC-Pred: web-service for rodent organ-specific carcinogenicity prediction
------------------------------------------------------------
ARCS: scaffolding genome drafts with linked reads
------------------------------------------------------------
Krait: an ultrafast tool for genome-wide survey of microsatellites and primer design
------------------------------------------------------------
Beyond similarity assessment: selecting the optimal model for sequence alignment via the Factorized Asymptotic Bayesian algorithm
------------------------------------------------------------
MFIB: a repository of protein complexes with mutual folding induced by binding
------------------------------------------------------------
PLACNETw: a web-based tool for plasmid reconstruction from bacterial genomes
------------------------------------------------------------
A novel data structure to support ultra-fast taxonomic classification of metagenomic sequences with k-mer signatures
------------------------------------------------------------
HybridSim-VS: a web server for large-scale ligand-based virtual screening using hybrid similarity recognition techniques
------------------------------------------------------------
CrocoBLAST: Running BLAST efficiently in the age of next-generation sequencing
------------------------------------------------------------
gVolante for standardizing completeness assessment of genome and transcriptome assemblies
------------------------------------------------------------
SPATKIN: a simulator for rule-based modeling of biomolecular site dynamics on surfaces
------------------------------------------------------------
SVmine improves structural variation detection by integrative mining of predictions from multiple algorithms
------------------------------------------------------------
Detect differentially methylated regions using non-homogeneous hidden Markov model for methylation array data
------------------------------------------------------------
Irys Extract
------------------------------------------------------------
VICTOR: genome-based phylogeny and classification of prokaryotic viruses
------------------------------------------------------------
SCooP: an accurate and fast predictor of protein stability curves as a function of temperature
------------------------------------------------------------
QuASAR-MPRA: accurate allele-specific analysis for massively parallel reporter assays
------------------------------------------------------------
A new haplotype block detection method for dense genome sequencing data based on interval graph modeling of clusters of highly correlated SNPs
------------------------------------------------------------
A Bayesian framework for the inference of gene regulatory networks from time and pseudo-time series data
------------------------------------------------------------
ZCCHC17 is a master regulator of synaptic gene expression in Alzheimer's disease
------------------------------------------------------------
graphkernels: R and Python packages for graph comparison
------------------------------------------------------------
PyDREAM: high-dimensional parameter inference for biological models in python
------------------------------------------------------------
Canvas SPW: calling de novo copy number variants in pedigrees
------------------------------------------------------------
SNP genotyping and parameter estimation in polyploids using low-coverage sequencing data
------------------------------------------------------------
RINspector: a Cytoscape app for centrality analyses and DynaMine flexibility prediction
------------------------------------------------------------
StereoGene: rapid estimation of genome-wide correlation of continuous or interval feature data
------------------------------------------------------------
Epigenomic annotation-based interpretation of genomic data: from enrichment analysis to machine learning
------------------------------------------------------------
Applying family analyses to electronic health records to facilitate genetic research
------------------------------------------------------------
PySCeSToolbox: a collection of metabolic pathway analysis tools
------------------------------------------------------------
CSAR: a contig scaffolding tool using algebraic rearrangements
------------------------------------------------------------
FMtree: a fast locating algorithm of FM-indexes for genomic data
------------------------------------------------------------
Omics AnalySIs System for PRecision Oncology (OASISPRO): a web-based omics analysis tool for clinical phenotype prediction
------------------------------------------------------------
RUCS: rapid identification of PCR primers for unique core sequences
------------------------------------------------------------
SNPDelScore: combining multiple methods to score deleterious effects of noncoding mutations in the human genome
------------------------------------------------------------
GradDock: rapid simulation and tailored ranking functions for peptide-MHC Class I docking
------------------------------------------------------------
CCFold: rapid and accurate prediction of coiled-coil structures and application to modelling intermediate filaments
------------------------------------------------------------
regNet: an R package for network-based propagation of gene expression alterations
------------------------------------------------------------
Genome-scale fluxes predicted under the guidance of enzyme abundance using a novel hyper-cube shrink algorithm
------------------------------------------------------------
Phosphonormalizer: an R package for normalization of MS-based label-free phosphoproteomics
------------------------------------------------------------
NavMol 3.0: enabling the representation of metabolic reactions by blind users
------------------------------------------------------------
Real-time demultiplexing Nanopore barcoded sequencing data with npBarcode
------------------------------------------------------------
Improved prediction of breast cancer outcome by identifying heterogeneous biomarkers
------------------------------------------------------------
Metagene projection characterizes GEN2.2 and CAL-1 as relevant human plasmacytoid dendritic cell models
------------------------------------------------------------
PyLasso: a PyMOL plugin to identify lassos
------------------------------------------------------------
Improving protein fold recognition by extracting fold-specific features from predicted residue-residue contacts
------------------------------------------------------------
HaploForge: a comprehensive pedigree drawing and haplotype visualization web application
------------------------------------------------------------
4D nucleome Analysis Toolbox: analysis of Hi-C data with abnormal karyotype and time series capabilities
------------------------------------------------------------
Deconvolution of multiple infections in Plasmodium falciparum from high throughput sequencing data
------------------------------------------------------------
Genome-wide association studies using a penalized moving-window regression
------------------------------------------------------------
Orthologue chemical space and its influence on target prediction
------------------------------------------------------------
Holmes: a graphical tool for development, simulation and analysis of Petri net based models of complex biological systems
------------------------------------------------------------
3DBIONOTES v2.0: a web server for the automatic annotation of macromolecular structures
------------------------------------------------------------
Integrative structural and dynamical biology with PLUMED-ISDB
------------------------------------------------------------
WIsH: who is the host? Predicting prokaryotic hosts from metagenomic phage contigs
------------------------------------------------------------
A multi-scenario genome-wide medical population genetics simulation framework
------------------------------------------------------------
Probability Map Viewer: near real-time probability map generator of serial block electron microscopy collections
------------------------------------------------------------
POSSUM: a bioinformatics toolkit for generating numerical sequence feature descriptors based on PSSM profiles
------------------------------------------------------------
When loss-of-function is loss of function: assessing mutational signatures and impact of loss-of-function genetic variants
------------------------------------------------------------
Genomes as documents of evolutionary history: a probabilistic macrosynteny model for the reconstruction of ancestral genomes
------------------------------------------------------------
Discovery and genotyping of novel sequence insertions in many sequenced individuals
------------------------------------------------------------
Estimation of time-varying growth, uptake and excretion rates from dynamic metabolomics data
------------------------------------------------------------
Association testing of bisulfite-sequencing methylation data via a Laplace approximation
------------------------------------------------------------
Large-scale structure prediction by improved contact predictions and model quality assessment
------------------------------------------------------------
Abundance estimation and differential testing on strain level in metagenomics data
------------------------------------------------------------
Chromatin accessibility prediction via convolutional long short-term memory networks with k-mer embedding
------------------------------------------------------------
SnapDock-template-based docking by Geometric Hashing
------------------------------------------------------------
iATC-mISF: a multi-label classifier for predicting the classes of anatomical therapeutic chemicals
------------------------------------------------------------
FALCON: a toolbox for the fast contextualization of logical networks
------------------------------------------------------------
CoreTracker: accurate codon reassignment prediction, applied to mitochondrial genomes
------------------------------------------------------------
GfaPy: a flexible and extensible software library for handling sequence graphs in Python
------------------------------------------------------------
rqt: an R package for gene-level meta-analysis
------------------------------------------------------------
runBNG: a software package for BioNano genomic analysis on the command line
------------------------------------------------------------
Message from the ISCB: 2017 ISCB Accomplishment by a Senior Scientist Award Given to Pavel Pevzner
------------------------------------------------------------
Glycan Reader is improved to recognize most sugar types and chemical modifications in the Protein Data Bank
------------------------------------------------------------
JDINAC: joint density-based non-parametric differential interaction network analysis and classification using high-dimensional sparse omics data
------------------------------------------------------------
FunGAP: Fungal Genome Annotation Pipeline using evidence-based gene model evaluation
------------------------------------------------------------
PASTASpark: multiple sequence alignment meets Big Data
------------------------------------------------------------
Hierarchical probabilistic models for multiple gene/variant associations based on next-generation sequencing data
------------------------------------------------------------
DeepSite: protein-binding site predictor using 3D-convolutional neural networks
------------------------------------------------------------
MD-TASK: a software suite for analyzing molecular dynamics trajectories
------------------------------------------------------------
GateKeeper: a new hardware architecture for accelerating pre-alignment in DNA short read mapping
------------------------------------------------------------
Tissue-specific network-based genome wide study of amygdala imaging phenotypes to identify functional interaction modules
------------------------------------------------------------
Computational modeling of immune system of the fish for a more effective vaccination in aquaculture
------------------------------------------------------------
On patterns and re-use in bioinformatics databases
------------------------------------------------------------
The neXtProt peptide uniqueness checker: a tool for the proteomics community
------------------------------------------------------------
HTSvis: a web app for exploratory data analysis and visualization of arrayed high-throughput screens
------------------------------------------------------------
PROXiMATE: a database of mutant protein-protein complex thermodynamics and kinetics
------------------------------------------------------------
rMFilter: acceleration of long read-based structure variation calling by chimeric read filtering
------------------------------------------------------------
FlashPCA2: principal component analysis of Biobank-scale genotype datasets
------------------------------------------------------------
Exploring spatially adjacent TFBS-clustered regions with Hi-C data
------------------------------------------------------------
The spike-and-slab lasso Cox model for survival prediction and associated genes detection
------------------------------------------------------------
GDISC: a web portal for integrative analysis of gene-drug interaction for survival in cancer
------------------------------------------------------------
The null hypothesis of GSEA, and a novel statistical model for competitive gene set analysis
------------------------------------------------------------
MAPPI-DAT: data management and analysis for protein-protein interaction data from the high-throughput MAPPIT cell microarray platform
------------------------------------------------------------
ntCard: a streaming algorithm for cardinality estimation in genomics data
------------------------------------------------------------
VEXOR: an integrative environment for prioritization of functional variants in fine-mapping analysis
------------------------------------------------------------
modSaRa: a computationally efficient R package for CNV identification
------------------------------------------------------------
SigSeeker: a peak-calling ensemble approach for constructing epigenetic signatures
------------------------------------------------------------
Neuro-symbolic representation learning on biological knowledge graphs
------------------------------------------------------------
HLA class I binding prediction via convolutional neural networks
------------------------------------------------------------
CImbinator: a web-based tool for drug synergy analysis in small- and large-scale datasets
------------------------------------------------------------
Mapping genes for calcium signaling and their associated human genetic disorders
------------------------------------------------------------
SVMQA: support-vector-machine-based protein single-model quality assessment
------------------------------------------------------------
HaploMerger2: rebuilding both haploid sub-assemblies from high-heterozygosity diploid genome assembly
------------------------------------------------------------
FunChIP: an R/Bioconductor package for functional classification of ChIP-seq shapes
------------------------------------------------------------
Systemic evaluation of cellular reprogramming processes exploiting a novel R-tool: eegc
------------------------------------------------------------
Use of AAScatterPlot tool for monitoring the evolution of the hemagglutinin cleavage site in H9 avian influenza viruses
------------------------------------------------------------
DeepEM3D: approaching human-level performance on 3D anisotropic EM image segmentation
------------------------------------------------------------
SQC: secure quality control for meta-analysis of genome-wide association studies
------------------------------------------------------------
BEESEM: estimation of binding energy models using HT-SELEX data
------------------------------------------------------------
SynergyFinder: a web application for analyzing drug combination dose-response matrix data
------------------------------------------------------------
ViPTree: the viral proteomic tree server
------------------------------------------------------------
PARTIE: a partition engine to separate metagenomic and amplicon projects in the Sequence Read Archive
------------------------------------------------------------
PhagesDB: the actinobacteriophage database
------------------------------------------------------------
node.dating: dating ancestors in phylogenetic trees in R
------------------------------------------------------------
HLA-MA: simple yet powerful matching of samples using HLA typing results
------------------------------------------------------------
DeepBlueR: large-scale epigenomic analysis in R
------------------------------------------------------------
Estimating gene regulatory networks with pandaR
------------------------------------------------------------
swga: a primer design toolkit for selective whole genome amplification
------------------------------------------------------------
Identification of genetic outliers due to sub-structure and cryptic relationships
------------------------------------------------------------
AQUA-DUCT: a ligands tracking tool
------------------------------------------------------------
BiRen: predicting enhancers with a deep-learning-based model using the DNA sequence alone
------------------------------------------------------------
BioJava-ModFinder: identification of protein modifications in 3D structures from the Protein Data Bank
------------------------------------------------------------
RefBool: a reference-based algorithm for discretizing gene expression data
------------------------------------------------------------
Pseudoalignment for metagenomic read assignment
------------------------------------------------------------
BCFtools/csq: haplotype-aware variant consequences
------------------------------------------------------------
SANA: simulated annealing far outperforms many other search algorithms for biological network alignment
------------------------------------------------------------
Benchmarking substrate-based kinase activity inference using phosphoproteomic data
------------------------------------------------------------
An approach to infer putative disease-specific mechanisms using neighboring gene networks
------------------------------------------------------------
IRaPPA: information retrieval based integration of biophysical models for protein assembly selection
------------------------------------------------------------
PhosphoPICK-SNP: quantifying the effect of amino acid variants on protein phosphorylation
------------------------------------------------------------
STELLS2: fast and accurate coalescent-based maximum likelihood inference of species trees from gene tree topologies
------------------------------------------------------------
Phyx: phylogenetic tools for unix
------------------------------------------------------------
An efficient concordant integrative analysis of multiple large-scale two-sample expression data sets
------------------------------------------------------------
CloudPhylo: a fast and scalable tool for phylogeny reconstruction
------------------------------------------------------------
State aggregation for fast likelihood computations in molecular evolution
------------------------------------------------------------
OMBlast: alignment tool for optical mapping using a seed-and-extend approach
------------------------------------------------------------
ARResT/Interrogate: an interactive immunoprofiler for IG/TR NGS data
------------------------------------------------------------
Comparing co-evolution methods and their application to template-free protein structure prediction
------------------------------------------------------------
annoPeak: a web application to annotate and visualize peaks from ChIP-seq/ChIP-exo-seq
------------------------------------------------------------
pETM: a penalized Exponential Tilt Model for analysis of correlated high-dimensional DNA methylation data
------------------------------------------------------------
PyMod 2.0: improvements in protein sequence-structure analysis and homology modeling within PyMOL
------------------------------------------------------------
Large-scale 16S gene assembly using metagenomics shotgun sequences
------------------------------------------------------------
MetaPlotR: a Perl/R pipeline for plotting metagenes of nucleotide modifications and other transcriptomic sites
------------------------------------------------------------
Hierarchical sets: analyzing pangenome structure through scalable set visualizations
------------------------------------------------------------
ANAQUIN: a software toolkit for the analysis of spike-in controls for next generation sequencing
------------------------------------------------------------
Extracting morphologies from third harmonic generation images of structurally normal human brain tissue
------------------------------------------------------------
Genome-wide analysis of DNA methylation profiles in a senescence-accelerated mouse prone 8 brain using whole-genome bisulfite sequencing
------------------------------------------------------------
Ligandbook: an online repository for small and drug-like molecule force field parameters
------------------------------------------------------------
Biomartr: genomic data retrieval with R
------------------------------------------------------------
Multi-rate Poisson tree processes for single-locus species delimitation under maximum likelihood and Markov chain Monte Carlo
------------------------------------------------------------
TimesVector: a vectorized clustering approach to the analysis of time series transcriptome data from multiple phenotypes
------------------------------------------------------------
[ERROR] unknown error for print this text
------------------------------------------------------------
KNIME4NGS: a comprehensive toolbox for next generation sequencing analysis
------------------------------------------------------------
RECKONER: read error corrector based on KMC
------------------------------------------------------------
The structural bioinformatics library: modeling in biomolecular science and beyond
------------------------------------------------------------
Context-sensitive network-based disease genetics prediction and its implications in drug discovery
------------------------------------------------------------
Algorithm sensitivity analysis and parameter tuning for tissue image segmentation pipelines
------------------------------------------------------------
An informative approach on differential abundance analysis for time-course metagenomic sequencing data
------------------------------------------------------------
DNABarcodes: an R package for the systematic construction of DNA sample tags
------------------------------------------------------------
Lineage-specific mutational clustering in protein structures predicts evolutionary shifts in function
------------------------------------------------------------
Parameter estimation for dynamical systems with discrete events and logical operations
------------------------------------------------------------
AnglerFish: a webserver for defining the geometry of α-helices in membrane proteins
------------------------------------------------------------
The discordant method: a novel approach for differential correlation
------------------------------------------------------------
dAPE: a web server to detect homorepeats and follow their evolution
------------------------------------------------------------
Inference of cellular level signaling networks using single-cell gene expression data in Caenorhabditis elegans reveals mechanisms of cell fate specification
------------------------------------------------------------
Mutual enrichment in aggregated ranked lists with applications to gene expression regulation
------------------------------------------------------------
bnstruct: an R package for Bayesian Network structure learning in the presence of missing data
------------------------------------------------------------
Improving flux predictions by integrating data from multiple strains
------------------------------------------------------------
CymeR: cytometry analysis using KNIME, docker and R
------------------------------------------------------------
Predict drug permeability to blood-brain-barrier from clinical phenotypes: drug side effects and drug indications
------------------------------------------------------------
Hum-mPLoc 3.0: prediction enhancement of human protein subcellular localization through modeling the hidden correlations of gene ontology and functional domain features
------------------------------------------------------------
Recon2Neo4j: applying graph database technologies for managing comprehensive genome-scale networks
------------------------------------------------------------
Big Data Smart Socket (BDSS): a system that abstracts data transfer habits from end users
------------------------------------------------------------
JADOPPT: java based AutoDock preparing and processing tool
------------------------------------------------------------
ImpulseDE: detection of differentially expressed genes in time series data using impulse models
------------------------------------------------------------
ViSiBooL-visualization and simulation of Boolean networks with temporal constraints
------------------------------------------------------------
yMap: an automated method to map yeast variants to protein modifications and functional regions
------------------------------------------------------------
gsrc: an R package for genome structure rearrangement calling
------------------------------------------------------------
Efficient detection of differentially methylated regions using DiMmeR
------------------------------------------------------------
FractBias: a graphical tool for assessing fractionation bias following polyploidy
------------------------------------------------------------
Improved methods for multi-trait fine mapping of pleiotropic risk loci
------------------------------------------------------------
signeR: an empirical Bayesian approach to mutational signature discovery
------------------------------------------------------------
SYNBADm: a tool for optimization-based automated design of synthetic gene circuits
------------------------------------------------------------
Performance of protein-structure predictions with the physics-based UNRES force field in CASP11
------------------------------------------------------------
Unbiased classification of spatial strategies in the Barnes maze
------------------------------------------------------------
ChAsE: chromatin analysis and exploration tool
------------------------------------------------------------
MetaPred2CS: a sequence-based meta-predictor for protein-protein interactions of prokaryotic two-component system proteins
------------------------------------------------------------
AMIGO2, a toolbox for dynamic modeling, optimization and control in systems biology
------------------------------------------------------------
cMapper: gene-centric connectivity mapper for EBI-RDF platform
------------------------------------------------------------
AKT: ancestry and kinship toolkit
------------------------------------------------------------
ImmuneDB: a system for the analysis and exploration of high-throughput adaptive immune receptor sequencing data
------------------------------------------------------------
TRI_tool: a web-tool for prediction of protein-protein interactions in human transcriptional regulation
------------------------------------------------------------
DAPAR & ProStaR: software to perform statistical analyses in quantitative discovery proteomics
------------------------------------------------------------
Gene- and pathway-based association tests for multiple traits with GWAS summary statistics
------------------------------------------------------------
Precrec: fast and accurate precision-recall and ROC curve calculations in R
------------------------------------------------------------
popSTR: population-scale detection of STR variants
------------------------------------------------------------
L1 regularization facilitates detection of cell type-specific parameters in dynamical systems
------------------------------------------------------------
PEPSI-Dock: a detailed data-driven protein-protein interaction potential accelerated by polar Fourier correlation
------------------------------------------------------------
SWORD-a highly efficient protein database search
------------------------------------------------------------
PRED-TMBB2: improved topology prediction and detection of beta-barrel outer membrane proteins
------------------------------------------------------------
XGSA: A statistical method for cross-species gene set analysis
------------------------------------------------------------
Detecting horizontal gene transfer by mapping sequencing reads across species boundaries
------------------------------------------------------------
Pathway-based approach using hierarchical components of collapsed rare variants
------------------------------------------------------------
Characterizing leader sequences of CRISPR loci
------------------------------------------------------------
CoLoRMap: Correcting Long Reads by Mapping short reads
------------------------------------------------------------
Improve homology search sensitivity of PacBio data by correcting frameshifts
------------------------------------------------------------
ECCB 2016: The 15th European Conference on Computational Biology
------------------------------------------------------------
A likelihood ratio-based method to predict exact pedigrees for complex families from next-generation sequencing data
------------------------------------------------------------
Prediction of nucleosome positioning by the incorporation of frequencies and distributions of three different nucleotide segment lengths into a general pseudo k-tuple nucleotide composition
------------------------------------------------------------
Discoal: flexible coalescent simulations with selection
------------------------------------------------------------
STAMS: STRING-assisted module search for genome wide association studies and application to autism
------------------------------------------------------------
Predicting synergistic effects between compounds through their structural similarity and effects on transcriptomes
------------------------------------------------------------
Higher classification sensitivity of short metagenomic reads with CLARK-S
------------------------------------------------------------
Selective mutation accumulation: a computational model of the paternal age effect
------------------------------------------------------------
H-PoP and H-PoPG: heuristic partitioning algorithms for single individual haplotyping of polyploids
------------------------------------------------------------
Multivariate Welch t-test on distances
------------------------------------------------------------
SRinversion: a tool for detecting short inversions by splitting and re-aligning poorly mapped and unmapped sequencing reads
------------------------------------------------------------
shinyGEO: a web-based application for analyzing gene expression omnibus datasets
------------------------------------------------------------
PathScore: a web tool for identifying altered pathways in cancer data
------------------------------------------------------------
Bayesian network feature finder (BANFF): an R package for gene network feature selection
------------------------------------------------------------
A profile-based method for identifying functional divergence of orthologous genes in bacterial genomes
------------------------------------------------------------
FARAO: the flexible all-round annotation organizer
------------------------------------------------------------
HiPub: translating PubMed and PMC texts to networks for knowledge discovery
------------------------------------------------------------
An efficient method to estimate the optimum regularization parameter in RLDA
------------------------------------------------------------
Drug drug interaction extraction from biomedical literature using syntax convolutional neural network
------------------------------------------------------------
MSAViewer: interactive JavaScript visualization of multiple sequence alignments
------------------------------------------------------------
SSBD: a database of quantitative data of spatiotemporal dynamics of biological phenomena
------------------------------------------------------------
4DGenome: a comprehensive database of chromatin interactions
------------------------------------------------------------
Evaluating the molecule-based prediction of clinical drug responses in cancer
------------------------------------------------------------
GORpipe: a query tool for working with sequence data based on a Genomic Ordered Relational (GOR) architecture
------------------------------------------------------------
SERAPHIM: studying environmental rasters and phylogenetically informed movements
------------------------------------------------------------
PEP_scaffolder: using (homologous) proteins to scaffold genomes
------------------------------------------------------------
ACE: adaptive cluster expansion for maximum entropy graphical model inference
------------------------------------------------------------
STRUM: structure-based prediction of protein stability changes upon single-point mutation
------------------------------------------------------------
NegGOA: negative GO annotations selection using ontology structure
------------------------------------------------------------
Assemblytics: a web analytics tool for the detection of variants from an assembly
------------------------------------------------------------
Genome puzzle master (GPM): an integrated pipeline for building and editing pseudomolecules from fragmented sequences
------------------------------------------------------------
TADtool: visual parameter identification for TAD-calling algorithms
------------------------------------------------------------
@MInter: automated text-mining of microbial interactions
------------------------------------------------------------
RADIS: analysis of RAD-seq data for interspecific phylogeny
------------------------------------------------------------
DeepMeSH: deep semantic representation for improving large-scale MeSH indexing
------------------------------------------------------------
CMsearch: simultaneous exploration of protein sequence space and structure space improves not only protein homology detection but also protein structure prediction
------------------------------------------------------------
Structure-based prediction of transcription factor binding specificity using an integrative energy function
------------------------------------------------------------
Finding correct protein-protein docking models using ProQDock
------------------------------------------------------------
A convex optimization approach for identification of human tissue-specific interactomes
------------------------------------------------------------
DrugE-Rank: improving drug-target interaction prediction of new candidate drugs or targets by ensemble learning to rank
------------------------------------------------------------
deBWT: parallel construction of Burrows-Wheeler Transform for large collection of genomes with de Bruijn-branch encoding
------------------------------------------------------------
A network-driven approach for genome-wide association mapping
------------------------------------------------------------
Using genomic annotations increases statistical power to detect eGenes
------------------------------------------------------------
A cross-species bi-clustering approach to identifying conserved co-regulated genes
------------------------------------------------------------
Influence maximization in time bounded network identifies transcription factors regulating perturbed pathways
------------------------------------------------------------
A time-varying group sparse additive model for genome-wide association studies of dynamic complex traits
------------------------------------------------------------
RareVariantVis: new tool for visualization of causative variants in rare monogenic disorders using whole genome sequencing data
------------------------------------------------------------
The Glycome Analytics Platform: an integrative framework for glycobioinformatics
------------------------------------------------------------
bdvis: visualizing biodiversity data in R
------------------------------------------------------------
TaggerOne: joint named entity recognition and normalization with semi-Markov Models
------------------------------------------------------------
R.JIVE for exploration of multi-source molecular data
------------------------------------------------------------
HDTD: analyzing multi-tissue gene expression data
------------------------------------------------------------
Group-combined P-values with applications to genetic association studies
------------------------------------------------------------
MetaFast: fast reference-free graph-based comparison of shotgun metagenomic data
------------------------------------------------------------
Benchmarking the next generation of homology inference tools
------------------------------------------------------------
Message from the ISCB: 2016 Outstanding Contributions to ISCB Award: Burkhard Rost
------------------------------------------------------------
SoFIA: a data integration framework for annotating high-throughput datasets
------------------------------------------------------------
Calculating and scoring high quality multiple flexible protein structure alignments
------------------------------------------------------------
A two-part mixed-effects model for analyzing longitudinal microbiome compositional data
------------------------------------------------------------
SimLoRD: Simulation of Long Read Data
------------------------------------------------------------
Detection and removal of spatial bias in multiwell assays
------------------------------------------------------------
Branch: an interactive, web-based tool for testing hypotheses and developing predictive models
------------------------------------------------------------
AlgoRun: a Docker-based packaging system for platform-agnostic implemented algorithms
------------------------------------------------------------
PON-Sol: prediction of effects of amino acid substitutions on protein solubility
------------------------------------------------------------
MetaKTSP: a meta-analytic top scoring pair method for robust cross-study validation of omics prediction analysis
------------------------------------------------------------
Multilevel biological characterization of exomic variants at the protein level significantly improves the identification of their deleterious effects
------------------------------------------------------------
FRED 2: an immunoinformatics framework for Python
------------------------------------------------------------
Simulated single molecule microscopy with SMeagol
------------------------------------------------------------
BLESS 2: accurate, memory-efficient and fast error correction method
------------------------------------------------------------
Direct calculation of minimal cut sets involving a specific reaction knock-out
------------------------------------------------------------
Reaction Decoder Tool (RDT): extracting features from chemical reactions
------------------------------------------------------------
MOLGENIS/connect: a system for semi-automatic integration of heterogeneous phenotype data with applications in biobanks
------------------------------------------------------------
Assembly scaffolding with PE-contaminated mate-pair libraries
------------------------------------------------------------
OpenSegSPIM: a user-friendly segmentation tool for SPIM data
------------------------------------------------------------
Coala: an R framework for coalescent simulation
------------------------------------------------------------
Assessing statistical significance in multivariable genome wide association analysis
------------------------------------------------------------
Goldilocks: a tool for identifying genomic regions that are 'just right'
------------------------------------------------------------
Drug repositioning based on comprehensive similarity measures and Bi-Random walk algorithm
------------------------------------------------------------
Spectral identification of topological domains
------------------------------------------------------------
CaFE: a tool for binding affinity prediction using end-point free energy methods
------------------------------------------------------------
Sparse group factor analysis for biclustering of multiple data sources
------------------------------------------------------------
Pasha: a versatile R package for piling chromatin HTS data
------------------------------------------------------------
Shape complementarity and hydrogen bond preferences in protein-protein interfaces: implications for antibody modeling and protein-protein docking
------------------------------------------------------------
[ERROR] unknown error for print this text
------------------------------------------------------------
Efficient identification and analysis of chemical exchange in biomolecules by R1ρ relaxation dispersion with Amaterasu
------------------------------------------------------------
methyLiftover: cross-platform DNA methylation data integration
------------------------------------------------------------
CHiCP: a web-based tool for the integrative and interactive visualization of promoter capture Hi-C datasets
------------------------------------------------------------
Drug-induced adverse events prediction with the LINCS L1000 data
------------------------------------------------------------
Deep models for brain EM image segmentation: novel insights and improved performance
------------------------------------------------------------
OxyBS: estimation of 5-methylcytosine and 5-hydroxymethylcytosine from tandem-treated oxidative bisulfite and bisulfite DNA
------------------------------------------------------------
MGEScan: a Galaxy-based system for identifying retrotransposons in genomes
------------------------------------------------------------
Characterizing gene sets using discriminative random walks with restart on heterogeneous biological networks
------------------------------------------------------------
Ferret: a user-friendly Java tool to extract data from the 1000 Genomes Project
------------------------------------------------------------
jSplice: a high-performance method for accurate prediction of alternative splicing events and its application to large-scale renal cancer transcriptome data
------------------------------------------------------------
MeCorS: Metagenome-enabled error correction of single cell sequencing reads
------------------------------------------------------------
On genomic repeats and reproducibility
------------------------------------------------------------
mDCC_tools: characterizing multi-modal atomic motions in molecular dynamics trajectories
------------------------------------------------------------
ProtAnnot: an App for Integrated Genome Browser to display how alternative splicing and transcription affect proteins
------------------------------------------------------------
Measuring the spatial correlations of protein binding sites
------------------------------------------------------------
A zero-inflated Poisson model for insertion tolerance analysis of genes based on Tn-seq data
------------------------------------------------------------
Integrative analysis for identifying joint modular patterns of gene-expression and drug-response data
------------------------------------------------------------
Library of binding protein scaffolds (LibBP): a computational platform for selection of binding protein scaffolds
------------------------------------------------------------
FastLSU: a more practical approach for the Benjamini-Hochberg FDR controlling procedure for huge-scale testing problems
------------------------------------------------------------
Unipept web services for metaproteomics analysis
------------------------------------------------------------
Computational approaches to define a human milk metaglycome
------------------------------------------------------------
DesignSignatures: a tool for designing primers that yields amplicons with distinct signatures
------------------------------------------------------------
PAA: an R/bioconductor package for biomarker discovery with protein microarrays
------------------------------------------------------------
Quantitative trait association study for mean telomere length in the South Asian genomes
------------------------------------------------------------
Structured sparse canonical correlation analysis for brain imaging genetics: an improved GraphNet method
------------------------------------------------------------
Inclusion of dyad-repeat pattern improves topology prediction of transmembrane β-barrel proteins
------------------------------------------------------------
MultiGeMS: detection of SNVs from multiple samples using model selection on high-throughput sequencing data
------------------------------------------------------------
Homology-driven assembly of NOn-redundant protEin sequence sets (NOmESS) for mass spectrometry
------------------------------------------------------------
MAESTROweb: a web server for structure-based protein stability prediction
------------------------------------------------------------
UCSC Data Integrator and Variant Annotation Integrator
------------------------------------------------------------
Modelling-based experiment retrieval: a case study with gene expression clustering
------------------------------------------------------------
Utilizing the Jaccard index to reveal population stratification in sequencing data: a simulation study and an application to the 1000 Genomes Project
------------------------------------------------------------
HitWalker2: visual analytics for precision medicine and beyond
------------------------------------------------------------
simDEF: definition-based semantic similarity measure of gene ontology terms for functional similarity analysis of genes
------------------------------------------------------------
MSAcquisitionSimulator: data-dependent acquisition simulator for LC-MS shotgun proteomics
------------------------------------------------------------
CytoGEDEVO-global alignment of biological networks with Cytoscape
------------------------------------------------------------
qsubsec: a lightweight template system for defining sun grid engine workflows
------------------------------------------------------------
An automated workflow for parallel processing of large multiview SPIM recordings
------------------------------------------------------------
Reliable ABC model choice via random forests
------------------------------------------------------------
Optimal design of gene knockout experiments for gene regulatory network inference
------------------------------------------------------------
Uncovering multiloci-ordering by algebraic property of Laplacian matrix and its Fiedler vector
------------------------------------------------------------
Optimal seed solver: optimizing seed selection in read mapping
------------------------------------------------------------
MIEC-SVM: automated pipeline for protein peptide/ligand interaction prediction
------------------------------------------------------------
WormExp: a web-based application for a Caenorhabditis elegans-specific gene expression enrichment analysis
------------------------------------------------------------
SpectralTDF: transition densities of diffusion processes with time-varying selection parameters, mutation rates and effective population sizes
------------------------------------------------------------
CopyNumber450kCancer: baseline correction for accurate copy number calling from the 450k methylation array
------------------------------------------------------------
Automatic generation of bioinformatics tools for predicting protein-ligand binding sites
------------------------------------------------------------
Evaluation of hierarchical models for integrative genomic analyses
------------------------------------------------------------
Comparison of genetic variants in matched samples using thesaurus annotation
------------------------------------------------------------
Probabilistic models of genetic variation in structured populations applied to global human studies
------------------------------------------------------------
Shape component analysis: structure-preserving dimension reduction on biological shape spaces
------------------------------------------------------------
Riboswitch Scanner: an efficient pHMM-based web-server to detect riboswitches in genomic sequences
------------------------------------------------------------
MMR: a tool for read multi-mapper resolution
------------------------------------------------------------
tcsBU: a tool to extend TCS network layout and visualization
------------------------------------------------------------
MaxBin 2.0: an automated binning algorithm to recover genomes from multiple metagenomic datasets
------------------------------------------------------------
EMDomics: a robust and powerful method for the identification of genes differentially expressed between heterogeneous classes
------------------------------------------------------------
LOLA: enrichment analysis for genomic region sets and regulatory elements in R and Bioconductor
------------------------------------------------------------
IsoMIF Finder: online detection of binding site molecular interaction field similarities
------------------------------------------------------------
BGT: efficient and flexible genotype query across many samples
------------------------------------------------------------
funtooNorm: an R package for normalization of DNA methylation data when there are multiple cell or tissue types
------------------------------------------------------------
An algorithm to detect and communicate the differences in computational models describing biological systems
------------------------------------------------------------
BioSynther: a customized biosynthetic potential explorer
------------------------------------------------------------
A novel bi-level meta-analysis approach: applied to biological pathway analysis
------------------------------------------------------------
Automatic semantic classification of scientific literature according to the hallmarks of cancer
------------------------------------------------------------
FALCON@home: a high-throughput protein structure prediction server based on remote homologue recognition
------------------------------------------------------------
HEALER: homomorphic computation of ExAct Logistic rEgRession for secure rare disease variants analysis in GWAS
------------------------------------------------------------
ALP & FALP: C++ libraries for pairwise local alignment E-values
------------------------------------------------------------
cl-dash: rapid configuration and deployment of Hadoop clusters for bioinformatics research in the cloud
------------------------------------------------------------
Generalized empirical Bayesian methods for discovery of differential data in high-throughput biology
------------------------------------------------------------
Warpgroup: increased precision of metabolomic data processing by consensus integration bound analysis
------------------------------------------------------------
Drug-set enrichment analysis: a novel tool to investigate drug mode of action
------------------------------------------------------------
JBASE: Joint Bayesian Analysis of Subphenotypes and Epistasis
------------------------------------------------------------
PathwaysWeb: a gene pathways API with directional interactions, expanded gene ontology, and versioning
------------------------------------------------------------
ICT: isotope correction toolbox
------------------------------------------------------------
DIVAS: a centralized genetic variant repository representing 150,000 individuals from multiple disease cohorts
------------------------------------------------------------
An algorithm for automated layout of process description maps drawn in SBGN
------------------------------------------------------------
BamHash: a checksum program for verifying the integrity of sequence data
------------------------------------------------------------
A robust AMMI model for the analysis of genotype-by-environment data
------------------------------------------------------------
Hammock: a hidden Markov model-based peptide clustering algorithm to identify protein-interaction consensus motifs in large datasets
------------------------------------------------------------
Computational modeling of development by epithelia, mesenchyme and their interactions: a unified model
------------------------------------------------------------
A hybrid bayesian approach for genome-wide association studies on related individuals
------------------------------------------------------------
BS-SNPer: SNP calling in bisulfite-seq data
------------------------------------------------------------
CoD: inferring immune-cell quantities related to disease states
------------------------------------------------------------
Hierarchical boosting: a machine-learning framework to detect and classify hard selective sweeps in human populations
------------------------------------------------------------
msa: an R package for multiple sequence alignment
------------------------------------------------------------
Identification of hierarchical chromatin domains
------------------------------------------------------------
EPGA2: memory-efficient de novo assembler
------------------------------------------------------------
Bayexer: an accurate and fast Bayesian demultiplexer for Illumina sequences
------------------------------------------------------------
svviz: a read viewer for validating structural variants
------------------------------------------------------------
An integrated structure- and system-based framework to identify new targets of metabolites and known drugs
------------------------------------------------------------
aRrayLasso: a network-based approach to microarray interconversion
------------------------------------------------------------
Protein contact prediction by integrating joint evolutionary coupling analysis and supervised learning
------------------------------------------------------------
motifbreakR: an R/Bioconductor package for predicting variant effects at transcription factor binding sites
------------------------------------------------------------
OVA: integrating molecular and physical phenotype data from multiple biomedical domain ontologies with variant filtering for enhanced variant prioritization
------------------------------------------------------------
BLSSpeller: exhaustive comparative discovery of conserved cis-regulatory elements
------------------------------------------------------------
Accurate disulfide-bonding network predictions improve ab initio structure prediction of cysteine-rich proteins
------------------------------------------------------------
LoopIng: a template-based tool for predicting the structure of protein loops
------------------------------------------------------------
A statistical approach to virtual cellular experiments: improved causal discovery using accumulation IDA (aIDA)
------------------------------------------------------------
SurvCurv database and online survival analysis platform update
------------------------------------------------------------
ASSIsT: an automatic SNP scoring tool for in- and outbreeding species
------------------------------------------------------------
HHalign-Kbest: exploring sub-optimal alignments for remote homology comparative modeling
------------------------------------------------------------
FermiKit: assembly-based variant calling for Illumina resequencing data
------------------------------------------------------------
The MI bundle: enabling network and structural biology in genome visualization tools
------------------------------------------------------------
High-order neural networks and kernel methods for peptide-MHC binding prediction
------------------------------------------------------------
GeneCOST: a novel scoring-based prioritization framework for identifying disease causing genes
------------------------------------------------------------
CEMAsuite: open source degenerate PCR primer design
------------------------------------------------------------
Application of learning to rank to protein remote homology detection
------------------------------------------------------------
JASSA: a comprehensive tool for prediction of SUMOylation sites and SIMs
------------------------------------------------------------
Nsite, NsiteH and NsiteM computer tools for studying transcription regulatory elements
------------------------------------------------------------
LDlink: a web-based application for exploring population-specific haplotype structure and linking correlated alleles of possible functional variants
------------------------------------------------------------
Estimating beta diversity for under-sampled communities using the variably weighted Odum dissimilarity index and OTUshuff
------------------------------------------------------------
GDFuzz3D: a method for protein 3D structure reconstruction from contact maps, based on a non-Euclidean distance function
------------------------------------------------------------
ProFET: Feature engineering captures high-level protein functions
------------------------------------------------------------
Predicting tumor purity from methylation microarray data
------------------------------------------------------------
Real-time multi-view deconvolution
------------------------------------------------------------
Bandage: interactive visualization of de novo genome assemblies
------------------------------------------------------------
GenomeD3Plot: a library for rich, interactive visualizations of genomic data in web applications
------------------------------------------------------------
LFQC: a lossless compression algorithm for FASTQ files
------------------------------------------------------------
An efficient Bayesian inference framework for coalescent-based nonparametric phylodynamics
------------------------------------------------------------
IBiSS, a versatile and interactive tool for integrated sequence and 3D structure analysis of large macromolecular complexes
------------------------------------------------------------
atSNP: transcription factor binding affinity testing for regulatory SNP detection
------------------------------------------------------------
libRoadRunner: a high performance SBML simulation and analysis library
------------------------------------------------------------
TENET: topological feature-based target characterization in signalling networks
------------------------------------------------------------
PPUS: a web server to predict PUS-specific pseudouridine sites
------------------------------------------------------------
Misassembly detection using paired-end sequence reads and optical mapping data
------------------------------------------------------------
Robust reconstruction of gene expression profiles from reporter gene data using linear inversion
------------------------------------------------------------
Protein (multi-)location prediction: utilizing interdependencies via a generative model
------------------------------------------------------------
Phenome-driven disease genetics prediction toward drug discovery
------------------------------------------------------------
Integrating different data types by regularized unsupervised multiple kernel learning with application to cancer subtype discovery
------------------------------------------------------------
Inferring models of multiscale copy number evolution for single-tumor phylogenetics
------------------------------------------------------------
Gene network inference by fusing data from diverse distributions
------------------------------------------------------------
A hierarchical Bayesian model for flexible module discovery in three-way time-series data
------------------------------------------------------------
Deconvolving molecular signatures of interactions between microbial colonies
------------------------------------------------------------
MSProGene: integrative proteogenomics beyond six-frames and single nucleotide polymorphisms
------------------------------------------------------------
A parallel and sensitive software tool for methylation analysis on multicore platforms
------------------------------------------------------------
IBS: an illustrator for the presentation and visualization of biological sequences
------------------------------------------------------------
Quantitative frame analysis and the annotation of GC-rich (and other) prokaryotic genomes. An application to Anaeromyxobacter dehalogenans
------------------------------------------------------------
CCLasso: correlation inference for compositional data through Lasso
------------------------------------------------------------
TiQuant: software for tissue analysis, quantification and surface reconstruction
------------------------------------------------------------
Mango: a bias-correcting ChIA-PET analysis pipeline
------------------------------------------------------------
DisVis: quantifying and visualizing accessible interaction space of distance-restrained biomolecular complexes
------------------------------------------------------------
ACE: accurate correction of errors using K-mer tries
------------------------------------------------------------
Message from the ISCB: 2015 ISCB Accomplishment by a Senior Scientist Award: Cyrus Chothia
------------------------------------------------------------
tmle.npvi: targeted, integrative search of associations between DNA copy number and gene expression, accounting for DNA methylation
------------------------------------------------------------
PopGeV: a web-based large-scale population genome browser
------------------------------------------------------------
agplus: a rapid and flexible tool for aggregation plots
------------------------------------------------------------
DSigDB: drug signatures database for gene set analysis
------------------------------------------------------------
Likelihood-based complex trait association testing for arbitrary depth sequencing data
------------------------------------------------------------
GOplot: an R package for visually combining expression data with functional analysis
------------------------------------------------------------
INPS: predicting the impact of non-synonymous variations on protein stability from sequence
------------------------------------------------------------
IonGAP: integrative bacterial genome analysis for Ion Torrent sequence data
------------------------------------------------------------
HTT-DB: horizontally transferred transposable elements database
------------------------------------------------------------
'Flatten plus': a recent implementation in WSxM for biological research
------------------------------------------------------------
kSNP3.0: SNP detection and phylogenetic analysis of genomes without genome alignment or reference genome
------------------------------------------------------------
Data-dependent bucketing improves reference-free compression of sequencing reads
------------------------------------------------------------
Analysis of impedance-based cellular growth assays
------------------------------------------------------------
MultiP-SChlo: multi-label protein subchloroplast localization prediction with Chou's pseudo amino acid composition and a novel multi-label classifier
------------------------------------------------------------
Three minimal sequences found in Ebola virus genomes and absent from human DNA
------------------------------------------------------------
ExaML version 3: a tool for phylogenomic analyses on supercomputers
------------------------------------------------------------
MSA-PAD: DNA multiple sequence alignment framework based on PFAM accessed domain information
------------------------------------------------------------
DEOD: uncovering dominant effects of cancer-driver genes based on a partial covariance selection method
------------------------------------------------------------
MeDuSa: a multi-draft based scaffolder
------------------------------------------------------------
Integration of somatic mutation, expression and functional data reveals potential driver genes predictive of breast cancer survival
------------------------------------------------------------
Identification of cell types from single-cell transcriptomes using a novel clustering method
------------------------------------------------------------
A robust approach for identifying differentially abundant features in metagenomic samples
------------------------------------------------------------
QSLiMFinder: improved short linear motif prediction using specific query protein data
------------------------------------------------------------
Test set bias affects reproducibility of gene signatures
------------------------------------------------------------
Family genome browser: visualizing genomes with pedigree information
------------------------------------------------------------
4DGenome: a comprehensive database of chromatin interactions
------------------------------------------------------------
SiPAN: simultaneous prediction and alignment of protein-protein interaction networks
------------------------------------------------------------
Structure-PPi: a module for the annotation of cancer-related single-nucleotide variants at protein-protein interfaces
------------------------------------------------------------
BMRF-Net: a software tool for identification of protein interaction subnetworks by a bagging Markov random field-based method
------------------------------------------------------------
EpIC: a rational pipeline for epitope immunogenicity characterization
------------------------------------------------------------
Alternative splicing and co-option of transposable elements: the case of TMPO/LAP2α and ZNF451 in mammals
------------------------------------------------------------
Logical transformation of genome-scale metabolic models for gene level applications and analysis
------------------------------------------------------------
Mining viral proteins for antimicrobial and cell-penetrating drug delivery peptides
------------------------------------------------------------
hiHMM: Bayesian non-parametric joint inference of chromatin state maps
------------------------------------------------------------
Mammalian genome evolution is governed by multiple pacemakers
------------------------------------------------------------
GlycoProfileAssigner: automated structural assignment with error estimation for glycan LC data
------------------------------------------------------------
A new method to improve network topological similarity search: applied to fold recognition
------------------------------------------------------------
Automated benchmarking of peptide-MHC class I binding predictions
------------------------------------------------------------
EpiToolKit--a web-based workbench for vaccine design
------------------------------------------------------------
CycleFreeFlux: efficient removal of thermodynamically infeasible loops from flux distributions
------------------------------------------------------------
Discriminating precursors of common fragments for large-scale metabolite profiling by triple quadrupole mass spectrometry
------------------------------------------------------------
Characterizing spatial distributions of astrocytes in the mammalian retina
------------------------------------------------------------
Mobility-based prediction of hydration structures of protein surfaces
------------------------------------------------------------
NxTrim: optimized trimming of Illumina mate pair reads
------------------------------------------------------------
Evolutionary profiles improve protein-protein interaction prediction from sequence
------------------------------------------------------------
Methods for the detection and assembly of novel sequence in high-throughput sequencing data
------------------------------------------------------------
GenoMetric Query Language: a novel approach to large-scale genomic data management
------------------------------------------------------------
Message from the ISCB: ISCB Ebola award for important future research on the computational biology of Ebola virus
------------------------------------------------------------
Transposome: a toolkit for annotation of transposable element families from unassembled sequence reads
------------------------------------------------------------
Where are we at regarding species translation? A review of the sbv IMPROVER challenge
------------------------------------------------------------
ASSIGN: context-specific genomic profiling of multiple heterogeneous biological pathways
------------------------------------------------------------
CypRules: a rule-based P450 inhibition prediction server
------------------------------------------------------------
KMC 2: fast and resource-frugal k-mer counting
------------------------------------------------------------
Topology-function conservation in protein-protein interaction networks
------------------------------------------------------------
More challenges for machine-learning protein interactions
------------------------------------------------------------
CellCODE: a robust latent variable approach to differential expression analysis for heterogeneous cell populations
------------------------------------------------------------
Using isoelectric point to determine the pH for initial protein crystallization trials
------------------------------------------------------------
Integrating alignment-based and alignment-free sequence similarity measures for biological sequence classification
------------------------------------------------------------
Clonality inference in multiple tumor samples using phylogeny
------------------------------------------------------------
GlycoMine: a machine learning-based approach for predicting N-, C- and O-linked glycosylation in the human proteome
------------------------------------------------------------
An automatic tool to analyze and cluster macromolecular conformations based on self-organizing maps
------------------------------------------------------------
Disk-based compression of data from genome sequencing
------------------------------------------------------------
MACE: mutation-oriented profiling of chemical response and gene expression in cancers
------------------------------------------------------------
A Bayesian framework for de novo mutation calling in parents-offspring trios
------------------------------------------------------------
Workflow4Metabolomics: a collaborative research infrastructure for computational metabolomics
------------------------------------------------------------
Epock: rapid analysis of protein pocket dynamics
------------------------------------------------------------
Response to the comment on 'protein-protein binding affinity prediction from amino acid sequence'
------------------------------------------------------------
HYCUD: a computational tool for prediction of effective rotational correlation time in flexible proteins
------------------------------------------------------------
Phy-Mer: a novel alignment-free and reference-independent mitochondrial haplogroup classifier
------------------------------------------------------------
HIPPIE: a high-throughput identification pipeline for promoter interacting enhancer elements
------------------------------------------------------------
Retrieval of Enterobacteriaceae drug targets using singular value decomposition
------------------------------------------------------------
Adaptive settings for the nearest-neighbor particle tracking algorithm
------------------------------------------------------------
An efficient TOF-SIMS image analysis with spatial correlation and alternating non-negativity-constrained least squares
------------------------------------------------------------
GenePainter v. 2.0 resolves the taxonomic distribution of intron positions
------------------------------------------------------------
Computer-assisted curation of a human regulatory core network from the biological literature
------------------------------------------------------------
LigDig: a web server for querying ligand-protein interactions
------------------------------------------------------------
A logical model of HIV-1 interactions with the T-cell activation signalling pathway
------------------------------------------------------------
MetaPSICOV: combining coevolution methods for accurate prediction of contacts and long range hydrogen bonding in proteins
------------------------------------------------------------
MGAS: a powerful tool for multivariate gene-based genome-wide association analysis
------------------------------------------------------------
Mechanotransduction map: simulation model, molecular pathway, gene set
------------------------------------------------------------
QuasR: quantification and annotation of short reads in R
------------------------------------------------------------
Genomation: a toolkit to summarize, annotate and visualize genomic intervals
------------------------------------------------------------
Molecular principles of human virus protein-protein interactions
------------------------------------------------------------
NucleusJ: an ImageJ plugin for quantifying 3D images of interphase nuclei
------------------------------------------------------------
Biological Dynamics Markup Language (BDML): an open format for representing quantitative biological dynamics data
------------------------------------------------------------
SAMNetWeb: identifying condition-specific networks linking signaling and transcription
------------------------------------------------------------
Evolutionary non-linear modelling for selecting vaccines against antigenically variable viruses
------------------------------------------------------------
E-MEM: efficient computation of maximal exact matches for very large genomes
------------------------------------------------------------
SYSBIONS: nested sampling for systems biology
------------------------------------------------------------
mimicMe: a web server for prediction and analysis of host-like proteins in microbial pathogens
------------------------------------------------------------
ViQuaS: an improved reconstruction pipeline for viral quasispecies spectra generated by next-generation sequencing
------------------------------------------------------------
M-path: a compass for navigating potential metabolic pathways
------------------------------------------------------------
UniRef clusters: a comprehensive and scalable alternative for improving sequence similarity searches
------------------------------------------------------------
SNV-PPILP: refined SNV calling for tumor data using perfect phylogenies and ILP
------------------------------------------------------------
DISOPRED3: precise disordered region predictions with annotated protein-binding activity
------------------------------------------------------------
Optimization method for obtaining nearest-neighbour DNA entropies and enthalpies directly from melting temperatures
------------------------------------------------------------
EVpedia: a community web portal for extracellular vesicles research
------------------------------------------------------------
Comment on 'protein-protein binding affinity prediction from amino acid sequence'
------------------------------------------------------------
Mass spectrometry-based protein identification with accurate statistical significance assignment
------------------------------------------------------------
PALMsiever: a tool to turn raw data into results for single-molecule localization microscopy
------------------------------------------------------------
deML: robust demultiplexing of Illumina sequences using a likelihood-based approach
------------------------------------------------------------
SEABED: Small molEcule activity scanner weB servicE baseD
------------------------------------------------------------
A coalescent-based method for population tree inference with haplotypes
------------------------------------------------------------
Waggawagga: comparative visualization of coiled-coil predictions and detection of stable single α-helices (SAH domains)
------------------------------------------------------------
A model for the expression of gap genes based on the Jeffreys-type equation
------------------------------------------------------------
Context similarity scoring improves protein sequence alignments in the midnight zone
------------------------------------------------------------
LIGSIFT: an open-source tool for ligand structural alignment and virtual screening
------------------------------------------------------------
Statistical significance of variables driving systematic variation in high-dimensional data
------------------------------------------------------------
Seed: a user-friendly tool for exploring and visualizing microbial community data
------------------------------------------------------------
FuncPatch: a web server for the fast Bayesian inference of conserved functional patches in protein 3D structures
------------------------------------------------------------
Genome measures used for quality control are dependent on gene function and ancestry
------------------------------------------------------------
Deviance residuals-based sparse PLS and sparse kernel PLS regression for censored data
------------------------------------------------------------
VCF2Networks: applying genotype networks to single-nucleotide variants data
------------------------------------------------------------
CompMap: a reference-based compression program to speed up read mapping to related reference sequences
------------------------------------------------------------
PFP/ESG: automated protein function prediction servers enhanced with Gene Ontology visualization tool
------------------------------------------------------------
A Python package for parsing, validating, mapping and formatting sequence variants using HGVS nomenclature
------------------------------------------------------------
Enlight: web-based integration of GWAS results with biological annotations
------------------------------------------------------------
PHI-DAC: protein homology database through dihedral angle conservation
------------------------------------------------------------
Rcpi: R/Bioconductor package to generate various descriptors of proteins, compounds and their interactions
------------------------------------------------------------
RAMONA: a Web application for gene set analysis on multilevel omics data
------------------------------------------------------------
The Ensembl REST API: Ensembl Data for Any Language
------------------------------------------------------------
Using population data for assessing next-generation sequencing performance
------------------------------------------------------------
JAMM: a peak finder for joint analysis of NGS replicates
------------------------------------------------------------
cddApp: a Cytoscape app for accessing the NCBI conserved domain database
------------------------------------------------------------
ballaxy: web services for structural bioinformatics
------------------------------------------------------------
CCharPPI web server: computational characterization of protein-protein interactions from structure
------------------------------------------------------------
VirVarSeq: a low-frequency virus variant detection pipeline for Illumina sequencing using adaptive base-calling accuracy filtering
------------------------------------------------------------
Individual-level analysis of differential expression of genes and pathways for personalized medicine
------------------------------------------------------------
Inter-species inference of gene set enrichment in lung epithelial cells from proteomic and large transcriptomic datasets
------------------------------------------------------------
Predicting protein phosphorylation from gene expression: top methods from the IMPROVER Species Translation Challenge
------------------------------------------------------------
The Bioinformatics Open Source Conference (BOSC) 2013
------------------------------------------------------------
Inter-species prediction of protein phosphorylation in the sbv IMPROVER species translation challenge
------------------------------------------------------------
A unifying framework for rare variant association testing in family-based designs, including higher criticism approaches, SKATs, and burden tests
------------------------------------------------------------
HiChIP-Peaks: a HiChIP peak calling algorithm
------------------------------------------------------------
Secure multiparty computation for privacy-preserving drug discovery
------------------------------------------------------------
breakpointR: an R/Bioconductor package to localize strand state changes in Strand-seq data
------------------------------------------------------------
DiffNetFDR: differential network analysis with false discovery rate control
------------------------------------------------------------
FastSpar: rapid and scalable correlation estimation for compositional data
------------------------------------------------------------
A network-based zoning for parallel whole-cell simulation
------------------------------------------------------------
LRSSL: predict and interpret drug-disease associations based on data integration using sparse subspace learning
------------------------------------------------------------
Fast and efficient QTL mapper for thousands of molecular phenotypes
------------------------------------------------------------
NBSPred: a support vector machine-based high-throughput pipeline for plant resistance protein NBSLRR prediction
------------------------------------------------------------
Extending gene ontology with gene association networks
------------------------------------------------------------
PBAP: a pipeline for file processing and quality control of pedigree data with dense genetic markers
------------------------------------------------------------
An alternative approach to multiple testing for methylation QTL mapping reduces the proportion of falsely identified CpGs
------------------------------------------------------------
CRAMER: a lightweight, highly customizable web-based genome browser supporting multiple visualization instances
------------------------------------------------------------
Vaxign-ML: supervised machine learning reverse vaccinology model for improved prediction of bacterial protective antigens
------------------------------------------------------------
DL4papers: a deep learning approach for the automatic interpretation of scientific articles
------------------------------------------------------------
PlasGUN: gene prediction in plasmid metagenomic short reads using deep learning
------------------------------------------------------------
netGO: R-Shiny package for network-integrated pathway enrichment analysis
------------------------------------------------------------
Marker controlled superpixel nuclei segmentation and automatic counting on immunohistochemistry staining images
------------------------------------------------------------
ARGminer: a web platform for the crowdsourcing-based curation of antibiotic resistance genes
------------------------------------------------------------
GeneSwitches: ordering gene expression and functional events in single-cell experiments
------------------------------------------------------------
SurfaceGenie: a web-based application for prioritizing cell-type-specific marker candidates
------------------------------------------------------------
Polar labeling: silver standard algorithm for training disease classifiers
------------------------------------------------------------
A cautionary tale on using imputation methods for inference in matched-pairs design
------------------------------------------------------------
GpABC: a Julia package for approximate Bayesian computation with Gaussian process emulation
------------------------------------------------------------
DEEPrior: a deep learning tool for the prioritization of gene fusions
------------------------------------------------------------
GiniQC: a measure for quantifying noise in single-cell Hi-C data
------------------------------------------------------------
Domain-adversarial multi-task framework for novel therapeutic property prediction of compounds
------------------------------------------------------------
Integrative analysis of cross-modal features for the prognosis prediction of clear cell renal cell carcinoma
------------------------------------------------------------
Morbigenous brain region and gene detection with a genetically evolved random neural network cluster approach in late mild cognitive impairment
------------------------------------------------------------
RxnBLAST: molecular scaffold and reactive chemical environment feature extractor for biochemical reactions
------------------------------------------------------------
Targeted realignment of LC-MS profiles by neighbor-wise compound-specific graphical time warping with misalignment detection
------------------------------------------------------------
3D-Cell-Annotator: an open-source active surface tool for single-cell segmentation in 3D microscopy images
------------------------------------------------------------
BMDx: a graphical Shiny application to perform Benchmark Dose analysis for transcriptomics data
------------------------------------------------------------
The ELIXIR Core Data Resources: fundamental infrastructure for the life sciences
------------------------------------------------------------
AnnoGen: annotating genome-wide pragmatic features
------------------------------------------------------------
AlpsNMR: an R package for signal processing of fully untargeted NMR-based metabolomics
------------------------------------------------------------
UDSMProt: universal deep sequence models for protein classification
------------------------------------------------------------
FunGeCo: a web-based tool for estimation of functional potential of bacterial genomes and microbiomes using gene context information
------------------------------------------------------------
Benchmarking immunoinformatic tools for the analysis of antibody repertoire sequences
------------------------------------------------------------
PheGWAS: a new dimension to visualize GWAS across multiple phenotypes
------------------------------------------------------------
Meta-analysis of Caenorhabditis elegans single-cell developmental data reveals multi-frequency oscillation in gene activation
------------------------------------------------------------
Regional imaging genetic enrichment analysis
------------------------------------------------------------
A framework for exhaustive modelling of genetic interaction patterns using Petri nets
------------------------------------------------------------
VarGen: an R package for disease-associated variant discovery and annotation
------------------------------------------------------------
pqsfinder web: G-quadruplex prediction using optimized pqsfinder algorithm
------------------------------------------------------------
eCAMI: simultaneous classification and motif identification for enzyme annotation
------------------------------------------------------------
Fusion-Bloom: fusion detection in assembled transcriptomes
------------------------------------------------------------
Incorporating heterogeneous sampling probabilities in continuous phylogeographic inference - Application to H5N1 spread in the Mekong region
------------------------------------------------------------
genBaRcode: a comprehensive R-package for genetic barcode analysis
------------------------------------------------------------
Proactive visual and statistical analysis of genomic data in Epiviz
------------------------------------------------------------
NextPolish: a fast and efficient genome polishing tool for long-read assembly
------------------------------------------------------------
A fast and memory-efficient implementation of the transfer bootstrap
------------------------------------------------------------
Distance measures for tumor evolutionary trees
------------------------------------------------------------
SCOT: Rethinking the classification of secondary structure elements
------------------------------------------------------------
An integrative approach for fine-mapping chromatin interactions
------------------------------------------------------------
SPDI: data model for variants and applications at NCBI
------------------------------------------------------------
On the inconsistent treatment of gene-protein-reaction rules in context-specific metabolic models
------------------------------------------------------------
Model selection for metabolomics: predicting diagnosis of coronary artery disease using automated machine learning
------------------------------------------------------------
Quantifying functional impact of non-coding variants with multi-task Bayesian neural network
------------------------------------------------------------
Generalized Born radii computation using linear models and neural networks
------------------------------------------------------------
Multi-kernel linear mixed model with adaptive lasso for prediction analysis on high-dimensional multi-omics data
------------------------------------------------------------
Influenza classification from short reads with VAPOR facilitates robust mapping pipelines and zoonotic strain detection for routine surveillance applications
------------------------------------------------------------
GenCLiP 3: mining human genes' functions and regulatory networks from PubMed based on co-occurrences and natural language processing
------------------------------------------------------------
PhyloMagnet: fast and accurate screening of short-read meta-omics data using gene-centric phylogenetics
------------------------------------------------------------
Matched Forest: supervised learning for high-dimensional matched case-control studies
------------------------------------------------------------
Mat_peptide: comprehensive annotation of mature peptides from polyproteins in five virus families
------------------------------------------------------------
Domain-invariant features for mechanism of action prediction in a multi-cell-line drug screen
------------------------------------------------------------
Identification of metabolites from tandem mass spectra with a machine learning approach utilizing structural features
------------------------------------------------------------
DRUDIT: web-based DRUgs DIscovery Tools to design small molecules as modulators of biological targets
------------------------------------------------------------
BCrystal: an interpretable sequence-based protein crystallization predictor
------------------------------------------------------------
MIRUReader: MIRU-VNTR typing directly from long sequencing reads
------------------------------------------------------------
Learning from the ligand: using ligand-based features to improve binding affinity prediction
------------------------------------------------------------
BCSExplorer: a customized biosynthetic chemical space explorer with multifunctional objective function analysis
------------------------------------------------------------
Feature selection may improve deep neural networks for the bioinformatics problems
------------------------------------------------------------
CircaCompare: a method to estimate and statistically support differences in mesor, amplitude and phase, between circadian rhythms
------------------------------------------------------------
phylogenize: correcting for phylogeny reveals genes associated with microbial distributions
------------------------------------------------------------
A fast and memory efficient MLCS algorithm by character merging for DNA sequences alignment
------------------------------------------------------------
VikNGS: a C++ variant integration kit for next generation sequencing association analysis
------------------------------------------------------------
MetaQUBIC: a computational pipeline for gene-level functional profiling of metagenome and metatranscriptome
------------------------------------------------------------
Zombi: a phylogenetic simulator of trees, genomes and sequences that accounts for dead linages
------------------------------------------------------------
The CroCo cross-link converter: a user-centred tool to convert results from cross-linking mass spectrometry experiments
------------------------------------------------------------
Hexa-Longin domain scaffolds for inter-Rab signalling
------------------------------------------------------------
Metric learning on expression data for gene function prediction
------------------------------------------------------------
Chordomics: a visualization tool for linking function to phylogeny in microbiomes
------------------------------------------------------------
Learning a mixture of microbial networks using minorization-maximization
------------------------------------------------------------
ISMB/ECCB 2019 Proceedings
------------------------------------------------------------
Using the structure of genome data in the design of deep neural networks for predicting amyotrophic lateral sclerosis from genotype
------------------------------------------------------------
MCS2: minimal coordinated supports for fast enumeration of minimal cut sets in metabolic networks
------------------------------------------------------------
Inference of clonal selection in cancer populations using single-cell sequencing data
------------------------------------------------------------
scOrange-a tool for hands-on training of concepts from single-cell data analytics
------------------------------------------------------------
Reconstructing signaling pathways using regular language constrained paths
------------------------------------------------------------
Robust network inference using response logic
------------------------------------------------------------
pNovo 3: precise de novo peptide sequencing using a learning-to-rank framework
------------------------------------------------------------
Identifying and ranking potential driver genes of Alzheimer's disease using multiview evidence aggregation
------------------------------------------------------------
Bayesian metabolic flux analysis reveals intracellular flux couplings
------------------------------------------------------------
Rotation equivariant and invariant neural networks for microscopy image analysis
------------------------------------------------------------
Deep learning with multimodal representation for pancancer prognosis prediction
------------------------------------------------------------
Integrating read-based and population-based phasing for dense and accurate haplotyping of individual genomes
------------------------------------------------------------
Identifying progressive imaging genetic patterns via multi-task sparse canonical correlation analysis: a longitudinal study of the ADNI cohort
------------------------------------------------------------
Fast and accurate correction of optical mapping data via spaced seeds
------------------------------------------------------------
dbgap2x: an R package to explore and extract data from the database of Genotypes and Phenotypes (dbGaP)
------------------------------------------------------------
A reinforcement-learning-based approach to enhance exhaustive protein loop sampling
------------------------------------------------------------
Non-homogeneous dynamic Bayesian networks with edge-wise sequentially coupled parameters
------------------------------------------------------------
SimkaMin: fast and resource frugal de novo comparative metagenomics
------------------------------------------------------------
DeepCOP: deep learning-based approach to predict gene regulating effects of small molecules
------------------------------------------------------------
EasyModel: user-friendly tool for building and analysis of simple mathematical models in systems biology
------------------------------------------------------------
NExUS: Bayesian simultaneous network estimation across unequal sample sizes
------------------------------------------------------------
A likelihood method for estimating present-day human contamination in ancient male samples using low-depth X-chromosome data
------------------------------------------------------------
Automatic local resolution-based sharpening of cryo-EM maps
------------------------------------------------------------
Improved representation of sequence bloom trees
------------------------------------------------------------
BioBERT: a pre-trained biomedical language representation model for biomedical text mining
------------------------------------------------------------
EpiSAFARI: sensitive detection of valleys in epigenetic signals for enhancing annotations of functional elements
------------------------------------------------------------
HiLight-PTM: an online application to aid matching peptide pairs with isotopically labelled PTMs
------------------------------------------------------------
LightDock goes information-driven
------------------------------------------------------------
MEPSAnd: minimum energy path surface analysis over n-dimensional surfaces
------------------------------------------------------------
BBKNN: fast batch alignment of single cell transcriptomes
------------------------------------------------------------
pWGBSSimla: a profile-based whole-genome bisulfite sequencing data simulator incorporating methylation QTLs, allele-specific methylations and differentially methylated regions
------------------------------------------------------------
DNA Rchitect: an R based visualizer for network analysis of chromatin interaction data
------------------------------------------------------------
PIRD: Pan Immune Repertoire Database
------------------------------------------------------------
Predicting the effects of SNPs on transcription factor binding affinity
------------------------------------------------------------
DEEPCON: protein contact prediction using dilated convolutional neural networks with dropout
------------------------------------------------------------
Predicting promoters in phage genomes using PhagePromoter
------------------------------------------------------------
MPRAscore: robust and non-parametric analysis of massively parallel reporter assays
------------------------------------------------------------
Identifying small-effect genetic associations overlooked by the conventional fixed-effect model in a large-scale meta-analysis of coronary artery disease
------------------------------------------------------------
BioNorm: deep learning-based event normalization for the curation of reaction databases
------------------------------------------------------------
Efficient parameterization of large-scale dynamic models based on relative measurements
------------------------------------------------------------
SquiggleKit: a toolkit for manipulating nanopore signal data
------------------------------------------------------------
sAOP: linking chemical stressors to adverse outcomes pathway networks
------------------------------------------------------------
PTM-Logo: a program for generation of sequence logos based on position-specific background amino-acid probabilities
------------------------------------------------------------
Integrating distal and proximal information to predict gene expression via a densely connected convolutional neural network
------------------------------------------------------------
VariantQC: a visual quality control report for variant evaluation
------------------------------------------------------------
QuanTest2: benchmarking multiple sequence alignments using secondary structure prediction
------------------------------------------------------------
MCMCtreeR: functions to prepare MCMCtree analyses and visualize posterior ages on trees
------------------------------------------------------------
Noise-cancelling repeat finder: uncovering tandem repeats in error-prone long-read sequencing data
------------------------------------------------------------
MemBlob database and server for identifying transmembrane regions using cryo-EM maps
------------------------------------------------------------
Look4TRs: a de novo tool for detecting simple tandem repeats using self-supervised hidden Markov models
------------------------------------------------------------
Comparison of single and module-based methods for modeling gene regulatory networks
------------------------------------------------------------
Haplotype assembly of autotetraploid potato using integer linear programing
------------------------------------------------------------
Simultaneous prediction of multiple outcomes using revised stacking algorithms
------------------------------------------------------------
Benchmarking fold detection by DaliLite v.5
------------------------------------------------------------
A helical lock and key model of polyproline II conformation with SH3
------------------------------------------------------------
Sub-dominant principal components inform new vaccine targets for HIV Gag
------------------------------------------------------------
TCR3d: The T cell receptor structural repertoire database
------------------------------------------------------------
Hydra image processor: 5-D GPU image analysis library with MATLAB and python wrappers
------------------------------------------------------------
A fully computational and reasonable representation for karyotypes
------------------------------------------------------------
OncodriveCLUSTL: a sequence-based clustering method to identify cancer drivers
------------------------------------------------------------
Deep representation learning for domain adaptable classification of infrared spectral imaging data
------------------------------------------------------------
Towards reliable named entity recognition in the biomedical domain
------------------------------------------------------------
svtools: population-scale analysis of structural variation
------------------------------------------------------------
A sequential algorithm to detect diffusion switching along intracellular particle trajectories
------------------------------------------------------------
Sequence alignment using machine learning for accurate template-based protein structure prediction
------------------------------------------------------------
Nanopype: a modular and scalable nanopore data processing pipeline
------------------------------------------------------------
A dynamic programing approach to integrate gene expression data and network information for pathway model generation
------------------------------------------------------------
Scaling tree-based automated machine learning to biomedical big data with a feature set selector
------------------------------------------------------------
Gene set enrichment for reproducible science: comparison of CERNO and eight other algorithms
------------------------------------------------------------
Smart computational exploration of stochastic gene regulatory network models using human-in-the-loop semi-supervised learning
------------------------------------------------------------
Deep fusion of contextual and object-based representations for delineation of multiple nuclear phenotypes
------------------------------------------------------------
Benchmarking of 4C-seq pipelines based on real and simulated data
------------------------------------------------------------
clustermq enables efficient parallelization of genomic analyses
------------------------------------------------------------
Improving data splitting for classification applications in spectrochemical analyses employing a random-mutation Kennard-Stone algorithm approach
------------------------------------------------------------
deepDR: a network-based deep learning approach to in silico drug repositioning
------------------------------------------------------------
SureTypeSC-a Random Forest and Gaussian mixture predictor of high confidence genotypes in single-cell data
------------------------------------------------------------
ReSimNet: drug response similarity prediction using Siamese neural networks
------------------------------------------------------------
NRStitcher: non-rigid stitching of terapixel-scale volumetric images
------------------------------------------------------------
MetaQUBIC: a computational pipeline for gene-level functional profiling of metagenome and metatranscriptome
------------------------------------------------------------
HyAsP, a greedy tool for plasmids identification
------------------------------------------------------------
CytoPacq: a web-interface for simulating multi-dimensional cell imaging
------------------------------------------------------------
Accurate differential analysis of transcription factor activity from gene expression
------------------------------------------------------------
Multi-SNP mediation intersection-union test
------------------------------------------------------------
MyelinJ: an ImageJ macro for high throughput analysis of myelinating cultures
------------------------------------------------------------
DeepPASTA: deep neural network based polyadenylation site analysis
------------------------------------------------------------
Tibanna: software for scalable execution of portable pipelines on the cloud
------------------------------------------------------------
ProSampler: an ultrafast and accurate motif finder in large ChIP-seq datasets for combinatory motif discovery
------------------------------------------------------------
FP2VEC: a new molecular featurizer for learning molecular properties
------------------------------------------------------------
TractaViewer: a genome-wide tool for preliminary assessment of therapeutic target druggability
------------------------------------------------------------
gpart: human genome partitioning and visualization of high-density SNP data by identifying haplotype blocks
------------------------------------------------------------
Large-scale prediction of binding affinity in protein-small ligand complexes: the PRODIGY-LIG web server
------------------------------------------------------------
Dynamical important residue network (DIRN): network inference via conformational change
------------------------------------------------------------
Develop machine learning-based regression predictive models for engineering protein solubility
------------------------------------------------------------
ClinOmicsTrailbc: a visual analytics tool for breast cancer treatment stratification
------------------------------------------------------------
Overlap graph-based generation of haplotigs for diploids and polyploids
------------------------------------------------------------
Fast detection of maximal exact matches via fixed sampling of query K-mers and Bloom filtering of index K-mers
------------------------------------------------------------
Graph-based data integration from bioactive peptide databases of pharmaceutical interest: toward an organized collection enabling visual network analysis
------------------------------------------------------------
A new statistic for efficient detection of repetitive sequences
------------------------------------------------------------
IsoformSwitchAnalyzeR: analysis of changes in genome-wide patterns of alternative splicing and its functional consequences
------------------------------------------------------------
Lipid Mini-On: mining and ontology tool for enrichment analysis of lipidomic data
------------------------------------------------------------
Unsupervised discovery of phenotype-specific multi-omics networks
------------------------------------------------------------
Protein multiple alignments: sequence-based versus structure-based programs
------------------------------------------------------------
Assessing reproducibility of matrix factorization methods in independent transcriptomes
------------------------------------------------------------
Developing structural profile matrices for protein secondary structure and solvent accessibility prediction
------------------------------------------------------------
Kinpute: using identity by descent to improve genotype imputation
------------------------------------------------------------
Simulation-assisted machine learning
------------------------------------------------------------
ASTRAL-MP: scaling ASTRAL to very large datasets using randomization and parallelization
------------------------------------------------------------
IsoCor: isotope correction for high-resolution MS labeling experiments
------------------------------------------------------------
Compressed filesystem for managing large genome collections
------------------------------------------------------------
Differential network enrichment analysis reveals novel lipid pathways in chronic kidney disease
------------------------------------------------------------
CyTOFmerge: integrating mass cytometry data across multiple panels
------------------------------------------------------------
mirtronDB: a mirtron knowledge base
------------------------------------------------------------
Protein model quality assessment using 3D oriented convolutional neural networks
------------------------------------------------------------
onlineFDR: an R package to control the false discovery rate for growing data repositories
------------------------------------------------------------
GToTree: a user-friendly workflow for phylogenomics
------------------------------------------------------------
Bit-parallel sequence-to-graph alignment
------------------------------------------------------------
MeSHProbeNet: a self-attentive probe net for MeSH indexing
------------------------------------------------------------
Automated exploration of gene ontology term and pathway networks with ClueGO-REST
------------------------------------------------------------
Bacterial Feature Finder (BaFF)-a system for extracting features overrepresented in sets of prokaryotic organisms
------------------------------------------------------------
Aggrescan3D standalone package for structure-based prediction of protein aggregation properties
------------------------------------------------------------
VERA: agent-based modeling transmission of antibiotic resistance between human pathogens and gut microbiota
------------------------------------------------------------
RECAP reveals the true statistical significance of ChIP-seq peak calls
------------------------------------------------------------
Functional geometry of protein interactomes
------------------------------------------------------------
SinNLRR: a robust subspace clustering method for cell type detection by non-negative and low-rank representation
------------------------------------------------------------
Batch effects correction for microbiome data with Dirichlet-multinomial regression
------------------------------------------------------------
SPIM workflow manager for HPC
------------------------------------------------------------
Missing value estimation methods for DNA methylation data
------------------------------------------------------------
Parameter balancing: consistent parameter sets for kinetic metabolic models
------------------------------------------------------------
GlycanAnalyzer: software for automated interpretation of N-glycan profiles after exoglycosidase digestions
------------------------------------------------------------
Explore, edit and leverage genomic annotations using Python GTF toolkit
------------------------------------------------------------
Driver network as a biomarker: systematic integration and network modeling of multi-omics data to derive driver signaling pathways for drug combination prediction
------------------------------------------------------------
Biomolecular Reaction and Interaction Dynamics Global Environment (BRIDGE)
------------------------------------------------------------
Gsmodutils: a python based framework for test-driven genome scale metabolic model development
------------------------------------------------------------
refineD: improved protein structure refinement using machine learning based restrained relaxation
------------------------------------------------------------
Modeling cell proliferation in human acute myeloid leukemia xenografts
------------------------------------------------------------
Variational infinite heterogeneous mixture model for semi-supervised clustering of heart enhancers
------------------------------------------------------------
Structured crowdsourcing enables convolutional segmentation of histology images
------------------------------------------------------------
G4Hunter web application: a web server for G-quadruplex prediction
------------------------------------------------------------
SaGePhy: an improved phylogenetic simulation framework for gene and subgene evolution
------------------------------------------------------------
GLAD: GLycan Array Dashboard, a visual analytics tool for glycan microarrays
------------------------------------------------------------
Rapid alignment-free phylogenetic identification of metagenomic sequences
------------------------------------------------------------
Predicting runtimes of bioinformatics tools based on historical data: five years of Galaxy usage
------------------------------------------------------------
Reviewer-coerced citation: case report, update on journal policy and suggestions for future prevention
------------------------------------------------------------
NEMO: cancer subtyping by integration of partial multi-omic data
------------------------------------------------------------
Comorbidity4j: a tool for interactive analysis of disease comorbidities over large patient datasets
------------------------------------------------------------
Comparison of statistical algorithms for daily syndromic surveillance aberration detection
------------------------------------------------------------
ensembldb: an R package to create and use Ensembl-based annotation resources
------------------------------------------------------------
Inferring clonal heterogeneity in cancer using SNP arrays and whole genome sequencing
------------------------------------------------------------
Best-first search guided multistage mass spectrometry-based glycan identification
------------------------------------------------------------
SVIM: structural variant identification using mapped long reads
------------------------------------------------------------
Functional data analysis for computational biology
------------------------------------------------------------
OLGA: fast computation of generation probabilities of B- and T-cell receptor amino acid sequences and motifs
------------------------------------------------------------
queryMed: Semantic Web functions for linking pharmacological and medical knowledge to data
------------------------------------------------------------
DIABLO: an integrative approach for identifying key molecular drivers from multi-omics assays
------------------------------------------------------------
Xolik: finding cross-linked peptides with maximum paired scores in linear time
------------------------------------------------------------
An accurate and powerful method for copy number variation detection
------------------------------------------------------------
A web application and service for imputing and visualizing missense variant effect maps
------------------------------------------------------------
MSC: a metagenomic sequence classification algorithm
------------------------------------------------------------
Large-scale analysis of human gene expression variability associates highly variable drug targets with lower drug effectiveness and safety
------------------------------------------------------------
AQUAPONY: visualization and interpretation of phylogeographic information on phylogenetic trees
------------------------------------------------------------
CluMSID: an R package for similarity-based clustering of tandem mass spectra to aid feature annotation in metabolomics
------------------------------------------------------------
PyLink: a PyMOL plugin to identify links
------------------------------------------------------------
polymapR-linkage analysis and genetic map construction from F1 populations of outcrossing polyploids
------------------------------------------------------------
PopCluster: an algorithm to identify genetic variants with ethnicity-dependent effects
------------------------------------------------------------
Transcriptogramer: an R/Bioconductor package for transcriptional analysis based on protein-protein interaction
------------------------------------------------------------
Breaking the paradigm: Dr Insight empowers signature-free, enhanced drug repurposing
------------------------------------------------------------
MMseqs2 desktop and local web server app for fast, interactive sequence searches
------------------------------------------------------------
Promoter analysis and prediction in the human genome using sequence-based deep learning models
------------------------------------------------------------
UbiHub: a data hub for the explorers of ubiquitination pathways
------------------------------------------------------------
MoMo: discovery of statistically significant post-translational modification motifs
------------------------------------------------------------
GfaViz: flexible and interactive visualization of GFA sequence graphs
------------------------------------------------------------
Systematic selection of chemical fingerprint features improves the Gibbs energy prediction of biochemical reactions
------------------------------------------------------------
PredGly: predicting lysine glycation sites for Homo sapiens based on XGboost feature optimization
------------------------------------------------------------
Systematic characterization and prediction of post-translational modification cross-talk between proteins
------------------------------------------------------------
Ancestral sequence reconstruction: accounting for structural information by averaging over replacement matrices
------------------------------------------------------------
DNABarcodeCompatibility: an R-package for optimizing DNA-barcode combinations in multiplex sequencing experiments
------------------------------------------------------------
Inter-residue interactions in alpha-helical transmembrane proteins
------------------------------------------------------------
Comment on: 'Empirical comparison of web-based antimicrobial peptide prediction tools'
------------------------------------------------------------
Insights on protein thermal stability: a graph representation of molecular interactions
------------------------------------------------------------
WIlsON: Web-based Interactive Omics VisualizatioN
------------------------------------------------------------
Accurate and efficient estimation of small P-values with the cross-entropy method: applications in genomic data analysis
------------------------------------------------------------
GEMPROT: visualization of the impact on the protein of the genetic variants found on each haplotype
------------------------------------------------------------
Detection of rare disease variants in extended pedigrees using RVS
------------------------------------------------------------
DeeReCT-PolyA: a robust and generic deep learning method for PAS identification
------------------------------------------------------------
TADOSS: computational estimation of tandem domain swap stability
------------------------------------------------------------
PPaxe: easy extraction of protein occurrence and interactions from the scientific literature
------------------------------------------------------------
On the biases in predictions of protein stability changes upon variations: the INPS test case
------------------------------------------------------------
A structural homology approach for computational protein design with flexible backbone
------------------------------------------------------------
EpistasisRank and EpistasisKatz: interaction network centrality methods that integrate prior knowledge networks
------------------------------------------------------------
GenCoF: a graphical user interface to rapidly remove human genome contaminants from metagenomic datasets
------------------------------------------------------------
Clustering of samples with a tree-shaped dependence structure, with an application to microscopic time lapse imaging
------------------------------------------------------------
A Drug-Side Effect Context-Sensitive Network approach for drug target prediction
------------------------------------------------------------
MDPbiome: microbiome engineering through prescriptive perturbations
------------------------------------------------------------
Single cell network analysis with a mixture of Nested Effects Models
------------------------------------------------------------
piMGM: incorporating multi-source priors in mixed graphical models for learning disease networks
------------------------------------------------------------
A Boolean network inference from time-series gene expression data using a genetic algorithm
------------------------------------------------------------
Towards an accurate and efficient heuristic for species/gene tree co-estimation
------------------------------------------------------------
Higher-order molecular organization as a source of biological function
------------------------------------------------------------
S-Cluster++: a fast program for solving the cluster containment problem for phylogenetic networks
------------------------------------------------------------
OPA2Vec: combining formal and informal content of biomedical ontologies to improve similarity-based prediction
------------------------------------------------------------
Measurement error and variant-calling in deep Illumina sequencing of HIV
------------------------------------------------------------
wgd-simple command line tools for the analysis of ancient whole-genome duplications
------------------------------------------------------------
Improved inference of intermolecular contacts through protein-protein interaction prediction using coevolutionary analysis
------------------------------------------------------------
High-complexity regions in mammalian genomes are enriched for developmental genes
------------------------------------------------------------
Antibody interface prediction with 3D Zernike descriptors and SVM
------------------------------------------------------------
Supervised non-negative matrix factorization methods for MALDI imaging applications
------------------------------------------------------------
gwasurvivr: an R package for genome-wide survival analysis
------------------------------------------------------------
ukbREST: efficient and streamlined data access for reproducible research in large biobanks
------------------------------------------------------------
Partially non-homogeneous dynamic Bayesian networks based on Bayesian regression models with partitioned design matrices
------------------------------------------------------------
BatchI: Batch effect Identification in high-throughput screening data using a dynamic programming algorithm
------------------------------------------------------------
Simple tricks of convolutional neural network architectures improve DNA-protein binding prediction
------------------------------------------------------------
VCPA: genomic variant calling pipeline and data management tool for Alzheimer's Disease Sequencing Project
------------------------------------------------------------
Alignment-free clustering of UMI tagged DNA molecules
------------------------------------------------------------
SENSE: Siamese neural network for sequence embedding and alignment-free comparison
------------------------------------------------------------
SeeVis-3D space-time cube rendering for visualization of microfluidics image data
------------------------------------------------------------
methylGSA: a Bioconductor package and Shiny app for DNA methylation data length bias adjustment in gene set testing
------------------------------------------------------------
Long-term context-dependent genetic adaptation of the viral genetic cloud
------------------------------------------------------------
BMDExpress 2: enhanced transcriptomic dose-response analysis workflow
------------------------------------------------------------
Integrative cancer patient stratification via subspace merging
------------------------------------------------------------
Quality assessment for the putative intrinsic disorder in proteins
------------------------------------------------------------
CSBFinder: discovery of colinear syntenic blocks across thousands of prokaryotic genomes
------------------------------------------------------------
Joint analysis of individual-level and summary-level GWAS data by leveraging pleiotropy
------------------------------------------------------------
Cross-type biomedical named entity recognition with deep multi-task learning
------------------------------------------------------------
PlateDesigner: a web-based application for the design of microplate experiments
------------------------------------------------------------
A novel approach for drug response prediction in cancer cell lines via network representation learning
------------------------------------------------------------
TEPIC 2-an extended framework for transcription factor binding prediction and integrative epigenomic analysis
------------------------------------------------------------
MetaOmics: analysis pipeline and browser-based software suite for transcriptomic meta-analysis
------------------------------------------------------------
QuagmiR: a cloud-based application for isomiR big data analytics
------------------------------------------------------------
CoMM: a collaborative mixed model to dissecting genetic contributions to complex traits by leveraging regulatory information
------------------------------------------------------------
DIGREM: an integrated web-based platform for detecting effective multi-drug combinations
------------------------------------------------------------
DeepHINT: understanding HIV-1 integration via deep learning with attention
------------------------------------------------------------
De novo pattern discovery enables robust assessment of functional consequences of non-coding variants
------------------------------------------------------------
Squiggle: a user-friendly two-dimensional DNA sequence visualization tool
------------------------------------------------------------
On the viability of unsupervised T-cell receptor sequence clustering for epitope preference
------------------------------------------------------------
Misunderstood parameter of NCBI BLAST impacts the correctness of bioinformatics workflows
------------------------------------------------------------
Exploring sequence-based features for the improved prediction of DNA N4-methylcytosine sites in multiple species
------------------------------------------------------------
A clustering linear combination approach to jointly analyze multiple phenotypes for GWAS
------------------------------------------------------------
The Encyclopedia of Proteome Dynamics: the KinoViewer
------------------------------------------------------------
TOBMI: trans-omics block missing data imputation using a k-nearest neighbor weighted approach
------------------------------------------------------------
Phylolink: phylogenetically-based profiling, visualisations and metrics for biodiversity
------------------------------------------------------------
smCounter2: an accurate low-frequency variant caller for targeted sequencing data with unique molecular identifiers
------------------------------------------------------------
De novo construction of polyploid linkage maps using discrete graphical models
------------------------------------------------------------
Bayesian integrative model for multi-omics data with missingness
------------------------------------------------------------
SCOP: a novel scaffolding algorithm based on contig classification and optimization
------------------------------------------------------------
Deconvoluting essential gene signatures for cancer growth from genomic expression in compound-treated cells
------------------------------------------------------------
A generic deep convolutional neural network framework for prediction of receptor-ligand interactions-NetPhosPan: application to kinase phosphorylation prediction
------------------------------------------------------------
HLA-IMPUTER: an easy to use web application for HLA imputation and association analysis using population-specific reference panels
------------------------------------------------------------
A generalized framework for controlling FDR in gene regulatory network inference
------------------------------------------------------------
Traitpedia: a collaborative effort to gather species traits
------------------------------------------------------------
NCycDB: a curated integrative database for fast and accurate metagenomic profiling of nitrogen cycling genes
------------------------------------------------------------
ImaGEO: integrative gene expression meta-analysis from GEO database
------------------------------------------------------------
MCO: towards an ontology and unified vocabulary for a framework-based annotation of microbial growth conditions
------------------------------------------------------------
StructureProfiler: an all-in-one tool for 3D protein structure profiling
------------------------------------------------------------
A quantitative map of protein sequence space for the cis-defensin superfamily
------------------------------------------------------------
Linkage disequilibrium maps to guide contig ordering for genome assembly
------------------------------------------------------------
TIMING 2.0: high-throughput single-cell profiling of dynamic cell-cell interactions by time-lapse imaging microscopy in nanowell grids
------------------------------------------------------------
Evaluation of cross-platform and interlaboratory concordance via consensus modelling of genomic measurements
------------------------------------------------------------
TAPAS: tool for alternative polyadenylation site analysis
------------------------------------------------------------
The Terabase Search Engine: a large-scale relational database of short-read sequences
------------------------------------------------------------
WAVES: a web application for versatile enhanced bioinformatic services
------------------------------------------------------------
MoDentify: phenotype-driven module identification in metabolomics networks at different resolutions
------------------------------------------------------------
CIRCOAST: a statistical hypothesis test for cellular colocalization with network structures
------------------------------------------------------------
StackDPPred: a stacking based prediction of DNA-binding protein from sequence
------------------------------------------------------------
TreeGrafter: phylogenetic tree-based annotation of proteins with Gene Ontology terms and other annotations
------------------------------------------------------------
MAVIS: merging, annotation, validation, and illustration of structural variants
------------------------------------------------------------
ProteomeVis: a web app for exploration of protein properties from structure to sequence evolution across organisms' proteomes
------------------------------------------------------------
SMSSVD: SubMatrix Selection Singular Value Decomposition
------------------------------------------------------------
Determination of sets of covariating gene expression using graph analysis on pairwise expression ratios
------------------------------------------------------------
Matt: Unix tools for alternative splicing analysis
------------------------------------------------------------
Noise peak filtering in multi-dimensional NMR spectra using convolutional neural networks
------------------------------------------------------------
Statistical tests for detecting variance effects in quantitative trait studies
------------------------------------------------------------
MetaboRank: network-based recommendation system to interpret and enrich metabolomics results
------------------------------------------------------------
MrBait: universal identification and design of targeted-enrichment capture probes
------------------------------------------------------------
MetaboAnalystR: an R package for flexible and reproducible analysis of metabolomics data
------------------------------------------------------------
A gene-phenotype relationship extraction pipeline from the biomedical literature using a representation learning approach
------------------------------------------------------------
ISMB 2018 PROCEEDINGS PAPERS COMMITTEE
------------------------------------------------------------
HFSP: high speed homology-driven function annotation of proteins
------------------------------------------------------------
DLBI: deep learning guided Bayesian inference for structure reconstruction of super-resolution fluorescence microscopy
------------------------------------------------------------
Training for translation between disciplines: a philosophy for life and data sciences curricula
------------------------------------------------------------
GSEA-InContext: identifying novel and common patterns in expression experiments
------------------------------------------------------------
SigMat: a classification scheme for gene signature matching
------------------------------------------------------------
Deconvolution and phylogeny inference of structural variations in tumor genomic samples
------------------------------------------------------------
Discriminating early- and late-stage cancers using multiple kernel learning on gene sets
------------------------------------------------------------
An integration of fast alignment and maximum-likelihood methods for electron subtomogram averaging and classification
------------------------------------------------------------
Strand-seq enables reliable separation of long reads by chromosome via expectation maximization
------------------------------------------------------------
Novo&Stitch: accurate reconciliation of genome assemblies via optical maps
------------------------------------------------------------
PrimAlign: PageRank-inspired Markovian alignment for large biological networks
------------------------------------------------------------
nVenn: generalized, quasi-proportional Venn and Euler diagrams
------------------------------------------------------------
The choice of sequence homologs included in multiple sequence alignments has a dramatic impact on evolutionary conservation analysis
------------------------------------------------------------
appreci8: a pipeline for precise variant calling integrating 8 tools
------------------------------------------------------------
ncdDetect2: improved models of the site-specific mutation rate in cancer and driver detection with robust significance evaluation
------------------------------------------------------------
Prediction of human-Bacillus anthracis protein-protein interactions using multi-layer neural network
------------------------------------------------------------
runibic: a Bioconductor package for parallel row-based biclustering of gene expression data
------------------------------------------------------------
Learned protein embeddings for machine learning
------------------------------------------------------------
BioStructMap: a Python tool for integration of protein structure and sequence-based features
------------------------------------------------------------
ICBdocker: a Docker image for proteome annotation and visualization
------------------------------------------------------------
GIFT: Guided and Interpretable Factorization for Tensors with an application to large-scale multi-platform cancer analysis
------------------------------------------------------------
Estimating pseudocounts and fold changes for digital expression measurements
------------------------------------------------------------
Deep convolutional networks for quality assessment of protein folds
------------------------------------------------------------
mol2sphere: spherical decomposition of multi-domain molecules for visualization and coarse grained spatial modeling
------------------------------------------------------------
Optimality and identification of dynamic models in systems biology: an inverse optimal control framework
------------------------------------------------------------
DDR: efficient computational method to predict drug-target interactions using graph mining and machine learning approaches
------------------------------------------------------------
GeneSpy, a user-friendly and flexible genomic context visualizer
------------------------------------------------------------
Chemical shift-based identification of monosaccharide spin-systems with NMR spectroscopy to complement untargeted glycomics
------------------------------------------------------------
ClusterScan: simple and generalistic identification of genomic clusters
------------------------------------------------------------
IDP-denovo: de novo transcriptome assembly and isoform annotation by hybrid sequencing
------------------------------------------------------------
SciApps: a cloud-based platform for reproducible bioinformatics workflows
------------------------------------------------------------
Detection of multi-dimensional co-exclusion patterns in microbial communities
------------------------------------------------------------
Graph-guided multi-task sparse learning model: a method for identifying antigenic variants of influenza A(H3N2) virus
------------------------------------------------------------
ACPred-FL: a sequence-based predictor using effective feature representation to improve the prediction of anti-cancer peptides
------------------------------------------------------------
ProAcePred: prokaryote lysine acetylation sites prediction based on elastic net feature optimization
------------------------------------------------------------
TriPoly: haplotype estimation for polyploids using sequencing data of related individuals
------------------------------------------------------------
LiveKraken--real-time metagenomic classification of illumina data
------------------------------------------------------------
An in silico proteomics screen to predict and prioritize protein-protein interactions dependent on post-translationally modified motifs
------------------------------------------------------------
An automated method for detecting alternatively spliced protein domains
------------------------------------------------------------
deepNF: deep network fusion for protein function prediction
------------------------------------------------------------
PEA: an integrated R toolkit for plant epitranscriptome analysis
------------------------------------------------------------
RIFRAF: a frame-resolving consensus algorithm
------------------------------------------------------------
geck: trio-based comparative benchmarking of variant calls
------------------------------------------------------------
PyCoTools: a Python toolbox for COPASI
------------------------------------------------------------
MASCOT: parameter and state inference under the marginal structured coalescent approximation
------------------------------------------------------------
PANDA-view: an easy-to-use tool for statistical analysis and visualization of quantitative proteomics data
------------------------------------------------------------
SoS Notebook: an interactive multi-language data analysis environment
------------------------------------------------------------
pyABC: distributed, likelihood-free inference
------------------------------------------------------------
Transform-MinER: transforming molecules in enzyme reactions
------------------------------------------------------------
Lineage-associated underrepresented permutations (LAUPs) of mammalian genomic sequences based on a Jellyfish-based LAUPs analysis application (JBLA)
------------------------------------------------------------
Base-pair resolution detection of transcription factor binding site by deep deconvolutional network
------------------------------------------------------------
PROBE: analysis and visualization of protein block-level evolution
------------------------------------------------------------
REGGAE: a novel approach for the identification of key transcriptional regulators
------------------------------------------------------------
Recombinational DSBs-intersected genes converge on specific disease- and adaptability-related pathways
------------------------------------------------------------
canvasDesigner: a versatile interactive high-resolution scientific multi-panel visualization toolkit
------------------------------------------------------------
Generic accelerated sequence alignment in SeqAn using vectorization and multi-threading
------------------------------------------------------------
polymapR-linkage analysis and genetic map construction from F1 populations of outcrossing polyploids
------------------------------------------------------------
BlockFeST: Bayesian calculation of region-specific FST to detect local adaptation
------------------------------------------------------------
High precision in protein contact prediction using fully convolutional neural networks and minimal sequence features
------------------------------------------------------------
Exact Bayesian inference for phylogenetic birth-death models
------------------------------------------------------------
TMCrys: predict propensity of success for transmembrane protein crystallization
------------------------------------------------------------
Cluster Locator, online analysis and visualization of gene clustering
------------------------------------------------------------
Bayesian negative binomial regression for differential expression with confounding factors
------------------------------------------------------------
Comparative analysis of tissue reconstruction algorithms for 3D histology
------------------------------------------------------------
annoPeak: a web application to annotate and visualize peaks from ChIP-seq/ChIP-exo-seq
------------------------------------------------------------
TRUmiCount: correctly counting absolute numbers of molecules using unique molecular identifiers
------------------------------------------------------------
GARFIELD-NGS: Genomic vARiants FIltering by dEep Learning moDels in NGS
------------------------------------------------------------
Using standard microbiome reference groups to simplify beta-diversity analyses and facilitate independent validation
------------------------------------------------------------
Ribopeaks: a web tool for bacterial classification through m/z data from ribosomal proteins
------------------------------------------------------------
The latent geometry of the human protein interaction network
------------------------------------------------------------
Detecting hidden batch factors through data-adaptive adjustment for biological effects
------------------------------------------------------------
PhenotypeSimulator: A comprehensive framework for simulating multi-trait, multi-locus genotype to phenotype relationships
------------------------------------------------------------
De novo haplotype reconstruction in viral quasispecies using paired-end read guided path finding
------------------------------------------------------------
Predicting serious rare adverse reactions of novel chemicals
------------------------------------------------------------
pyNBS: a Python implementation for network-based stratification of tumor mutations
------------------------------------------------------------
Understanding sequencing data as compositions: an outlook and review
------------------------------------------------------------
MetaboCraft: building a Minecraft plugin for metabolomics
------------------------------------------------------------
A Bayesian framework for multiple trait colocalization from summary association statistics
------------------------------------------------------------
iterClust: a statistical framework for iterative clustering analysis
------------------------------------------------------------
ADPredict: ADP-ribosylation site prediction based on physicochemical and structural descriptors
------------------------------------------------------------
Arioc: GPU-accelerated alignment of short bisulfite-treated reads
------------------------------------------------------------
RapidRMSD: rapid determination of RMSDs corresponding to motions of flexible molecules
------------------------------------------------------------
Data mining of effect sizes from PubMed abstracts: a cross-study conceptual replication
------------------------------------------------------------
CoABind: a novel algorithm for Coenzyme A (CoA)- and CoA derivatives-binding residues prediction
------------------------------------------------------------
NeSSie: a tool for the identification of approximate DNA sequence symmetries
------------------------------------------------------------
GAIT: Gene expression Analysis for Interval Time
------------------------------------------------------------
MatrixEpistasis: ultrafast, exhaustive epistasis scan for quantitative traits with covariate adjustment
------------------------------------------------------------
Extrema-weighted feature extraction for functional data
------------------------------------------------------------
MIRA: an R package for DNA methylation-based inference of regulatory activity
------------------------------------------------------------
Parallelization of MAFFT for large-scale multiple sequence alignments
------------------------------------------------------------
ShinyKGode: an interactive application for ODE parameter inference using gradient matching
------------------------------------------------------------
A global network of biomedical relationships derived from text
------------------------------------------------------------
Progressive approach for SNP calling and haplotype assembly using single molecular sequencing data
------------------------------------------------------------
flowLearn: fast and precise identification and quality checking of cell populations in flow cytometry
------------------------------------------------------------
BetaSerpentine: a bioinformatics tool for reconstruction of amyloid structures
------------------------------------------------------------
HiCapTools: a software suite for probe design and proximity detection for targeted chromosome conformation capture applications
------------------------------------------------------------
HIITE: HIV-1 incidence and infection time estimator
------------------------------------------------------------
KMgene: a unified R package for gene-based association analysis for complex traits
------------------------------------------------------------
Improving SNP prioritization and pleiotropic architecture estimation by incorporating prior knowledge using graph-GPA
------------------------------------------------------------
L1000FWD: fireworks visualization of drug-induced transcriptomic signatures
------------------------------------------------------------
omicsPrint: detection of data linkage errors in multiple omics studies
------------------------------------------------------------
AbDesigner3D: a structure-guided tool for peptide-based antibody production
------------------------------------------------------------
MutHTP: mutations in human transmembrane proteins
------------------------------------------------------------
Evolutionary relationship between the cysteine and histidine rich domains (CHORDs) and Btk-type zinc fingers
------------------------------------------------------------
TOXsIgN: a cross-species repository for toxicogenomic signatures
------------------------------------------------------------
G2S: a web-service for annotating genomic variants on 3D protein structures
------------------------------------------------------------
Haystack: systematic analysis of the variation of epigenetic states and cell-type specific regulatory elements
------------------------------------------------------------
DExSI: a new tool for the rapid quantitation of 13C-labelled metabolites detected by GC-MS
------------------------------------------------------------
BAUM: improving genome assembly by adaptive unique mapping and local overlap-layout-consensus approach
------------------------------------------------------------
MAGNAMWAR: an R package for genome-wide association studies of bacterial orthologs
------------------------------------------------------------
Enrichment analysis with EpiAnnotator
------------------------------------------------------------
Algorithmic identification of discrepancies between published ratios and their reported confidence intervals and P-values
------------------------------------------------------------
ChronQC: a quality control monitoring system for clinical next generation sequencing
------------------------------------------------------------
PGA: post-GWAS analysis for disease gene identification
------------------------------------------------------------
ProbAnnoWeb and ProbAnnoPy: probabilistic annotation and gap-filling of metabolic reconstructions
------------------------------------------------------------
A novel approach based on KATZ measure to predict associations of human microbiota with non-infectious diseases
------------------------------------------------------------
K2 and K2*: efficient alignment-free sequence similarity measurement based on Kendall statistics
------------------------------------------------------------
gene2drug: a computational tool for pathway-based rational drug repositioning
------------------------------------------------------------
IndeCut evaluates performance of network motif discovery algorithms
------------------------------------------------------------
DeepSF: deep convolutional neural network for mapping protein sequences to folds
------------------------------------------------------------
FROGS: Find, Rapidly, OTUs with Galaxy Solution
------------------------------------------------------------
PEITH(Θ): perfecting experiments with information theory in Python with GPU support
------------------------------------------------------------
SANA NetGO: a combinatorial approach to using Gene Ontology (GO) terms to score network alignments
------------------------------------------------------------
SPRING: a kinetic interface for visualizing high dimensional single-cell expression data
------------------------------------------------------------
Integrating 5hmC and gene expression data to infer regulatory mechanisms
------------------------------------------------------------
Model-based design of bistable cell factories for metabolic engineering
------------------------------------------------------------
iDINGO-integrative differential network analysis in genomics with Shiny application
------------------------------------------------------------
bioBakery: a meta'omic analysis environment
------------------------------------------------------------
Genome Context Viewer: visual exploration of multiple annotated genomes using microsynteny
------------------------------------------------------------
SPECTRE: a suite of phylogenetic tools for reticulate evolution
------------------------------------------------------------
Global proteomics profiling improves drug sensitivity prediction: results from a multi-omics, pan-cancer modeling approach
------------------------------------------------------------
Semi-supervised network inference using simulated gene expression dynamics
------------------------------------------------------------
An attention-based BiLSTM-CRF approach to document-level chemical named entity recognition
------------------------------------------------------------
Mapping-free variant calling using haplotype reconstruction from k-mer frequencies
------------------------------------------------------------
scHiCNorm: a software package to eliminate systematic biases in single-cell Hi-C data
------------------------------------------------------------
Extreme learning machines for reverse engineering of gene regulatory networks from expression time series
------------------------------------------------------------
Identification of topological features in renal tumor microenvironment associated with patient survival
------------------------------------------------------------
Predicting loop conformational ensembles
------------------------------------------------------------
Bringing numerous methods for expression and promoter analysis to a public cloud computing service
------------------------------------------------------------
PREFMD: a web server for protein structure refinement via molecular dynamics simulations
------------------------------------------------------------
TabPath: interactive tables for metabolic pathway analysis
------------------------------------------------------------
FunImageJ: a Lisp framework for scientific image processing
------------------------------------------------------------
Mosdepth: quick coverage calculation for genomes and exomes
------------------------------------------------------------
Simulating the dynamics of targeted capture sequencing with CapSim
------------------------------------------------------------
Machine learning annotation of human branchpoints
------------------------------------------------------------
Efficient comparative phylogenetics on large trees
------------------------------------------------------------
DIEGO: detection of differential alternative splicing using Aitchison's geometry
------------------------------------------------------------
ViewBS: a powerful toolkit for visualization of high-throughput bisulfite sequencing data
------------------------------------------------------------
ChIPWig: a random access-enabling lossless and lossy compression method for ChIP-seq data
------------------------------------------------------------
Reactome enhanced pathway visualization
------------------------------------------------------------
ISEScan: automated identification of insertion sequence elements in prokaryotic genomes
------------------------------------------------------------
Linking metabolic network features to phenotypes using sparse group lasso
------------------------------------------------------------
netReg: network-regularized linear models for biological association studies
------------------------------------------------------------
DEEPre: sequence-based enzyme EC number prediction by deep learning
------------------------------------------------------------
DISC: DISulfide linkage Characterization from tandem mass spectra
------------------------------------------------------------
Bartender: a fast and accurate clustering algorithm to count barcode reads
------------------------------------------------------------
PESTO: Parameter EStimation TOolbox
------------------------------------------------------------
mORCA: sailing bioinformatics world with mobile devices
------------------------------------------------------------
heatmaply: an R package for creating interactive cluster heatmaps for online publishing
------------------------------------------------------------
PaRSnIP: sequence-based protein solubility prediction using gradient boosting machine
------------------------------------------------------------
Chromatin accessibility prediction via a hybrid deep convolutional neural network
------------------------------------------------------------
UC2 search: using unique connectivity of uncharged compounds for metabolite annotation by database searching in mass spectrometry-based metabolomics
------------------------------------------------------------
Robust and sparse correlation matrix estimation for the analysis of high-dimensional genomics data
------------------------------------------------------------
AEGS: identifying aberrantly expressed gene sets for differential variability analysis
------------------------------------------------------------
BiobankUniverse: automatic matchmaking between datasets for biobank data discovery and integration
------------------------------------------------------------
Standardizing biomass reactions and ensuring complete mass balance in genome-scale metabolic models
------------------------------------------------------------
ggseqlogo: a versatile R package for drawing sequence logos
------------------------------------------------------------
VCF-Explorer: filtering and analysing whole genome VCF files
------------------------------------------------------------
A nonparametric significance test for sampled networks
------------------------------------------------------------
LRCstats, a tool for evaluating long reads correction methods
------------------------------------------------------------
myVCF: a desktop application for high-throughput mutations data management
------------------------------------------------------------
Lep-MAP3: robust linkage mapping even for low-coverage whole genome sequencing data
------------------------------------------------------------
DiversePathsJ: diverse shortest paths for bioimage analysis
------------------------------------------------------------
diffuStats: an R package to compute diffusion-based scores on biological networks
------------------------------------------------------------
TROVE: a user-friendly tool for visualizing and analyzing cancer hallmarks in signaling networks
------------------------------------------------------------
Sipros Ensemble improves database searching and filtering for complex metaproteomics
------------------------------------------------------------
AQUa: an adaptive framework for compression of sequencing quality scores with random access functionality
------------------------------------------------------------
Nephele: a cloud platform for simplified, standardized and reproducible microbiome data analysis
------------------------------------------------------------
MALDIrppa: quality control and robust analysis for mass spectrometry data
------------------------------------------------------------
HoTResDB: host transcriptional response database for viral hemorrhagic fevers
------------------------------------------------------------
Protein-protein interaction specificity is captured by contact preferences and interface composition
------------------------------------------------------------
VariantTools: an extensible framework for developing and testing variant callers
------------------------------------------------------------
Gearing up to handle the mosaic nature of life in the quest for orthologs
------------------------------------------------------------
[ERROR] unknown error for print this text
------------------------------------------------------------
Ms2lda.org: web-based topic modelling for substructure discovery in mass spectrometry
------------------------------------------------------------
Mobi 2.0: an improved method to define intrinsic disorder, mobility and linear binding regions in protein structures
------------------------------------------------------------
LDassoc: an online tool for interactively exploring genome-wide association study results and prioritizing variants for functional investigation
------------------------------------------------------------
Kmer-SSR: a fast and exhaustive SSR search algorithm
------------------------------------------------------------
NetProphet 2.0: mapping transcription factor networks by exploiting scalable data resources
------------------------------------------------------------
Meta-server for automatic analysis, scoring and ranking of docking models
------------------------------------------------------------
LinkageMapView-rendering high-resolution linkage and QTL maps
------------------------------------------------------------
Three-dimensional cardiovascular imaging-genetics: a mass univariate framework
------------------------------------------------------------
NGS-pipe: a flexible, easily extendable and highly configurable framework for NGS analysis
------------------------------------------------------------
tmVar 2.0: integrating genomic variant information from literature with dbSNP and ClinVar for precision medicine
------------------------------------------------------------
Dugong: a Docker image, based on Ubuntu Linux, focused on reproducibility and replicability for bioinformatics analyses
------------------------------------------------------------
PhyloGeoTool: interactively exploring large phylogenies in an epidemiological context
------------------------------------------------------------
Towards clinically more relevant dissection of patient heterogeneity via survival-based Bayesian clustering
------------------------------------------------------------
Enabling reproducible real-time quantitative PCR research: the RDML package
------------------------------------------------------------
CRISPR-DAV: CRISPR NGS data analysis and visualization pipeline
------------------------------------------------------------
Efficient inference for sparse latent variable models of transcriptional regulation
------------------------------------------------------------
ReMILO: reference assisted misassembly detection algorithm using short and long reads
------------------------------------------------------------
FAF-Drugs4: free ADME-tox filtering computations for chemical biology and early stages drug discovery
------------------------------------------------------------
MetaCache: context-aware classification of metagenomic reads using minhashing
------------------------------------------------------------
BSviewer: a genotype-preserving, nucleotide-level visualizer for bisulfite sequencing data
------------------------------------------------------------
EMHP: an accurate automated hole masking algorithm for single-particle cryo-EM image processing
------------------------------------------------------------
Predicting novel metabolic pathways through subgraph mining
------------------------------------------------------------
MWASTools: an R/bioconductor package for metabolome-wide association studies
------------------------------------------------------------
An introduction to deep learning on biological sequence data: examples and solutions
------------------------------------------------------------
Sequence2Vec: a novel embedding approach for modeling transcription factor binding affinity landscape
------------------------------------------------------------
ClusterSignificance: a bioconductor package facilitating statistical analysis of class cluster separations in dimensionality reduced data
------------------------------------------------------------
GraphSpace: stimulating interdisciplinary collaborations in network biology
------------------------------------------------------------
Molecular signatures that can be transferred across different omics platforms
------------------------------------------------------------
CATS (Coordinates of Atoms by Taylor Series): protein design with backbone flexibility in all locally feasible directions
------------------------------------------------------------
miniMDS: 3D structural inference from high-resolution Hi-C data
------------------------------------------------------------
Systematic identification of feature combinations for predicting drug response with Bayesian multi-view multi-task linear regression
------------------------------------------------------------
Efficient simulation of intrinsic, extrinsic and external noise in biochemical systems
------------------------------------------------------------
TITER: predicting translation initiation sites by deep learning
------------------------------------------------------------
Identification of associations between genotypes and longitudinal phenotypes via temporally-constrained group sparse canonical correlation analysis
------------------------------------------------------------
Increasing the power of meta-analysis of genome-wide association studies to detect heterogeneous effects
------------------------------------------------------------
Modelling haplotypes with respect to reference cohort variation graphs
------------------------------------------------------------
Rectified factor networks for biclustering of omics data
------------------------------------------------------------
Message from the ISCB: 2017 ISCB Innovator Award Given to Aviv Regev
------------------------------------------------------------
MaBoSS 2.0: an environment for stochastic Boolean modeling
------------------------------------------------------------
Oncopression: gene expression compendium for cancer with matched normal tissues
------------------------------------------------------------
ISMB/ECCB 2017 PROCEEDINGS PAPERS COMMITTEE
------------------------------------------------------------
CausalR: extracting mechanistic sense from genome scale data
------------------------------------------------------------
modPhEA: model organism Phenotype Enrichment Analysis of eukaryotic gene sets
------------------------------------------------------------
Identification of transcript regulatory patterns in cell differentiation
------------------------------------------------------------
Multimodal mechanistic signatures for neurodegenerative diseases (NeuroMMSig): a web server for mechanism enrichment
------------------------------------------------------------
UpSetR: an R package for the visualization of intersecting sets and their properties
------------------------------------------------------------
EDEN: evolutionary dynamics within environments
------------------------------------------------------------
Detecting and removing multiplicative spatial bias in high-throughput screening technologies
------------------------------------------------------------
kmerPyramid: an interactive visualization tool for nucleobase and k-mer frequencies
------------------------------------------------------------
TIminer: NGS data mining pipeline for cancer immunology and immunotherapy
------------------------------------------------------------
MotifHyades: expectation maximization for de novo DNA motif pair discovery on paired sequences
------------------------------------------------------------
CancerSubtypes: an R/Bioconductor package for molecular cancer subtype identification, validation and visualization
------------------------------------------------------------
Message from the ISCB: 2017 Outstanding Contributions to ISCB Award Given to Fran Lewitter
------------------------------------------------------------
BreakPoint Surveyor: a pipeline for structural variant visualization
------------------------------------------------------------
HUGIn: Hi-C Unifying Genomic Interrogator
------------------------------------------------------------
GLANET: genomic loci annotation and enrichment tool
------------------------------------------------------------
CRISPRcloud: a secure cloud-based pipeline for CRISPR pooled screen deconvolution
------------------------------------------------------------
M2Align: parallel multiple sequence alignment with a multi-objective metaheuristic
------------------------------------------------------------
Predicting accurate contacts in thousands of Pfam domain families using PconsC3
------------------------------------------------------------
Accelerating high-dimensional clustering with lossless data reduction
------------------------------------------------------------
Pattern fusion analysis by adaptive alignment of multiple heterogeneous omics data
------------------------------------------------------------
DIRECTION: a machine learning framework for predicting and characterizing DNA methylation and hydroxymethylation in mammalian genomes
------------------------------------------------------------
False discovery rate control incorporating phylogenetic tree increases detection power in microbiome-wide multiple testing
------------------------------------------------------------
E2FM: an encrypted and compressed full-text index for collections of genomic sequences
------------------------------------------------------------
RankProd 2.0: a refactored bioconductor package for detecting differentially expressed features in molecular profiling datasets
------------------------------------------------------------
MarDRe: efficient MapReduce-based removal of duplicate DNA reads in the cloud
------------------------------------------------------------
PopFly: the Drosophila population genomics browser
------------------------------------------------------------
A deep learning framework for improving long-range residue-residue contact prediction using a hierarchical strategy
------------------------------------------------------------
Differential privacy-based evaporative cooling feature selection and classification with relief-F and random forests
------------------------------------------------------------
BioPAXViz: a cytoscape application for the visual exploration of metabolic pathway evolution
------------------------------------------------------------
A mass graph-based approach for the identification of modified proteoforms using top-down tandem mass spectra
------------------------------------------------------------
Deep mining heterogeneous networks of biomedical linked data to predict novel drug-target associations
------------------------------------------------------------
ClusPro PeptiDock: efficient global docking of peptide recognition motifs using FFT
------------------------------------------------------------
StrandScript: evaluation of Illumina genotyping array design and strand correction
------------------------------------------------------------
TIN-X: target importance and novelty explorer
------------------------------------------------------------
MISA-web: a web server for microsatellite prediction
------------------------------------------------------------
ploidyNGS: visually exploring ploidy with Next Generation Sequencing data
------------------------------------------------------------
PreMosa: extracting 2D surfaces from 3D microscopy mosaics
------------------------------------------------------------
Mackinac: a bridge between ModelSEED and COBRApy to generate and analyze genome-scale metabolic models
------------------------------------------------------------
CMDR based differential evolution identifies the epistatic interaction in genome-wide association studies
------------------------------------------------------------
The Tomato Expression Atlas
------------------------------------------------------------
cnAnalysis450k: an R package for comparative analysis of 450k/EPIC Illumina methylation array derived copy number data
------------------------------------------------------------
[ERROR] unknown error for print this text
------------------------------------------------------------
GenoGAM: genome-wide generalized additive models for ChIP-Seq analysis
------------------------------------------------------------
Entropy-based consensus clustering for patient stratification
------------------------------------------------------------
Aozan: an automated post-sequencing data-processing pipeline
------------------------------------------------------------
EthSEQ: ethnicity annotation from whole exome sequencing data
------------------------------------------------------------
Mining heterogeneous causal effects for personalized cancer treatment
------------------------------------------------------------
A transition-based joint model for disease named entity recognition and normalization
------------------------------------------------------------
ConKit: a python interface to contact predictions
------------------------------------------------------------
biMM: efficient estimation of genetic variances and covariances for cohorts with high-dimensional phenotype measurements
------------------------------------------------------------
poRe GUIs for parallel and real-time processing of MinION sequence data
------------------------------------------------------------
SeqArray-a storage-efficient high-performance data format for WGS variant calls
------------------------------------------------------------
SynMap2 and SynMap3D: web-based whole-genome synteny browsers
------------------------------------------------------------
MetCCS predictor: a web server for predicting collision cross-section values of metabolites in ion mobility-mass spectrometry based metabolomics
------------------------------------------------------------
ProtVista: visualization of protein sequence annotations
------------------------------------------------------------
Computational modeling of in vivo and in vitro protein-DNA interactions by multiple instance learning
------------------------------------------------------------
A network model predicts the intensity of residue-protein thermal coupling
------------------------------------------------------------
Morphologically constrained spectral unmixing by dictionary learning for multiplex fluorescence microscopy
------------------------------------------------------------
Stepwise inference of likely dynamic flux distributions from metabolic time series data
------------------------------------------------------------
SVPV: a structural variant prediction viewer for paired-end sequencing datasets
------------------------------------------------------------
fastER: a user-friendly tool for ultrafast and robust cell segmentation in large-scale microscopy
------------------------------------------------------------
A multi-scale convolutional neural network for phenotyping high-content cellular images
------------------------------------------------------------
Empirical comparison of web-based antimicrobial peptide prediction tools
------------------------------------------------------------
nala: text mining natural language mutation mentions
------------------------------------------------------------
Adaptive MCMC in Bayesian phylogenetics: an application to analyzing partitioned data in BEAST
------------------------------------------------------------
Genome-wide genetic heterogeneity discovery with categorical covariates
------------------------------------------------------------
sfinx: an R package for the elimination of false positives from affinity purification-mass spectrometry datasets
------------------------------------------------------------
FELLS: fast estimator of latent local structure
------------------------------------------------------------
Simulome: a genome sequence and variant simulator
------------------------------------------------------------
DiagnoProt: a tool for discovery of new molecules by mass spectrometry
------------------------------------------------------------
OncoSimulR: genetic simulation with arbitrary epistasis and mutator genes in asexual populations
------------------------------------------------------------
GLINT: a user-friendly toolset for the analysis of high-throughput DNA-methylation array data
------------------------------------------------------------
cooccurNet: an R package for co-occurrence network construction and analysis
------------------------------------------------------------
QUBIC: a bioconductor package for qualitative biclustering analysis of gene co-expression data
------------------------------------------------------------
Powerful differential expression analysis incorporating network topology for next-generation sequencing data
------------------------------------------------------------
BASIC: BCR assembly from single cells
------------------------------------------------------------
Image-based surrogate biomarkers for molecular subtypes of colorectal cancer
------------------------------------------------------------
CHRR: coordinate hit-and-run with rounding for uniform sampling of constraint-based models
------------------------------------------------------------
admixturegraph: an R package for admixture graph manipulation and fitting
------------------------------------------------------------
LOCUST: a custom sequence locus typer for classifying microbial isolates
------------------------------------------------------------
The JWS online simulation database
------------------------------------------------------------
Identification of protein complexes by integrating multiple alignment of protein interaction networks
------------------------------------------------------------
H(O)TA: estimation of DNA methylation and hydroxylation levels and efficiencies from time course data
------------------------------------------------------------
ISPRED4: interaction sites PREDiction in protein structures with a refining grammar model
------------------------------------------------------------
Evolutionary design of multiple genes encoding the same protein
------------------------------------------------------------
MetaShot: an accurate workflow for taxon classification of host-associated microbiome from shotgun metagenomic data
------------------------------------------------------------
Unrealistic phylogenetic trees may improve phylogenetic footprinting
------------------------------------------------------------
QCEWAS: automated quality control of results of epigenome-wide association studies
------------------------------------------------------------
ASCIIGenome: a command line genome browser for console terminals
------------------------------------------------------------
GWAR: robust analysis and meta-analysis of genome-wide association studies
------------------------------------------------------------
chainCleaner improves genome alignment specificity and sensitivity
------------------------------------------------------------
Improved orthology inference with Hieranoid 2
------------------------------------------------------------
DeuteRater: a tool for quantifying peptide isotope precision and kinetic proteomics
------------------------------------------------------------
Protein multiple sequence alignment benchmarking through secondary structure prediction
------------------------------------------------------------
Development and application of an algorithm to compute weighted multiple glycan alignments
------------------------------------------------------------
H-BLAST: a fast protein sequence alignment toolkit on heterogeneous computers with GPUs
------------------------------------------------------------
Seeing the trees through the forest: sequence-based homo- and heteromeric protein-protein interaction sites prediction using random forest
------------------------------------------------------------
Advanced Boolean modeling of biological networks applied to systems pharmacology
------------------------------------------------------------
Fast and accurate phylogeny reconstruction using filtered spaced-word matches
------------------------------------------------------------
caspo: a toolbox for automated reasoning on the response of logical signaling networks families
------------------------------------------------------------
PRINCESS: Privacy-protecting Rare disease International Network Collaboration via Encryption through Software guard extensionS
------------------------------------------------------------
Statistical inference of protein structural alignments using information and compression
------------------------------------------------------------
MetaSpark: a spark-based distributed processing tool to recruit metagenomic reads to reference genomes
------------------------------------------------------------
Automated neuron tracing using probability hypothesis density filtering
------------------------------------------------------------
ontologyX: a suite of R packages for working with ontological data
------------------------------------------------------------
pHMM-tree: phylogeny of profile hidden Markov models
------------------------------------------------------------
SINE_scan: an efficient tool to discover short interspersed nuclear elements (SINEs) in large-scale genomic datasets
------------------------------------------------------------
ORCAN-a web-based meta-server for real-time detection and functional annotation of orthologs
------------------------------------------------------------
Planning bioinformatics workflows using an expert system
------------------------------------------------------------
ProQ3D: improved model quality assessments using deep learning
------------------------------------------------------------
SED-ML web tools: generate, modify and export standard-compliant simulation studies
------------------------------------------------------------
Virtual exploration of early stage atherosclerosis
------------------------------------------------------------
CAME: identification of chromatin accessibility from nucleosome occupancy and methylome sequencing
------------------------------------------------------------
InMoDe: tools for learning and visualizing intra-motif dependencies of DNA binding sites
------------------------------------------------------------
Statistical significance based on length and position of the local score in a model of i.i.d. sequences
------------------------------------------------------------
Preprocessing, normalization and integration of the Illumina HumanMethylationEPIC array with minfi
------------------------------------------------------------
SVScore: an impact prediction tool for structural variation
------------------------------------------------------------
Novel probabilistic models of spatial genetic ancestry with applications to stratification correction in genome-wide association studies
------------------------------------------------------------
tranSMART-XNAT Connector tranSMART-XNAT connector-image selection based on clinical phenotypes and genetic profiles
------------------------------------------------------------
DACE: a scalable DP-means algorithm for clustering extremely large sequence data
------------------------------------------------------------
A novel approach based on KATZ measure to predict associations of human microbiota with non-infectious diseases
------------------------------------------------------------
High-throughput interpretation of gene structure changes in human and nonhuman resequencing data, using ACE
------------------------------------------------------------
switchde: inference of switch-like differential expression along single-cell trajectories
------------------------------------------------------------
VarMatch: robust matching of small variant datasets using flexible scoring schemes
------------------------------------------------------------
FUEL-mLoc: feature-unified prediction and explanation of multi-localization of cellular proteins in multiple organisms
------------------------------------------------------------
Fast motif matching revisited: high-order PWMs, SNPs and indels
------------------------------------------------------------
ALTRE: workflow for defining ALTered Regulatory Elements using chromatin accessibility data
------------------------------------------------------------
Controlling the joint local false discovery rate is more powerful than meta-analysis methods in joint analysis of summary statistics from multiple genome-wide association studies
------------------------------------------------------------
Simulation-based estimation of branching models for LTR retrotransposons
------------------------------------------------------------
Structural insight to mutation effects uncover a common allosteric site in class C GPCRs
------------------------------------------------------------
GWAlpha: genome-wide estimation of additive effects (alpha) based on trait quantile distribution from pool-sequencing experiments
------------------------------------------------------------
MEGA-V: detection of variant gene sets in patient cohorts
------------------------------------------------------------
Recycler: an algorithm for detecting plasmids from de novo assembly graphs
------------------------------------------------------------
[ERROR] unknown error for print this text
------------------------------------------------------------
An integer programming framework for inferring disease complexes from network data
------------------------------------------------------------
MRUniNovo: an efficient tool for de novo peptide sequencing utilizing the hadoop distributed computing framework
------------------------------------------------------------
Improved VCF normalization for accurate VCF comparison
------------------------------------------------------------
Message from the ISCB: The 5th ISCB Wikipedia competition: coming to a classroom near you?
------------------------------------------------------------
fCCAC: functional canonical correlation analysis to evaluate covariance between nucleic acid sequencing datasets
------------------------------------------------------------
KODAMA: an R package for knowledge discovery and data mining
------------------------------------------------------------
EGAD: ultra-fast functional analysis of gene networks
------------------------------------------------------------
Recognizing metal and acid radical ion-binding sites by integrating ab initio modeling with template-based transferals
------------------------------------------------------------
ImageJ-MATLAB: a bidirectional framework for scientific image analysis interoperability
------------------------------------------------------------
Network-based analysis of omics data: the LEAN method
------------------------------------------------------------
Web-igloo: a web based platform for multivariate data visualization
------------------------------------------------------------
KAT: a K-mer analysis toolkit to quality control NGS datasets and genome assemblies
------------------------------------------------------------
Rabifier2: an improved bioinformatic classifier of Rab GTPases
------------------------------------------------------------
CLIP Tool Kit (CTK): a flexible and robust pipeline to analyze CLIP sequencing data
------------------------------------------------------------
MIToS.jl: mutual information tools for protein sequence analysis in the Julia language
------------------------------------------------------------
gargammel: a sequence simulator for ancient DNA
------------------------------------------------------------
LAMSA: fast split read alignment with long approximate matches
------------------------------------------------------------
Imbalanced multi-label learning for identifying antimicrobial peptides and their functional types
------------------------------------------------------------
ReadXplorer 2-detailed read mapping analysis and visualization from one single source
------------------------------------------------------------
Towards the knowledge-based design of universal influenza epitope ensemble vaccines
------------------------------------------------------------
Recognizing metal and acid radical ion-binding sites by integrating ab initio modeling with template-based transferals
------------------------------------------------------------
An empirical Bayes method for genotyping and SNP detection using multi-sample next-generation sequencing data
------------------------------------------------------------
LongISLND: in silico sequencing of lengthy and noisy datatypes
------------------------------------------------------------
Robust classification of single-cell transcriptome data by nonnegative matrix factorization
------------------------------------------------------------
PDB2CD: a web-based application for the generation of circular dichroism spectra from protein atomic coordinates
------------------------------------------------------------
BOSS: a novel scaffolding algorithm based on an optimized scaffold graph
------------------------------------------------------------
A probabilistic model for detecting rigid domains in protein structures
------------------------------------------------------------
PeakXus: comprehensive transcription factor binding site discovery from ChIP-Nexus and ChIP-Exo experiments
------------------------------------------------------------
A unified model based multifactor dimensionality reduction framework for detecting gene-gene interactions
------------------------------------------------------------
Assemble CRISPRs from metagenomic sequencing data
------------------------------------------------------------
Information-optimal genome assembly via sparse read-overlap graphs
------------------------------------------------------------
Drug response prediction by inferring pathway-response associations with kernelized Bayesian matrix factorization
------------------------------------------------------------
Complementary feature selection from alternative splicing events and gene expression for phenotype prediction
------------------------------------------------------------
Higher order methylation features for clustering and prediction in epigenomic studies
------------------------------------------------------------
Estimating real cell size distribution from cross-section microscopy imaging
------------------------------------------------------------
LoFtool: a gene intolerance score based on loss-of-function variants in 60 706 individuals
------------------------------------------------------------
AlmostSignificant: simplifying quality control of high-throughput sequencing data
------------------------------------------------------------
KScons: a Bayesian approach for protein residue contact prediction using the knob-socket model of protein tertiary structure
------------------------------------------------------------
Fast-SNP: a fast matrix pre-processing algorithm for efficient loopless flux optimization of metabolic models
------------------------------------------------------------
Predicting the errors of predicted local backbone angles and non-local solvent- accessibilities of proteins by deep neural networks
------------------------------------------------------------
What time is it? Deep learning approaches for circadian rhythms
------------------------------------------------------------
MSIdV: a versatile tool to visualize biological indices from mass spectrometry imaging data
------------------------------------------------------------
A new correlation clustering method for cancer mutation analysis
------------------------------------------------------------
BatchQC: interactive software for evaluating sample and batch effects in genomic data
------------------------------------------------------------
CSAM: Compressed SAM format
------------------------------------------------------------
ImmQuant: a user-friendly tool for inferring immune cell-type composition from gene-expression data
------------------------------------------------------------
DOMINO: development of informative molecular markers for phylogenetic and genome-wide population genetic studies in non-model organisms
------------------------------------------------------------
iRSpot-EL: identify recombination spots with an ensemble learning approach
------------------------------------------------------------
EnhancerAtlas: a resource for enhancer annotation and analysis in 105 human cell/tissue types
------------------------------------------------------------
PRODIGY: a web server for predicting the binding affinity of protein-protein complexes
------------------------------------------------------------
Rule-based modeling with Virtual Cell
------------------------------------------------------------
NRGC: a novel referential genome compression algorithm
------------------------------------------------------------
MetaCoMET: a web platform for discovery and visualization of the core microbiome
------------------------------------------------------------
Motif comparison based on similarity of binding affinity profiles
------------------------------------------------------------
plasmidSPAdes: assembling plasmids from whole genome sequencing data
------------------------------------------------------------
MorphoLibJ: integrated library and plugins for mathematical morphology with ImageJ
------------------------------------------------------------
IQRray, a new method for Affymetrix microarray quality control, and the homologous organ conservation score, a new benchmark method for quality control metrics
------------------------------------------------------------
Network-based pathway enrichment analysis with incomplete network information
------------------------------------------------------------
AutoSite: an automated approach for pseudo-ligands prediction-from ligand-binding sites identification to predicting key ligand atoms
------------------------------------------------------------
Structural distinctions of fast and slow bacterial luciferases revealed by phylogenetic analysis
------------------------------------------------------------
pSumo-CD: predicting sumoylation sites in proteins with covariance discriminant algorithm by incorporating sequence-coupled effects into general PseAAC
------------------------------------------------------------
ABAEnrichment: an R package to test for gene set expression enrichment in the adult and developing human brain
------------------------------------------------------------
Vecuum: identification and filtration of false somatic variants caused by recombinant vector contamination
------------------------------------------------------------
compendiumdb: an R package for retrieval and storage of functional genomics data
------------------------------------------------------------
PhenoScanner: a database of human genotype-phenotype associations
------------------------------------------------------------
ARGON: fast, whole-genome simulation of the discrete time Wright-fisher process
------------------------------------------------------------
Jumping across biomedical contexts using compressive data fusion
------------------------------------------------------------
ISMB 2016 Proceedings Papers Committee
------------------------------------------------------------
Linear effects models of signaling pathways from combinatorial perturbation data
------------------------------------------------------------
Data-driven mechanistic analysis method to reveal dynamically evolving regulatory networks
------------------------------------------------------------
Fast metabolite identification with Input Output Kernel Regression
------------------------------------------------------------
Simultaneous prediction of enzyme orthologs from chemical transformation patterns for de novo metabolic pathway reconstruction
------------------------------------------------------------
An integer programming framework for inferring disease complexes from network data
------------------------------------------------------------
Compacting de Bruijn graphs from sequencing data quickly and in low memory
------------------------------------------------------------
A novel method for discovering local spatial clusters of genomic regions with functional relationships from DNA contact maps
------------------------------------------------------------
Comparative analyses of population-scale phenomic data in electronic medical records reveal race-specific disease networks
------------------------------------------------------------
Unbiased probabilistic taxonomic classification for DNA barcoding
------------------------------------------------------------
Web-based network analysis and visualization using CellMaps
------------------------------------------------------------
RTFBSDB: an integrated framework for transcription factor binding site analysis
------------------------------------------------------------
Meshable: searching PubMed abstracts by utilizing MeSH and MeSH-derived topical terms
------------------------------------------------------------
UniCon3D: de novo protein structure prediction using united-residue conformational search via stepwise, probabilistic sampling
------------------------------------------------------------
COCACOLA: binning metagenomic contigs using sequence COmposition, read CoverAge, CO-alignment and paired-end read LinkAge
------------------------------------------------------------
[ERROR] unknown error for print this text
------------------------------------------------------------
Weighted mutual information analysis substantially improves domain-based functional network models
------------------------------------------------------------
TreesimJ: a flexible, forward time population genetic simulator
------------------------------------------------------------
PANTHER-PSEP: predicting disease-causing genetic variants using position-specific evolutionary preservation
------------------------------------------------------------
Computational discovery and in vivo validation of hnf4 as a regulatory gene in planarian regeneration
------------------------------------------------------------
A computational model to predict the immune system activation by citrus-derived vaccine adjuvants
------------------------------------------------------------
EuGene: maximizing synthetic gene design for heterologous expression
------------------------------------------------------------
RVTESTS: an efficient and comprehensive tool for rare variant association analysis using sequence data
------------------------------------------------------------
Efficient privacy-preserving string search and an application in genomics
------------------------------------------------------------
UniProt-DAAC: domain architecture alignment and classification, a new method for automatic functional annotation in UniProtKB
------------------------------------------------------------
IsomiR Bank: a research resource for tracking IsomiRs
------------------------------------------------------------
VariantBam: filtering and profiling of next-generational sequencing data using region-specific rules
------------------------------------------------------------
A mutation profile for top-k patient search exploiting Gene-Ontology and orthogonal non-negative matrix factorization
------------------------------------------------------------
Multiple structure single parameter: analysis of a single protein nano environment descriptor characterizing a shared loci on structurally aligned proteins
------------------------------------------------------------
Comment on 'Discovering hospital admission patterns using models learnt from electronic hospital records'. The importance of using the right codes
------------------------------------------------------------
KiT: a MATLAB package for kinetochore tracking
------------------------------------------------------------
Phasing for medical sequencing using rare variants and large haplotype reference panels
------------------------------------------------------------
SweepFinder2: increased sensitivity, robustness and flexibility
------------------------------------------------------------
dbDSM: a manually curated database for deleterious synonymous mutations
------------------------------------------------------------
ISCB's initial reaction to New England Journal of Medicine editorial on data sharing
------------------------------------------------------------
ll-ACHRB: a scalable algorithm for sampling the feasible solution space of metabolic networks
------------------------------------------------------------
SharpViSu: integrated analysis and segmentation of super-resolution microscopy data
------------------------------------------------------------
A simple method to control over-alignment in the MAFFT multiple sequence alignment program
------------------------------------------------------------
BALL-SNPgp-from genetic variants toward computational diagnostics
------------------------------------------------------------
solarius: an R interface to SOLAR for variance component analysis in pedigrees
------------------------------------------------------------
Isoform-level ribosome occupancy estimation guided by transcript abundance with Ribomap
------------------------------------------------------------
TreeDom: a graphical web tool for analysing domain architecture evolution
------------------------------------------------------------
DOGMA: domain-based transcriptome and proteome quality assessment
------------------------------------------------------------
Informed kmer selection for de novo transcriptome assembly
------------------------------------------------------------
ARACNe-AP: gene network reverse engineering through adaptive partitioning inference of mutual information
------------------------------------------------------------
Partitioning and correlating subgroup characteristics from Aligned Pattern Clusters
------------------------------------------------------------
TnT: a set of libraries for visualizing trees and track-based annotations for the web
------------------------------------------------------------
flowAI: automatic and interactive anomaly discerning tools for flow cytometry data
------------------------------------------------------------
DyNet: visualization and analysis of dynamic molecular interaction networks
------------------------------------------------------------
iDHS-EL: identifying DNase I hypersensitive sites by fusing three different modes of pseudo nucleotide composition into an ensemble learning framework
------------------------------------------------------------
PREDAC-H3: a user-friendly platform for antigenic surveillance of human influenza a(H3N2) virus based on hemagglutinin sequences
------------------------------------------------------------
pileup.js: a JavaScript library for interactive and in-browser visualization of genomic data
------------------------------------------------------------
Canvas: versatile and scalable detection of copy number variants
------------------------------------------------------------
DUDes: a top-down taxonomic profiler for metagenomics
------------------------------------------------------------
chopBAI: BAM index reduction solves I/O bottlenecks in the joint analysis of large sequencing cohorts
------------------------------------------------------------
LS-GKM: a new gkm-SVM for large-scale datasets
------------------------------------------------------------
chromPlot: visualization of genomic data in chromosomal context
------------------------------------------------------------
ARGs-OAP: online analysis pipeline for antibiotic resistance genes detection from metagenomic data using an integrated structured ARG-database
------------------------------------------------------------
Alpha-CENTAURI: assessing novel centromeric repeat sequence variation with long read sequencing
------------------------------------------------------------
Beyond accuracy: creating interoperable and scalable text-mining web services
------------------------------------------------------------
Trinculo: Bayesian and frequentist multinomial logistic regression for genome-wide association studies of multi-category phenotypes
------------------------------------------------------------
TRONCO: an R package for the inference of cancer progression models from heterogeneous genomic data
------------------------------------------------------------
Characterization of clinical signs in the human interactome
------------------------------------------------------------
BCFtools/RoH: a hidden Markov model approach for detecting autozygosity from next-generation sequencing data
------------------------------------------------------------
On the discovery of hospital admission patterns-a clarification
------------------------------------------------------------
Differential methylation analysis for BS-seq data under general experimental design
------------------------------------------------------------
BISQUE: locus- and variant-specific conversion of genomic, transcriptomic and proteomic database identifiers
------------------------------------------------------------
MuCor: mutation aggregation and correlation
------------------------------------------------------------
ELASPIC web-server: proteome-wide structure-based prediction of mutation effects on protein stability and binding affinity
------------------------------------------------------------
ConceptMetab: exploring relationships among metabolite sets to identify links among biomedical concepts
------------------------------------------------------------
Vasohibins: new transglutaminase-like cysteine proteases possessing a non-canonical Cys-His-Ser catalytic triad
------------------------------------------------------------
TFBSTools: an R/bioconductor package for transcription factor binding site analysis
------------------------------------------------------------
EPI-peptide designer: a tool for designing peptide ligand libraries based on epitope-paratope interactions
------------------------------------------------------------
Collaborative analysis of multi-gigapixel imaging data using Cytomine
------------------------------------------------------------
Estimating the number and assignment of clock models in analyses of multigene datasets
------------------------------------------------------------
MMseqs software suite for fast and deep clustering and searching of large protein sequence sets
------------------------------------------------------------
SV-Bay: structural variant detection in cancer genomes using a Bayesian approach with correction for GC-content and read mappability
------------------------------------------------------------
ProQ2: estimation of model accuracy implemented in Rosetta
------------------------------------------------------------
ChromothripsisDB: a curated database of chromothripsis
------------------------------------------------------------
rCGH: a comprehensive array-based genomic profile platform for precision medicine
------------------------------------------------------------
Fast integration-based prediction bands for ordinary differential equation models
------------------------------------------------------------
traseR: an R package for performing trait-associated SNP enrichment analysis in genomic intervals
------------------------------------------------------------
OMPPM: online multiple palindrome pattern matching
------------------------------------------------------------
Integrating, summarizing and visualizing GWAS-hits and human diversity with DANCE (Disease-ANCEstry networks)
------------------------------------------------------------
DNAshapeR: an R/Bioconductor package for DNA shape prediction and feature encoding
------------------------------------------------------------
INSECT 2.0: a web-server for genome-wide cis-regulatory modules prediction
------------------------------------------------------------
Manta: rapid detection of structural variants and indels for germline and cancer sequencing applications
------------------------------------------------------------
Improved topology prediction using the terminal hydrophobic helices rule
------------------------------------------------------------
IKAP: A heuristic framework for inference of kinase activities from Phosphoproteomics data
------------------------------------------------------------
LedPred: an R/bioconductor package to predict regulatory sequences using support vector machines
------------------------------------------------------------
Accurate continuous geographic assignment from low- to high-density SNP data
------------------------------------------------------------
MetaQUAST: evaluation of metagenome assemblies
------------------------------------------------------------
Identification of drug-target interaction from interactome network with 'guilt-by-association' principle and topology features
------------------------------------------------------------
CDSfold: an algorithm for designing a protein-coding sequence with the most stable secondary structure
------------------------------------------------------------
SomVarIUS: somatic variant identification from unpaired tissue samples
------------------------------------------------------------
CellTracker (not only) for dummies
------------------------------------------------------------
iPQF: a new peptide-to-protein summarization method using peptide spectra characteristics to improve protein quantification
------------------------------------------------------------
KMAD: knowledge-based multiple sequence alignment for intrinsically disordered proteins
------------------------------------------------------------
PAPA: a flexible tool for identifying pleiotropic pathways using genome-wide association study summaries
------------------------------------------------------------
Accurate estimation of isoelectric point of protein and peptide based on amino acid sequences
------------------------------------------------------------
Metabolic network-guided binning of metagenomic sequence fragments
------------------------------------------------------------
Highly accurate sequence-based prediction of half-sphere exposures of amino acid residues in proteins
------------------------------------------------------------
Annotation of rule-based models with formal semantics to enable creation, analysis, reuse and visualization
------------------------------------------------------------
BioNetFit: a fitting tool compatible with BioNetGen, NFsim and distributed computing environments
------------------------------------------------------------
Flexible data integration and curation using a graph-based approach
------------------------------------------------------------
Fast Optimized Cluster Algorithm for Localizations (FOCAL): a spatial cluster analysis for super-resolved microscopy
------------------------------------------------------------
PHYLUCE is a software package for the analysis of conserved genomic loci
------------------------------------------------------------
Two-pass alignment improves novel splice junction quantification
------------------------------------------------------------
Bayesian inference with historical data-based informative priors improves detection of differentially expressed genes
------------------------------------------------------------
SeqSIMLA2_exact: simulate multiple disease sites in large pedigrees with given disease status for diseases with low prevalence
------------------------------------------------------------
Gapped sequence alignment using artificial neural networks: application to the MHC class I system
------------------------------------------------------------
openBIS ELN-LIMS: an open-source database for academic laboratories
------------------------------------------------------------
RVFam: an R package for rare variant association analysis with family data
------------------------------------------------------------
Understanding the fabric of protein crystals: computational classification of biological interfaces and crystal contacts
------------------------------------------------------------
PPIXpress: construction of condition-specific protein interaction networks based on transcript expression
------------------------------------------------------------
Graphical pan-genome analysis with compressed suffix trees and the Burrows-Wheeler transform
------------------------------------------------------------
MT-HESS: an efficient Bayesian approach for simultaneous association detection in OMICS datasets, with application to eQTL mapping in multiple tissues
------------------------------------------------------------
The minimum evolution problem is hard: a link between tree inference and graph clustering problems
------------------------------------------------------------
Scalable clustering algorithms for continuous environmental flow cytometry
------------------------------------------------------------
A multi-objective optimization approach accurately resolves protein domain architectures
------------------------------------------------------------
CSSSCL: a python package that uses combined sequence similarity scores for accurate taxonomic classification of long and short sequence reads
------------------------------------------------------------
I-PV: a CIRCOS module for interactive protein sequence visualization
------------------------------------------------------------
Rapid and enhanced remote homology detection by cascading hidden Markov model searches in sequence space
------------------------------------------------------------
CpGFilter: model-based CpG probe filtering with replicates for epigenome-wide association studies
------------------------------------------------------------
SIMToolbox: a MATLAB toolbox for structured illumination fluorescence microscopy
------------------------------------------------------------
Cell line name recognition in support of the identification of synthetic lethality in cancer from text
------------------------------------------------------------
missMethyl: an R package for analyzing data from Illumina's HumanMethylation450 platform
------------------------------------------------------------
Cytoscape.js: a graph theory library for visualisation and analysis
------------------------------------------------------------
Identification of coupling DNA motif pairs on long-range chromatin interactions in human K562 cells
------------------------------------------------------------
Xtalk: a path-based approach for identifying crosstalk between signaling pathways
------------------------------------------------------------
Positive-unlabeled ensemble learning for kinase substrate prediction from dynamic phosphoproteomics data
------------------------------------------------------------
Exploring peptide/MHC detachment processes using hierarchical natural move Monte Carlo
------------------------------------------------------------
ScaffoldScaffolder: solving contig orientation via bidirected to directed graph reduction
------------------------------------------------------------
Component-wise gradient boosting and false discovery control in survival analysis with high-dimensional covariates
------------------------------------------------------------
CD30 cell graphs of Hodgkin lymphoma are not scale-free--an image analysis approach
------------------------------------------------------------
RNF: a general framework to evaluate NGS read mappers
------------------------------------------------------------
Improved large-scale prediction of growth inhibition patterns using the NCI60 cancer cell line panel
------------------------------------------------------------
metaModules identifies key functional subnetworks in microbiome-related disease
------------------------------------------------------------
Deciphering the associations between gene expression and copy number alteration using a sparse double Laplacian shrinkage approach
------------------------------------------------------------
Discovering hospital admission patterns using models learnt from electronic hospital records
------------------------------------------------------------
DIGGIT: a Bioconductor package to infer genetic variants driving cellular phenotypes
------------------------------------------------------------
Learning directed acyclic graphical structures with genetical genomics data
------------------------------------------------------------
Multi-netclust: an efficient tool for finding connected clusters in multi-parametric networks
------------------------------------------------------------
BigBWA: approaching the Burrows-Wheeler aligner to Big Data technologies
------------------------------------------------------------
Utilizing de Bruijn graph of metagenome assembly for metatranscriptome analysis
------------------------------------------------------------
An interactive genome browser of association results from the UK10K cohorts project
------------------------------------------------------------
LIBRA: LIgand Binding site Recognition Application
------------------------------------------------------------
database.bio: a web application for interpreting human variations
------------------------------------------------------------
SuccFind: a novel succinylation sites online prediction tool via enhanced characteristic strategy
------------------------------------------------------------
Vizardous: interactive analysis of microbial populations with single cell resolution
------------------------------------------------------------
cgmisc: enhanced genome-wide association analyses and visualization
------------------------------------------------------------
NRGsuite: a PyMOL plugin to perform docking simulations in real time using FlexAID
------------------------------------------------------------
Correcting systematic bias and instrument measurement drift with mzRefinery
------------------------------------------------------------
AlignBucket: a tool to speed up 'all-against-all' protein sequence alignments optimizing length constraints
------------------------------------------------------------
MEPSA: minimum energy pathway analysis for energy landscapes
------------------------------------------------------------
ClicO FS: an interactive web-based service of Circos
------------------------------------------------------------
Canonical, stable, general mapping using context schemes
------------------------------------------------------------
Statistically identifying tumor suppressors and oncogenes from pan-cancer genome-sequencing data
------------------------------------------------------------
Mapping networks of light-dark transition in LOV photoreceptors
------------------------------------------------------------
Spaced seeds improve k-mer-based metagenomic classification
------------------------------------------------------------
CRISPR-ERA: a comprehensive design tool for CRISPR-mediated gene editing, repression and activation
------------------------------------------------------------
Identifying kinase dependency in cancer cells by integrating high-throughput drug screening and kinase inhibition data
------------------------------------------------------------
The application of a novel 'rising activity, multi-level mixed effects, indicator emphasis' (RAMMIE) method for syndromic surveillance in England
------------------------------------------------------------
WATCLUST: a tool for improving the design of drugs based on protein-water interactions
------------------------------------------------------------
Roary: rapid large-scale prokaryote pan genome analysis
------------------------------------------------------------
Karect: accurate correction of substitution, insertion and deletion errors for next-generation sequencing data
------------------------------------------------------------
Generation of sequence-based data for pedigree-segregating Mendelian or Complex traits
------------------------------------------------------------
SomaticSignatures: inferring mutational signatures from single-nucleotide variants
------------------------------------------------------------
Functional classification of CATH superfamilies: a domain-based approach for protein function annotation
------------------------------------------------------------
A DNA shape-based regulatory score improves position-weight matrix-based recognition of transcription factor binding sites
------------------------------------------------------------
Inference of Markovian properties of molecular sequences from NGS data and applications to comparative genomics
------------------------------------------------------------
ISQuest: finding insertion sequences in prokaryotic sequence fragment data
------------------------------------------------------------
Proteny: discovering and visualizing statistically significant syntenic clusters at the proteome level
------------------------------------------------------------
nextflu: real-time tracking of seasonal influenza virus evolution in humans
------------------------------------------------------------
Data Safe Havens in health research and healthcare
------------------------------------------------------------
MetaQuery: a web server for rapid annotation and quantitative analysis of specific genes in the human gut microbiome
------------------------------------------------------------
Fast-SL: an efficient algorithm to identify synthetic lethal sets in metabolic networks
------------------------------------------------------------
TPpred3 detects and discriminates mitochondrial and chloroplastic targeting peptides in eukaryotic proteins
------------------------------------------------------------
REDEMPTION: reduced dimension ensemble modeling and parameter estimation
------------------------------------------------------------
Inferring orthologous gene regulatory networks using interspecies data fusion
------------------------------------------------------------
Reconstructing gene regulatory dynamics from high-dimensional single-cell snapshot data
------------------------------------------------------------
ASTRAL-II: coalescent-based species tree estimation with many hundreds of taxa and thousands of genes
------------------------------------------------------------
Exploiting ontology graph for predicting sparsely annotated gene function
------------------------------------------------------------
In silico phenotyping via co-training for improved phenotype prediction from genotype
------------------------------------------------------------
Refined elasticity sampling for Monte Carlo-based identification of stabilizing network patterns
------------------------------------------------------------
Inferring parental genomic ancestries using pooled semi-Markov processes
------------------------------------------------------------
cNMA: a framework of encounter complex-based normal mode analysis to model conformational changes in protein interactions
------------------------------------------------------------
SoloDel: a probabilistic model for detecting low-frequent somatic deletions from unmatched sequencing data
------------------------------------------------------------
oposSOM: R-package for high-dimensional portraying of genome-wide expression landscapes on bioconductor
------------------------------------------------------------
UniAlign: protein structure alignment meets evolution
------------------------------------------------------------
FourCSeq: analysis of 4C sequencing data
------------------------------------------------------------
Differential protein expression and peak selection in mass spectrometry data by binary discriminant analysis
------------------------------------------------------------
Epigenomic k-mer dictionaries: shedding light on how sequence composition influences in vivo nucleosome positioning
------------------------------------------------------------
IgSimulator: a versatile immunosequencing simulator
------------------------------------------------------------
Trans-species learning of cellular signaling systems with bimodal deep belief networks
------------------------------------------------------------
Repeat- and error-aware comparison of deletions
------------------------------------------------------------
CAPRI: efficient inference of cancer progression models from cross-sectional data
------------------------------------------------------------
ADME SARfari: comparative genomics of drug metabolizing systems
------------------------------------------------------------
PsyGeNET: a knowledge platform on psychiatric disorders and their genes
------------------------------------------------------------
MemGen: a general web server for the setup of lipid membrane simulation systems
------------------------------------------------------------
BinDNase: a discriminatory approach for transcription factor binding prediction using DNase I hypersensitivity data
------------------------------------------------------------
BFC: correcting Illumina sequencing errors
------------------------------------------------------------
NAIL, a software toolset for inferring, analyzing and visualizing regulatory networks
------------------------------------------------------------
Phylesystem: a git-based data store for community-curated phylogenetic estimates
------------------------------------------------------------
PopIns: population-scale detection of novel sequence insertions
------------------------------------------------------------
Genome-scale strain designs based on regulatory minimal cut sets
------------------------------------------------------------
CiVi: circular genome visualization with unique features to analyze sequence elements
------------------------------------------------------------
Addressing false discoveries in network inference
------------------------------------------------------------
ms-data-core-api: an open-source, metadata-oriented library for computational proteomics
------------------------------------------------------------
edgeRun: an R package for sensitive, functionally relevant differential expression discovery using an unconditional exact test
------------------------------------------------------------
PDIviz: analysis and visualization of protein-DNA binding interfaces
------------------------------------------------------------
FastMotif: spectral sequence motif discovery
------------------------------------------------------------
MetaSV: an accurate and integrative structural-variant caller for next generation sequencing
------------------------------------------------------------
GeneTIER: prioritization of candidate disease genes using tissue-specific gene expression profiles
------------------------------------------------------------
Stratifying tumour subtypes based on copy number alteration profiles using next-generation sequence data
------------------------------------------------------------
MetaMapR: pathway independent metabolomic network analysis incorporating unknowns
------------------------------------------------------------
Using neighborhood cohesiveness to infer interactions between protein domains
------------------------------------------------------------
Power and sample-size estimation for microbiome studies using pairwise distances and PERMANOVA
------------------------------------------------------------
bio-samtools 2: a package for analysis and visualization of sequence and alignment data with SAMtools in Ruby
------------------------------------------------------------
KeBABS: an R package for kernel-based analysis of biological sequences
------------------------------------------------------------
RiboTools: a Galaxy toolbox for qualitative ribosome profiling analysis
------------------------------------------------------------
Proper evaluation of alignment-free network comparison methods
------------------------------------------------------------
DISSCO: direct imputation of summary statistics allowing covariates
------------------------------------------------------------
Automatic determination of NET (neutrophil extracellular traps) coverage in fluorescent microscopy images
------------------------------------------------------------
MAGNA++: Maximizing Accuracy in Global Network Alignment via both node and edge conservation
------------------------------------------------------------
iTagPlot: an accurate computation and interactive drawing tool for tag density plot
------------------------------------------------------------
SOMP: web server for in silico prediction of sites of metabolism for drug-like compounds
------------------------------------------------------------
Cardinal: an R package for statistical analysis of mass spectrometry-based imaging experiments
------------------------------------------------------------
LBIBCell: a cell-based simulation environment for morphogenetic problems
------------------------------------------------------------
ChIPseeker: an R/Bioconductor package for ChIP peak annotation, comparison and visualization
------------------------------------------------------------
MUGBAS: a species free gene-based programme suite for post-GWAS analysis
------------------------------------------------------------
MIRA: mutual information-based reporter algorithm for metabolic networks
------------------------------------------------------------
An event-driven approach for studying gene block evolution in bacteria
------------------------------------------------------------
GlycanAnalysis Plug-in: a database search tool for N-glycan structures using mass spectrometry
------------------------------------------------------------
tEFMA: computing thermodynamically feasible elementary flux modes in metabolic networks
------------------------------------------------------------
Population-scale three-dimensional reconstruction and quantitative profiling of microglia arbors
------------------------------------------------------------
AIDA: ab initio domain assembly for automated multi-domain protein structure prediction and domain-domain interaction prediction
------------------------------------------------------------
TarPred: a web application for predicting therapeutic and side effect targets of chemical compounds
------------------------------------------------------------
A cautionary note on using binary calls for analysis of DNA methylation
------------------------------------------------------------
A novel statistical method for quantitative comparison of multiple ChIP-seq datasets
------------------------------------------------------------
A trimming-and-retrieving alignment scheme for reduced representation bisulfite sequencing
------------------------------------------------------------
MOST: a software environment for constraint-based metabolic modeling and strain design
------------------------------------------------------------
BioTextQuest+: a knowledge integration platform for literature mining and concept discovery
------------------------------------------------------------
Application of clinical text data for phenome-wide association studies (PheWASs)
------------------------------------------------------------
mFASD: a structure-based algorithm for discriminating different types of metal-binding sites
------------------------------------------------------------
Expitope: a web server for epitope expression
------------------------------------------------------------
CNOGpro: detection and quantification of CNVs in prokaryotic whole-genome sequencing data
------------------------------------------------------------
Starcode: sequence clustering based on all-pairs search
------------------------------------------------------------
Factor graph analysis of live cell-imaging data reveals mechanisms of cell fate decisions
------------------------------------------------------------
KAPPA, a simple algorithm for discovery and clustering of proteins defined by a key amino acid pattern: a case study of the cysteine-rich proteins
------------------------------------------------------------
GenoExp: a web tool for predicting gene expression levels from single nucleotide polymorphisms
------------------------------------------------------------
RAMPART: a workflow management system for de novo genome assembly
------------------------------------------------------------
MetAmp: combining amplicon data from multiple markers for OTU analysis
------------------------------------------------------------
Bayesian feature selection for high-dimensional linear regression via the Ising approximation with applications to genomics
------------------------------------------------------------
ENVIRONMENTS and EOL: identification of Environment Ontology terms in text and the annotation of the Encyclopedia of Life
------------------------------------------------------------
bbcontacts: prediction of β-strand pairing from direct coupling patterns
------------------------------------------------------------
Plant photosynthesis phenomics data quality control
------------------------------------------------------------
dslice: an R package for nonparametric testing of associations with application in QTL and gene set analysis
------------------------------------------------------------
Ultrafast SNP analysis using the Burrows-Wheeler transform of short-read data
------------------------------------------------------------
WALTZ-DB: a benchmark database of amyloidogenic hexapeptides
------------------------------------------------------------
Functional Gene Networks: R/Bioc package to generate and analyse gene networks derived from functional enrichment and clustering
------------------------------------------------------------
scrm: efficiently simulating long sequences using the approximated coalescent with recombination
------------------------------------------------------------
Repulsive parallel MCMC algorithm for discovering diverse motifs from large sequence sets
------------------------------------------------------------
An integrative approach to predicting the functional effects of non-coding and coding sequence variation
------------------------------------------------------------
Shifted Hamming distance: a fast and accurate SIMD-friendly filter to accelerate alignment verification in read mapping
------------------------------------------------------------
MADGiC: a model-based approach for identifying driver genes in cancer
------------------------------------------------------------
LINKPHASE3: an improved pedigree-based phasing algorithm robust to genotyping and map errors
------------------------------------------------------------
A haplotype-based framework for group-wise transmission/disequilibrium tests for rare variant association analysis
------------------------------------------------------------
The chemical component dictionary: complete descriptions of constituent molecules in experimentally determined 3D macromolecules in the Protein Data Bank
------------------------------------------------------------
CONSRANK: a server for the analysis, comparison and ranking of docking models based on inter-residue contacts
------------------------------------------------------------
Population-based structural variation discovery with Hydra-Multi
------------------------------------------------------------
Empowering biologists with multi-omics data: colorectal cancer as a paradigm
------------------------------------------------------------
VarSim: a high-fidelity simulation and validation framework for high-throughput genome sequencing with cancer applications
------------------------------------------------------------
diXa: a data infrastructure for chemical safety assessment
------------------------------------------------------------
NMRFAM-SPARKY: enhanced software for biomolecular NMR spectroscopy
------------------------------------------------------------
GSDS 2.0: an upgraded gene feature visualization server
------------------------------------------------------------
repDNA: a Python package to generate various modes of feature vectors for DNA sequences by incorporating user-defined physicochemical properties and sequence-order effects
------------------------------------------------------------
Clustering-based model of cysteine co-evolution improves disulfide bond connectivity prediction and reduces homologous sequence requirements
------------------------------------------------------------
Achievements and challenges in structural bioinformatics and computational biophysics
------------------------------------------------------------
flowCL: ontology-based cell population labelling in flow cytometry
------------------------------------------------------------
Improved gene tree error correction in the presence of horizontal gene transfer
------------------------------------------------------------
PEASE: predicting B-cell epitopes utilizing antibody sequence
------------------------------------------------------------
Tissue-aware data integration approach for the inference of pathway interactions in metazoan organisms
------------------------------------------------------------
The Victor C++ library for protein representation and advanced manipulation
------------------------------------------------------------
Bioimaging-based detection of mislocalized proteins in human cancers by semi-supervised learning
------------------------------------------------------------
HyDRA: gene prioritization via hybrid distance-score rank aggregation
------------------------------------------------------------
jNMFMA: a joint non-negative matrix factorization meta-analysis of transcriptomics data
------------------------------------------------------------
XenoSite server: a web-available site of metabolism prediction tool
------------------------------------------------------------
EPGA: de novo assembly using the distributions of reads and insert size
------------------------------------------------------------
M3D: a kernel-based test for spatially correlated changes in methylation profiles
------------------------------------------------------------
MUSCLE: automated multi-objective evolutionary optimization of targeted LC-MS/MS analysis
------------------------------------------------------------
CytoCom: a Cytoscape app to visualize, query and analyse disease comorbidity networks
------------------------------------------------------------
IntSide: a web server for the chemical and biological examination of drug side effects
------------------------------------------------------------
TreeEFM: calculating elementary flux modes using linear optimization in a tree-based algorithm
------------------------------------------------------------
flowDensity: reproducing manual gating of flow cytometry data by automated density-based cell population identification
------------------------------------------------------------
Measuring the wisdom of the crowds in network-based gene function inference
------------------------------------------------------------
Automated structural classification of lipids by machine learning
------------------------------------------------------------
Automatic prediction of polysaccharide utilization loci in Bacteroidetes species
------------------------------------------------------------
WebPSN: a web server for high-throughput investigation of structural communication in biomacromolecules
------------------------------------------------------------
MetMSLine: an automated and fully integrated pipeline for rapid processing of high-resolution LC-MS metabolomic datasets
------------------------------------------------------------
DIANA--algorithmic improvements for analysis of data-independent acquisition MS data
------------------------------------------------------------
MP-GeneticSynth: inferring biological network regulations from time series
------------------------------------------------------------
minimac2: faster genotype imputation
------------------------------------------------------------
MACOED: a multi-objective ant colony optimization algorithm for SNP epistasis detection in genome-wide association studies
------------------------------------------------------------
GeneNet Toolbox for MATLAB: a flexible platform for the analysis of gene connectivity in biological networks
------------------------------------------------------------
Novel function discovery with GeneMANIA: a new integrated resource for gene function prediction in Escherichia coli
------------------------------------------------------------
Log-odds sequence logos
------------------------------------------------------------
A crowd-sourcing approach for the construction of species-specific cell signaling networks
------------------------------------------------------------
Computing autocatalytic sets to unravel inconsistencies in metabolic network reconstructions
------------------------------------------------------------
SIST: stress-induced structural transitions in superhelical DNA
------------------------------------------------------------
MulRF: a software package for phylogenetic analysis using multi-copy gene trees
------------------------------------------------------------
Sigma: strain-level inference of genomes from metagenomic analysis for biosurveillance
------------------------------------------------------------
METAINTER: meta-analysis of multiple regression models in genome-wide association studies
------------------------------------------------------------
PIP-DB: the Protein Isoelectric Point database
------------------------------------------------------------
Translating bioinformatics in oncology: guilt-by-profiling analysis and identification of KIF18B and CDCA3 as novel driver genes in carcinogenesis
------------------------------------------------------------
Snowball: resampling combined with distance-based regression to discover transcriptional consequences of a driver mutation
------------------------------------------------------------
SignalSpider: probabilistic pattern discovery on multiple normalized ChIP-Seq signal profiles
------------------------------------------------------------
The GOBLET training portal: a global repository of bioinformatics training materials, courses and trainers
------------------------------------------------------------
Over-representation of correlation analysis (ORCA): a method for identifying associations between variable sets
------------------------------------------------------------
Prediction of Indel flanking regions in protein sequences using a variable-order Markov model
------------------------------------------------------------
GenPlay Multi-Genome, a tool to compare and analyze multiple human genomes in a graphical interface
------------------------------------------------------------
poRe: an R package for the visualization and analysis of nanopore sequencing data
------------------------------------------------------------
Inter-species pathway perturbation prediction via data-driven detection of functional homology
------------------------------------------------------------
RETRACTED: Analysis and prediction of β-turn types using multinomial logistic regression and artificial neural network
------------------------------------------------------------
Virxicon: A Lexicon Of Viral Sequences
------------------------------------------------------------
Prediction Of Histone Post-Translational Modifications Using Deep Learning
------------------------------------------------------------
The ortholog conjecture revisited: the value of orthologs and paralogs in function prediction
------------------------------------------------------------
Testing hypotheses about the microbiome using the linear decomposition model (LDM)
------------------------------------------------------------
Block HSIC Lasso: model-free biomarker detection for ultra-high dimensional data
------------------------------------------------------------
CROSSMAPPER: estimating cross-mapping rates and optimizing experimental design in multi-species sequencing studies
------------------------------------------------------------
RTNduals: an R/Bioconductor package for analysis of co-regulation and inference of dual regulons
------------------------------------------------------------
RERconverge: an R package for associating evolutionary rates with convergent traits
------------------------------------------------------------
DeepSymmetry: using 3D convolutional networks for identification of tandem repeats and internal symmetries in protein structures
------------------------------------------------------------
MetWork: a web server for natural products anticipation
------------------------------------------------------------
Integrating hypertension phenotype and genotype with hybrid non-negative matrix factorization
------------------------------------------------------------
MR4Cancer: a web server prioritizing master regulators for cancer
------------------------------------------------------------
On the power of epigenome-wide association studies using a disease-discordant twin design
------------------------------------------------------------
TomoEED: fast edge-enhancing denoising of tomographic volumes
------------------------------------------------------------
Phantom: investigating heterogeneous gene sets in time-course data
------------------------------------------------------------
cBinderDB: a covalent binding agent database
------------------------------------------------------------
FluxModeCalculator: an efficient tool for large-scale flux mode computation
------------------------------------------------------------
SpotCaliper: fast wavelet-based spot detection with accurate size estimation
------------------------------------------------------------
MichelaNglo: sculpting protein views on web pages without coding
------------------------------------------------------------
ColocML: machine learning quantifies co-localization between mass spectrometry images
------------------------------------------------------------
QMEANDisCo-distance constraints applied on model quality estimation
------------------------------------------------------------
TeSS: a platform for discovering life-science training opportunities
------------------------------------------------------------
DeepKinZero: zero-shot learning for predicting kinase-phosphosite associations involving understudied kinases
------------------------------------------------------------
Census of halide-binding sites in protein structures
------------------------------------------------------------
FTIP: an accurate and efficient method for global protein surface comparison
------------------------------------------------------------
A Bayesian approach to accurate and robust signature detection on LINCS L1000 data
------------------------------------------------------------
MODER2: first-order Markov modeling and discovery of monomeric and dimeric binding motifs
------------------------------------------------------------
G4Killer web application: a tool to design G-quadruplex mutations
------------------------------------------------------------
UMI-VarCal: a new UMI-based variant caller that efficiently improves low-frequency variant detection in paired-end sequencing NGS libraries
------------------------------------------------------------
On the bias of H-scores for comparing biclusters, and how to correct it
------------------------------------------------------------
Network-based prediction of drug-target interactions using an arbitrary-order proximity embedded deep forest
------------------------------------------------------------
Joint reconstruction of multiple gene networks by simultaneously capturing inter-tumor and intra-tumor heterogeneity
------------------------------------------------------------
sismonr: simulation of in silico multi-omic networks with adjustable ploidy and post-transcriptional regulation in R
------------------------------------------------------------
Inference of gene regulatory networks based on nonlinear ordinary differential equations
------------------------------------------------------------
BAlaS: fast, interactive and accessible computational alanine-scanning using BudeAlaScan
------------------------------------------------------------
CROP: correlation-based reduction of feature multiplicities in untargeted metabolomic data
------------------------------------------------------------
RiboFlow, RiboR and RiboPy: an ecosystem for analyzing ribosome profiling data at read length resolution
------------------------------------------------------------
The open targets post-GWAS analysis pipeline
------------------------------------------------------------
ABEMUS: platform-specific and data-informed detection of somatic SNVs in cfDNA
------------------------------------------------------------
InterPep2: global peptide-protein docking using interaction surface templates
------------------------------------------------------------
Gapsplit: efficient random sampling for non-convex constraint-based models
------------------------------------------------------------
ChemBioServer 2.0: an advanced web server for filtering, clustering and networking of chemical compounds facilitating both drug discovery and repurposing
------------------------------------------------------------
BEM: Mining Coregulation Patterns in Transcriptomics via Boolean Matrix Factorization
------------------------------------------------------------
A U-statistics for integrative analysis of multilayer omics data
------------------------------------------------------------
A novel method SEProm for prokaryotic promoter prediction based on DNA structure and energetics
------------------------------------------------------------
BCdatabaser: on-the-fly reference database creation for (meta-)barcoding
------------------------------------------------------------
LiPLike: towards gene regulatory network predictions of high certainty
------------------------------------------------------------
SMART: SuperMaximal approximate repeats tool
------------------------------------------------------------
Multi-omics reveals functional genomic and metabolic mechanisms of milk production and quality in dairy cows
------------------------------------------------------------
A haplotype-aware de novo assembly of related individuals using pedigree sequence graph
------------------------------------------------------------
LOBSTER: an environment to design bioimage analysis workflows for large and complex fluorescence microscopy data
------------------------------------------------------------
LPM: a latent probit model to characterize the relationship among complex traits using summary statistics from multiple GWASs and functional annotations
------------------------------------------------------------
SAMMI: a semi-automated tool for the visualization of metabolic networks
------------------------------------------------------------
GlyMDB: Glycan Microarray Database and analysis toolset
------------------------------------------------------------
ngsReports: a Bioconductor package for managing FastQC reports and other NGS related log files
------------------------------------------------------------
ClinVAP: a reporting strategy from variants to therapeutic options
------------------------------------------------------------
SSIPe: accurately estimating protein-protein binding affinity change upon mutations using evolutionary profiles in combination with an optimized physical energy function
------------------------------------------------------------
GABAC: an arithmetic coding solution for genomic data
------------------------------------------------------------
Logomaker: beautiful sequence logos in Python
------------------------------------------------------------
Formal axioms in biomedical ontologies improve analysis and interpretation of associated data
------------------------------------------------------------
SpaCell: integrating tissue morphology and spatial gene expression to predict disease cells
------------------------------------------------------------
Antibody complementarity determining region design using high-capacity machine learning
------------------------------------------------------------
Detection of differentially methylated CpG sites between tumor samples with uneven tumor purities
------------------------------------------------------------
ADDO: a comprehensive toolkit to detect, classify and visualize additive and non-additive quantitative trait loci
------------------------------------------------------------
CRISPRitz: rapid, high-throughput and variant-aware in silico off-target site identification for CRISPR genome editing
------------------------------------------------------------
Accurate detection of short and long active ORFs using Ribo-seq data
------------------------------------------------------------
Prediction of mutation effects using a deep temporal convolutional network
------------------------------------------------------------
Discovery of disease- and drug-specific pathways through community structures of a literature network
------------------------------------------------------------
Learning complex subcellular distribution patterns of proteins via analysis of immunohistochemistry images
------------------------------------------------------------
The Cytoscape BioGateway App: explorative network building from the BioGateway triple store
------------------------------------------------------------
MDiNE: a model to estimate differential co-occurrence networks in microbiome studies
------------------------------------------------------------
QMEANDisCo-distance constraints applied on model quality estimation
------------------------------------------------------------
Network-based multi-task learning models for biomarker selection and cancer outcome prediction
------------------------------------------------------------
YY1 is a cis-regulator in the organoid models of high mammographic density
------------------------------------------------------------
mCSM-AB2: guiding rational antibody design using graph-based signatures
------------------------------------------------------------
Set cover-based methods for motif selection
------------------------------------------------------------
bWGR: Bayesian Whole-Genome Regression
------------------------------------------------------------
Deep annotation of untargeted LC-MS metabolomics data with Binner
------------------------------------------------------------
Topological data analysis quantifies biological nano-structure from single molecule localization microscopy
------------------------------------------------------------
CSMD: a computational subtraction-based microbiome discovery pipeline for species-level characterization of clinical metagenomic samples
------------------------------------------------------------
Patch-DCA: improved protein interface prediction by utilizing structural information and clustering DCA scores
------------------------------------------------------------
Dynalogo: an interactive sequence logo with dynamic thresholding of matched quantitative proteomic data
------------------------------------------------------------
BioSwitch: a tool for the detection of bistability and multi-steady state behaviour in signalling and gene regulatory networks
------------------------------------------------------------
GPseudoClust: deconvolution of shared pseudo-profiles at single-cell resolution
------------------------------------------------------------
Studying 3D genome evolution using genomic sequence
------------------------------------------------------------
AggreRATE-Pred: a mathematical model for the prediction of change in aggregation rate upon point mutation
------------------------------------------------------------
BiomeNet: a database for construction and analysis of functional interaction networks for any species with a sequenced genome
------------------------------------------------------------
SynQuant: an automatic tool to quantify synapses from microscopy images
------------------------------------------------------------
NITUMID: Nonnegative matrix factorization-based Immune-TUmor MIcroenvironment Deconvolution
------------------------------------------------------------
Novel algorithms for efficient subsequence searching and mapping in nanopore raw signals towards targeted sequencing
------------------------------------------------------------
iATC-NRAKEL: an efficient multi-label classifier for recognizing anatomical therapeutic chemical classes of drugs
------------------------------------------------------------
Bayesian weighted Mendelian randomization for causal inference based on summary statistics
------------------------------------------------------------
Soft windowing application to improve analysis of high-throughput phenotyping data
------------------------------------------------------------
VISOR: a versatile haplotype-aware structural variant simulator for short- and long-read sequencing
------------------------------------------------------------
γ-TRIS: a graph-algorithm for comprehensive identification of vector genomic insertion sites
------------------------------------------------------------
Topology-based classification of tetrads and quadruplex structures
------------------------------------------------------------
Thermodynamically consistent estimation of Gibbs free energy from data: data reconciliation approach
------------------------------------------------------------
Towards next-generation diagnostics for tuberculosis: identification of novel molecular targets by large-scale comparative genomics
------------------------------------------------------------
T-lex3: an accurate tool to genotype and estimate population frequencies of transposable elements using the latest short-read whole genome sequencing data
------------------------------------------------------------
MitoTrack, a user-friendly semi-automatic software for lineage tracking in living embryos
------------------------------------------------------------
MUFold-SSW: a new web server for predicting protein secondary structures, torsion angles and turns
------------------------------------------------------------
AssessORF: combining evolutionary conservation and proteomics to assess prokaryotic gene predictions
------------------------------------------------------------
PPNID: a reference database and molecular identification pipeline for plant-parasitic nematodes
------------------------------------------------------------
Weighted elastic net for unsupervised domain adaptation with application to age prediction from DNA methylation data
------------------------------------------------------------
TADA: phylogenetic augmentation of microbiome samples enhances phenotype classification
------------------------------------------------------------
DIFFUSE: predicting isoform functions from sequences and expression profiles via deep learning
------------------------------------------------------------
Precise modelling and interpretation of bioactivities of ligands targeting G protein-coupled receptors
------------------------------------------------------------
Enhancing the drug discovery process: Bayesian inference for the analysis and comparison of dose-response experiments
------------------------------------------------------------
Efficient merging of genome profile alignments
------------------------------------------------------------
Large scale microbiome profiling in the cloud
------------------------------------------------------------
SCRIBER: accurate and partner type-specific prediction of protein-binding residues from proteins sequences
------------------------------------------------------------
Unsupervised segmentation of mass spectrometric ion images characterizes morphology of tissues
------------------------------------------------------------
Large-scale mammalian genome rearrangements coincide with chromatin interactions
------------------------------------------------------------
GkmExplain: fast and accurate interpretation of nonlinear gapped k-mer SVMs
------------------------------------------------------------
PRECISE: a domain adaptation approach to transfer predictors of drug response from pre-clinical models to tumors
------------------------------------------------------------
Identifying molecular recognition features in intrinsically disordered regions of proteins by transfer learning
------------------------------------------------------------
DDAP: docking domain affinity and biosynthetic pathway prediction tool for type I polyketide synthases
------------------------------------------------------------
MeLAD: an integrated resource for metalloenzyme-ligand associations
------------------------------------------------------------
Phylogenetic tree-based microbiome association test
------------------------------------------------------------
ChaperISM: improved chaperone binding prediction using position-independent scoring matrices
------------------------------------------------------------
A powerful and flexible weighted distance-based method incorporating interactions between DNA methylation and environmental factors on health outcomes
------------------------------------------------------------
pCRM1exportome: database of predicted CRM1-dependent Nuclear Export Signal (NES) motifs in cancer-related genes
------------------------------------------------------------
Regulatory annotation of genomic intervals based on tissue-specific expression QTLs
------------------------------------------------------------
MOOMIN - Mathematical explOration of 'Omics data on a MetabolIc Network
------------------------------------------------------------
hypeR: an R package for geneset enrichment workflows
------------------------------------------------------------
neoepiscope improves neoepitope prediction with multivariant phasing
------------------------------------------------------------
StrainHub: a phylogenetic tool to construct pathogen transmission networks
------------------------------------------------------------
Topology-independent and global protein structure alignment through an FFT-based algorithm
------------------------------------------------------------
Sequence tube maps: making graph genomes intuitive to commuters
------------------------------------------------------------
ATEN: And/Or tree ensemble for inferring accurate Boolean network topology and dynamics
------------------------------------------------------------
DeepGOPlus: improved protein function prediction from sequence
------------------------------------------------------------
THETA: a new genotypic approach for predicting HIV-1 CRF02-AG coreceptor usage
------------------------------------------------------------
ISoLDE: a data-driven statistical method for the inference of allelic imbalance in datasets with reciprocal crosses
------------------------------------------------------------
TFEA.ChIP: a tool kit for transcription factor binding site enrichment analysis capitalizing on ChIP-seq datasets
------------------------------------------------------------
PHANOTATE: a novel approach to gene identification in phage genomes
------------------------------------------------------------
Estimating and testing the microbial causal mediation effect with high-dimensional and compositional microbiome data
------------------------------------------------------------
diSTruct v1.0: generating biomolecular structures from distance constraints
------------------------------------------------------------
The influence of heterogeneous codon frequencies along sequences on the estimation of molecular adaptation
------------------------------------------------------------
DDT - Drug Discovery Tool: a fast and intuitive graphics user interface for docking and molecular dynamics analysis
------------------------------------------------------------
Identification of expression signatures for non-small-cell lung carcinoma subtype classification
------------------------------------------------------------
MEpurity: estimating tumor purity using DNA methylation data
------------------------------------------------------------
ValTrendsDB: bringing Protein Data Bank validation information closer to the user
------------------------------------------------------------
Pygenprop: a Python library for programmatic exploration and comparison of organism genome properties
------------------------------------------------------------
Increasing the efficiency and accuracy of the ABACUS protein sequence design method
------------------------------------------------------------
Interactive exploration of heterogeneous biological networks with Biomine Explorer
------------------------------------------------------------
Genetic cooperativity in multi-layer networks implicates cell survival and senescence in the striatum of Huntington's disease mice synchronous to symptoms
------------------------------------------------------------
GTShark: genotype compression in large projects
------------------------------------------------------------
sefOri: selecting the best-engineered sequence features to predict DNA replication origins
------------------------------------------------------------
iCn3D, a web-based 3D viewer for sharing 1D/2D/3D representations of biomolecular structures
------------------------------------------------------------
MRLR: unraveling high-resolution meiotic recombination by linked reads
------------------------------------------------------------
Positive multistate protein design
------------------------------------------------------------
CoCoScore: context-aware co-occurrence scoring for text mining applications using distant supervision
------------------------------------------------------------
GeneNoteBook, a collaborative notebook for comparative genomics
------------------------------------------------------------
MetOSite: an integrated resource for the study of methionine residues sulfoxidation
------------------------------------------------------------
A scalable method for parameter identification in kinetic models of metabolism using steady-state data
------------------------------------------------------------
Chicdiff: a computational pipeline for detecting differential chromosomal interactions in Capture Hi-C data
------------------------------------------------------------
SCANVIS: a tool for SCoring, ANnotating and VISualizing splice junctions
------------------------------------------------------------
DNN-Dom: predicting protein domain boundary from sequence alone by deep neural network
------------------------------------------------------------
vulcanSpot: a tool to prioritize therapeutic vulnerabilities in cancer
------------------------------------------------------------
RAbHIT: R Antibody Haplotype Inference Tool
------------------------------------------------------------
deconvSeq: deconvolution of cell mixture distribution in sequencing data
------------------------------------------------------------
Assessing concordance among human, in silico predictions and functional assays on genetic variant classification
------------------------------------------------------------
EROS-DOCK: protein-protein docking using exhaustive branch-and-bound rotational search
------------------------------------------------------------
AlphaFold at CASP13
------------------------------------------------------------
epiTAD: a web application for visualizing chromosome conformation capture data in the context of genetic epidemiology
------------------------------------------------------------
NGSEP3: accurate variant calling across species and sequencing protocols
------------------------------------------------------------
Incorporating spatial-anatomical similarity into the VGWAS framework for AD biomarker detection
------------------------------------------------------------
A coordinate descent approach for sparse Bayesian learning in high dimensional QTL mapping and genome-wide association studies
------------------------------------------------------------
Another look at matrix correlations
------------------------------------------------------------
Accurate peptide fragmentation predictions allow data driven approaches to replace and improve upon proteomics search engine scoring functions
------------------------------------------------------------
A Bayesian two-way latent structure model for genomic data integration reveals few pan-genomic cluster subtypes in a breast cancer cohort
------------------------------------------------------------
Exact hypothesis testing for shrinkage-based Gaussian graphical models
------------------------------------------------------------
The barcode, UMI, set format and BUStools
------------------------------------------------------------
G-OnRamp: a Galaxy-based platform for collaborative annotation of eukaryotic genomes
------------------------------------------------------------
Identification of disease-associated loci using machine learning for genotype and network data integration
------------------------------------------------------------
HiCNN: a very deep convolutional neural network to better enhance the resolution of Hi-C data
------------------------------------------------------------
High precision protein functional site detection using 3D convolutional neural networks
------------------------------------------------------------
kmcEx: memory-frugal and retrieval-efficient encoding of counted k-mers
------------------------------------------------------------
The EntOptLayout Cytoscape plug-in for the efficient visualization of major protein complexes in protein-protein interaction and signalling networks
------------------------------------------------------------
FuncTree2: an interactive radial tree for functional hierarchies and omics data visualization
------------------------------------------------------------
ORCA: a comprehensive bioinformatics container environment for education and research
------------------------------------------------------------
A framework for space-efficient variable-order Markov models
------------------------------------------------------------
SurVIndel: improving CNV calling from high-throughput sequencing data through statistical testing
------------------------------------------------------------
Modelling G×E with historical weather information improves genomic prediction in new environments
------------------------------------------------------------
AbPredict 2: a server for accurate and unstrained structure prediction of antibody variable domains
------------------------------------------------------------
Nano-GLADIATOR: real-time detection of copy number alterations from nanopore sequencing data
------------------------------------------------------------
HLA*LA-HLA typing from linearly projected graph alignments
------------------------------------------------------------
Open Agile text mining for bioinformatics: the PubAnnotation ecosystem
------------------------------------------------------------
Discovery of tandem and interspersed segmental duplications using high-throughput sequencing
------------------------------------------------------------
Benefits of dimension reduction in penalized regression methods for high-dimensional grouped data: a case study in low sample size
------------------------------------------------------------
RTNsurvival: an R/Bioconductor package for regulatory network survival analysis
------------------------------------------------------------
Pinetree: a step-wise gene expression simulator with codon-specific translation rates
------------------------------------------------------------
Determining parameters for non-linear models of multi-loop free energy change
------------------------------------------------------------
Shouji: a fast and efficient pre-alignment filter for sequence alignment
------------------------------------------------------------
CliqueMS: a computational tool for annotating in-source metabolite ions from LC-MS untargeted metabolomics data based on a coelution similarity network
------------------------------------------------------------
PedigreeNet: a web-based pedigree viewer for biological databases
------------------------------------------------------------
Differential proteostatic regulation of insoluble and abundant proteins
------------------------------------------------------------
CytoBackBone: an algorithm for merging of phenotypic information from different cytometric profiles
------------------------------------------------------------
SArKS: de novo discovery of gene expression regulatory motif sites and domains by suffix array kernel smoothing
------------------------------------------------------------
ERVcaller: identifying polymorphic endogenous retrovirus and other transposable element insertions using whole-genome sequencing data
------------------------------------------------------------
GladiaTOX: GLobal Assessment of Dose-IndicAtor in TOXicology
------------------------------------------------------------
Lemon: a framework for rapidly mining structural information from the Protein Data Bank
------------------------------------------------------------
CABS-dock standalone: a toolbox for flexible protein-peptide docking
------------------------------------------------------------
Stable H3K4me3 is associated with transcription initiation during early embryo development
------------------------------------------------------------
Gene-based association tests using GWAS summary statistics
------------------------------------------------------------
GREP: genome for REPositioning drugs
------------------------------------------------------------
Choice of species affects phylogenetic stability of deep nodes: an empirical example in Terrabacteria
------------------------------------------------------------
VIMCO: variational inference for multiple correlated outcomes in genome-wide association studies
------------------------------------------------------------
Dr.VAE: improving drug response prediction via modeling of drug perturbation effects
------------------------------------------------------------
G2P: a Genome-Wide-Association-Study simulation tool for genotype simulation, phenotype simulation and power evaluation
------------------------------------------------------------
Benchmarking optimization methods for parameter estimation in large kinetic models
------------------------------------------------------------
C3D: a tool to predict 3D genomic interactions between cis-regulatory elements
------------------------------------------------------------
Nucleotide Archival Format (NAF) enables efficient lossless reference-free compression of DNA sequences
------------------------------------------------------------
Easybiotics: a GUI for 3D physical modelling of multi-species bacterial populations
------------------------------------------------------------
The TMCrys server for supporting crystallization of transmembrane proteins
------------------------------------------------------------
Inter-Modular Linkers play a crucial role in governing the biosynthesis of non-ribosomal peptides
------------------------------------------------------------
A framework and an algorithm to detect low-abundance DNA by a handy sequencer and a palm-sized computer
------------------------------------------------------------
BioKEEN: a library for learning and evaluating biological knowledge graph embeddings
------------------------------------------------------------
DeepAffinity: interpretable deep learning of compound-protein affinity through unified recurrent and convolutional neural networks
------------------------------------------------------------
Identification of caveolin-1 domain signatures via machine learning and graphlet analysis of single-molecule super-resolution data
------------------------------------------------------------
Gag-protease coevolution shapes the outcome of lopinavir-inclusive treatment regimens in chronically infected HIV-1 subtype C patients
------------------------------------------------------------
RiboD: a comprehensive database for prokaryotic riboswitches
------------------------------------------------------------
IGLOSS: iterative gapless local similarity search
------------------------------------------------------------
ChimeraUGEM: unsupervised gene expression modeling in any given organism
------------------------------------------------------------
Assembly Graph Browser: interactive visualization of assembly graphs
------------------------------------------------------------
DeepAMR for predicting co-occurrent resistance of Mycobacterium tuberculosis
------------------------------------------------------------
Haplotype assembly of autotetraploid potato using integer linear programing
------------------------------------------------------------
Efficient implementation of convolutional neural networks in the data processing of two-photon in vivo imaging
------------------------------------------------------------
Protein fold recognition based on multi-view modeling
------------------------------------------------------------
The ReproGenomics Viewer: a multi-omics and cross-species resource compatible with single-cell studies for the reproductive science community
------------------------------------------------------------
admixr-R package for reproducible analyses using ADMIXTOOLS
------------------------------------------------------------
Benchmarking time-series data discretization on inference methods
------------------------------------------------------------
PSiTE: a Phylogeny guided Simulator for Tumor Evolution
------------------------------------------------------------
A network of networks approach for modeling interconnected brain tissue-specific networks
------------------------------------------------------------
EBIC: an open source software for high-dimensional and big data analyses
------------------------------------------------------------
TopoLink: evaluation of structural models using chemical crosslinking distance constraints
------------------------------------------------------------
Streamlined analysis of LINCS L1000 data with the slinky package for R
------------------------------------------------------------
[ERROR] unknown error for print this text
------------------------------------------------------------
Benchmark problems for dynamic modeling of intracellular processes
------------------------------------------------------------
Boost-HiC: computational enhancement of long-range contacts in chromosomal contact maps
------------------------------------------------------------
MetFlow: an interactive and integrated workflow for metabolomics data cleaning and differential metabolite discovery
------------------------------------------------------------
SIAN: software for structural identifiability analysis of ODE models
------------------------------------------------------------
DeepPhos: prediction of protein phosphorylation sites with deep learning
------------------------------------------------------------
Linking sequence patterns and functionality of alpha-helical antimicrobial peptides
------------------------------------------------------------
Fully unsupervised symmetry-based mitosis detection in time-lapse cell microscopy
------------------------------------------------------------
KinVis: a visualization tool to detect cryptic relatedness in genetic datasets
------------------------------------------------------------
Reply to the paper: Misunderstood parameters of NCBI BLAST impacts the correctness of bioinformatics workflows
------------------------------------------------------------
mAHTPred: a sequence-based meta-predictor for improving the prediction of anti-hypertensive peptides using effective feature representation
------------------------------------------------------------
Computing irreversible minimal cut sets in genome-scale metabolic networks via flux cone projection
------------------------------------------------------------
Seave: a comprehensive web platform for storing and interrogating human genomic variation
------------------------------------------------------------
Response to comments on 'Empirical comparison of web-based antimicrobial peptide prediction tools'
------------------------------------------------------------
On what to permute in test-based approaches for variable importance measures in Random Forests
------------------------------------------------------------
CNValidator: validating somatic copy-number inference
------------------------------------------------------------
Implementation of a Stirling number estimator enables direct calculation of population genetics tests for large sequence datasets
------------------------------------------------------------
CASMAP: detection of statistically significant combinations of SNPs in association mapping
------------------------------------------------------------
Commonly misunderstood parameters of NCBI BLAST and important considerations for users
------------------------------------------------------------
Gene expression models based on transcription factor binding events confer insight into functional cis-regulatory variants
------------------------------------------------------------
Increasing the accuracy of protein loop structure prediction with evolutionary constraints
------------------------------------------------------------
PopViz: a webserver for visualizing minor allele frequencies and damage prediction scores of human genetic variations
------------------------------------------------------------
GlycanFormatConverter: a conversion tool for translating the complexities of glycans
------------------------------------------------------------
AStrap: identification of alternative splicing from transcript sequences without a reference genome
------------------------------------------------------------
Improving prediction of protein secondary structure, backbone angles, solvent accessibility and contact numbers by using predicted contact maps and an ensemble of recurrent and residual convolutional neural networks
------------------------------------------------------------
atSNP Search: a web resource for statistically evaluating influence of human genetic variation on transcription factor binding
------------------------------------------------------------
BIOLITMAP: a web-based geolocated, temporal and thematic visualization of the evolution of bioinformatics publications
------------------------------------------------------------
Capsule network for protein post-translational modification site prediction
------------------------------------------------------------
Alfred: interactive multi-sample BAM alignment statistics, feature counting and feature annotation for long- and short-read sequencing
------------------------------------------------------------
GWASpro: a high-performance genome-wide association analysis server
------------------------------------------------------------
Drug Targetor: a web interface to investigate the human druggome for over 500 phenotypes
------------------------------------------------------------
Validation of electron microscopy initial models via small angle X-ray scattering curves
------------------------------------------------------------
Computational modeling reveals MAP3K8 as mediator of resistance to vemurafenib in thyroid cancer stem cells
------------------------------------------------------------
An equivariant Bayesian convolutional network predicts recombination hotspots and accurately resolves binding motifs
------------------------------------------------------------
SkeletalVis: an exploration and meta-analysis data portal of cross-species skeletal transcriptomics data
------------------------------------------------------------
Integrate multiple traits to detect novel trait-gene association using GWAS summary data with an adaptive test approach
------------------------------------------------------------
SGTK: a toolkit for visualization and assessment of scaffold graphs
------------------------------------------------------------
Bias in the intervention in prediction measure in random forests: illustrations and recommendations
------------------------------------------------------------
DeepCrystal: a deep learning framework for sequence-based protein crystallization prediction
------------------------------------------------------------
TAIJI: approaching experimental replicates-level accuracy for drug synergy prediction
------------------------------------------------------------
BGSA: a bit-parallel global sequence alignment toolkit for multi-core and many-core architectures
------------------------------------------------------------
G4HunterApps
------------------------------------------------------------
Semi-supervised learning of Hidden Markov Models for biological sequence analysis
------------------------------------------------------------
FactorialHMM: fast and exact inference in factorial hidden Markov models
------------------------------------------------------------
Identify origin of replication in Saccharomyces cerevisiae using two-step feature selection technique
------------------------------------------------------------
SeQuiLa: an elastic, fast and scalable SQL-oriented solution for processing and querying genomic intervals
------------------------------------------------------------
Branch-recombinant Gaussian processes for analysis of perturbations in biological time series
------------------------------------------------------------
Topology independent structural matching discovers novel templates for protein interfaces
------------------------------------------------------------
Approximate, simultaneous comparison of microbial genome architectures via syntenic anchoring of quiver representations
------------------------------------------------------------
Fast characterization of segmental duplications in genome assemblies
------------------------------------------------------------
Predicting protein-protein interactions through sequence-based deep learning
------------------------------------------------------------
fastp: an ultra-fast all-in-one FASTQ preprocessor
------------------------------------------------------------
Accurate and adaptive imputation of summary statistics in mixed-ethnicity cohorts
------------------------------------------------------------
DREAM-Yara: an exact read mapper for very large databases with short update time
------------------------------------------------------------
iCFN: an efficient exact algorithm for multistate protein design
------------------------------------------------------------
Off-target predictions in CRISPR-Cas9 gene editing using deep learning
------------------------------------------------------------
SPhyR: tumor phylogeny estimation from single-cell sequencing data under loss and error
------------------------------------------------------------
Scalable and exhaustive screening of metabolic functions carried out by microbial consortia
------------------------------------------------------------
An ontology-based method for assessing batch effect adjustment approaches in heterogeneous datasets
------------------------------------------------------------
BayMAP: a Bayesian hierarchical model for the analysis of PAR-CLIP data
------------------------------------------------------------
DeepT3: deep convolutional neural networks accurately identify Gram-negative bacterial type III secreted effectors using the N-terminal sequence
------------------------------------------------------------
dtangle: accurate and robust cell type deconvolution
------------------------------------------------------------
Computational modeling of cellular structures using conditional deep generative networks
------------------------------------------------------------
Discovering network phenotype between genetic risk factors and disease status via diagnosis-aligned multi-modality regression method in Alzheimer's disease
------------------------------------------------------------
BiXGBoost: a scalable, flexible boosting-based method for reconstructing gene regulatory networks
------------------------------------------------------------
Heavy-tailed prior distributions for sequence count data: removing the noise and preserving large differences
------------------------------------------------------------
DrugThatGene: integrative analysis to streamline the identification of druggable genes, pathways and protein complexes from CRISPR screens
------------------------------------------------------------
Set of approaches based on 3D structure and position specific-scoring matrix for predicting DNA-binding proteins
------------------------------------------------------------
Batch effects correction for microbiome data with Dirichlet-multinomial regression
------------------------------------------------------------
VarSome: the human genomic variant search engine
------------------------------------------------------------
simGWAS: a fast method for simulation of large scale case-control GWAS summary statistics
------------------------------------------------------------
ELMER v.2: an R/Bioconductor package to reconstruct gene regulatory networks from DNA methylation and transcriptome profiles
------------------------------------------------------------
Measuring phylogenetic signal between categorical traits and phylogenies
------------------------------------------------------------
pJRES Binning Algorithm (JBA): a new method to facilitate the recovery of metabolic information from pJRES 1H NMR spectra
------------------------------------------------------------
GeneLab: Omics database for spaceflight experiments
------------------------------------------------------------
Landscape of multi-tissue global gene expression reveals the regulatory signatures of feed efficiency in beef cattle
------------------------------------------------------------
SCALOP: sequence-based antibody canonical loop structure annotation
------------------------------------------------------------
MetaSMC: a coalescent-based shotgun sequence simulator for evolving microbial populations
------------------------------------------------------------
CANDI: an R package and Shiny app for annotating radiographs and evaluating computer-aided diagnosis
------------------------------------------------------------
Pisces: an accurate and versatile variant caller for somatic and germline next-generation sequencing data
------------------------------------------------------------
RiboProP: a probabilistic ribosome positioning algorithm for ribosome profiling
------------------------------------------------------------
Accurate detection of chimeric contigs via Bionano optical maps
------------------------------------------------------------
Bayesian negative binomial regression for differential expression with confounding factors
------------------------------------------------------------
Strain-GeMS: optimized subspecies identification from microbiome data based on accurate variant modeling
------------------------------------------------------------
SanXoT: a modular and versatile package for the quantitative analysis of high-throughput proteomics experiments
------------------------------------------------------------
MSPminer: abundance-based reconstitution of microbial pan-genomes from shotgun metagenomic data
------------------------------------------------------------
PySFD: comprehensive molecular insights from significant feature differences detected among many simulated ensembles
------------------------------------------------------------
iTerm-PseKNC: a sequence-based tool for predicting bacterial transcriptional terminators
------------------------------------------------------------
CINNA: an R/CRAN package to decipher Central Informative Nodes in Network Analysis
------------------------------------------------------------
STatistical Inference Relief (STIR) feature selection
------------------------------------------------------------
Combining count- and length-based z-scores leads to improved predictions in non-invasive prenatal testing
------------------------------------------------------------
A Bayesian framework for high-throughput T cell receptor pairing
------------------------------------------------------------
The GCTx format and cmap{Py, R, M, J} packages: resources for optimized storage and integrated traversal of annotated dense matrices
------------------------------------------------------------
CATANA: a tool for generating comprehensive annotations of alternative transcript events
------------------------------------------------------------
Prediction of protein group function by iterative classification on functional relevance network
------------------------------------------------------------
novoCaller: a Bayesian network approach for de novo variant calling from pedigree and population sequence data
------------------------------------------------------------
NanoShaper-VMD interface: computing and visualizing surfaces, pockets and channels in molecular systems
------------------------------------------------------------
Comparative analysis of methods for evaluation of protein models against native structures
------------------------------------------------------------
HitPickV2: a web server to predict targets of chemical compounds
------------------------------------------------------------
Synergizing CRISPR/Cas9 off-target predictions for ensemble insights and practical applications
------------------------------------------------------------
Resolution-exchanged structural modeling and simulations jointly unravel that subunit rolling underlies the mechanism of programmed ribosomal frameshifting
------------------------------------------------------------
Efficient computation of the kinship coefficients
------------------------------------------------------------
SKmDB: an integrated database of next generation sequencing information in skeletal muscle
------------------------------------------------------------
Variable selection and validation in multivariate modelling
------------------------------------------------------------
Inferring gene expression networks with hubs using a degree weighted Lasso approach
------------------------------------------------------------
Penalized co-inertia analysis with applications to -omics data
------------------------------------------------------------
gemBS: high throughput processing for DNA methylation data from bisulfite sequencing
------------------------------------------------------------
DCARS: differential correlation across ranked samples
------------------------------------------------------------
isiKnock: in silico knockouts in signaling pathways
------------------------------------------------------------
Clustering of temporal gene expression data with mixtures of mixed effects models with a penalized likelihood
------------------------------------------------------------
ASGART: fast and parallel genome scale segmental duplications mapping
------------------------------------------------------------
Detection of de novo copy number deletions from targeted sequencing of trios
------------------------------------------------------------
JustOrthologs: a fast, accurate and user-friendly ortholog identification algorithm
------------------------------------------------------------
DiscoverSL: an R package for multi-omic data driven prediction of synthetic lethality in cancers
------------------------------------------------------------
The epiGenomic Efficient Correlator (epiGeEC) tool allows fast comparison of user datasets with thousands of public epigenomic datasets
------------------------------------------------------------
LipidIMMS Analyzer: integrating multi-dimensional information to support lipid identification in ion mobility-mass spectrometry based lipidomics
------------------------------------------------------------
GPseudoRank: a permutation sampler for single cell orderings
------------------------------------------------------------
iSwathX: an interactive web-based application for extension of DIA peptide reference libraries
------------------------------------------------------------
MendelProb: probability and sample size calculations for Mendelian studies of exome and whole genome sequence data
------------------------------------------------------------
Cryfa: a secure encryption tool for genomic data
------------------------------------------------------------
SKEMPI 2.0: an updated benchmark of changes in protein-protein binding energy, kinetics and thermodynamics upon mutation
------------------------------------------------------------
Scaling read aligners to hundreds of threads on general-purpose processors
------------------------------------------------------------
BIPSPI: a method for the prediction of partner-specific protein-protein interfaces
------------------------------------------------------------
Reproducible and replicable comparisons using SummarizedBenchmark
------------------------------------------------------------
ape 5.0: an environment for modern phylogenetics and evolutionary analyses in R
------------------------------------------------------------
GIGSEA: genotype imputed gene set enrichment analysis using GWAS summary level data
------------------------------------------------------------
Broom: application for non-redundant storage of high throughput sequencing data
------------------------------------------------------------
A parallel computational framework for ultra-large-scale sequence clustering analysis
------------------------------------------------------------
Hierarchical optimization for the efficient parametrization of ODE models
------------------------------------------------------------
Uncertainty quantification, propagation and characterization by Bayesian analysis combined with global sensitivity analysis applied to dynamical intracellular pathway models
------------------------------------------------------------
Crumble: reference free lossy compression of sequence quality values
------------------------------------------------------------
LigVoxel: inpainting binding pockets using 3D-convolutional neural networks
------------------------------------------------------------
Compound-protein interaction prediction with end-to-end learning of neural networks for graphs and sequences
------------------------------------------------------------
GATK PathSeq: a customizable computational tool for the discovery and identification of microbial sequences in libraries from eukaryotic hosts
------------------------------------------------------------
PepBDB: a comprehensive structural database of biological peptide-protein interactions
------------------------------------------------------------
SLIDE - a web-based tool for interactive visualization of large-scale - omics data
------------------------------------------------------------
Hybrid correction of highly noisy long reads using a variable-order de Bruijn graph
------------------------------------------------------------
ISMB 2018 proceedings
------------------------------------------------------------
Deep neural networks and distant supervision for geographic location mention extraction
------------------------------------------------------------
Personalized regression enables sample-specific pan-cancer analysis
------------------------------------------------------------
A new method for constructing tumor specific gene co-expression networks based on samples with tumor purity heterogeneity
------------------------------------------------------------
Finding associated variants in genome-wide association studies on multiple traits
------------------------------------------------------------
A space and time-efficient index for the compacted colored de Bruijn graph
------------------------------------------------------------
Protein threading using residue co-variation and deep learning
------------------------------------------------------------
Learning with multiple pairwise kernels for drug bioactivity prediction
------------------------------------------------------------
An optimization framework for network annotation
------------------------------------------------------------
Quantifying the similarity of topological domains across normal and cancer human cell types
------------------------------------------------------------
DisruPPI: structure-based computational redesign algorithm for protein binding disruption
------------------------------------------------------------
COSSMO: predicting competitive alternative splice site selection using deep learning
------------------------------------------------------------
BEL2ABM: agent-based simulation of static models in Biological Expression Language
------------------------------------------------------------
PartsGenie: an integrated tool for optimizing and sharing synthetic biology parts
------------------------------------------------------------
BMC3C: binning metagenomic contigs using codon usage, sequence composition and read coverage
------------------------------------------------------------
GeneCT: a generalizable cancerous status and tissue origin classifier for pan-cancer biopsies
------------------------------------------------------------
Practical dynamic de Bruijn graphs
------------------------------------------------------------
SOPanG: online text searching over a pan-genome
------------------------------------------------------------
A descriptive marker gene approach to single-cell pseudotime inference
------------------------------------------------------------
MetaPOAP: presence or absence of metabolic pathways in metagenome-assembled genomes
------------------------------------------------------------
SCIP: a single-cell image processor toolbox
------------------------------------------------------------
snpAD: an ancient DNA genotype caller
------------------------------------------------------------
Meffil: efficient normalization and analysis of very large DNA methylation datasets
------------------------------------------------------------
MolArt: a molecular structure annotation and visualization tool
------------------------------------------------------------
Prediction of kinetics of protein folding with non-redundant contact information
------------------------------------------------------------
panISa: ab initio detection of insertion sequences in bacterial genomes from short read sequence data
------------------------------------------------------------
GWASinlps: non-local prior based iterative SNP selection tool for genome-wide association studies
------------------------------------------------------------
iMetaLab 1.0: a web platform for metaproteomics data analysis
------------------------------------------------------------
TranscriptClean: variant-aware correction of indels, mismatches and splice junctions in long-read transcripts
------------------------------------------------------------
ePCR: an R-package for survival and time-to-event prediction in advanced prostate cancer, applied to real-world patient cohorts
------------------------------------------------------------
gmxapi: a high-level interface for advanced control and extension of molecular dynamics simulations
------------------------------------------------------------
Evaluating statistical approaches to leverage large clinical datasets for uncovering therapeutic and adverse medication effects
------------------------------------------------------------
comoRbidity: an R package for the systematic analysis of disease comorbidities
------------------------------------------------------------
iEnhancer-EL: identifying enhancers and their strength with ensemble learning approach
------------------------------------------------------------
MetQy-an R package to query metabolic functions of genes and genomes
------------------------------------------------------------
MIDORI server: a webserver for taxonomic assignment of unknown metazoan mitochondrial-encoded sequences using a curated database
------------------------------------------------------------
Axe: rapid, competitive sequence read demultiplexing using a trie
------------------------------------------------------------
ggCyto: next generation open-source visualization software for cytometry
------------------------------------------------------------
Improved design and analysis of CRISPR knockout screens
------------------------------------------------------------
MODE-TASK: large-scale protein motion tools
------------------------------------------------------------
Enhanced functionalities for annotating and indexing clinical text with the NCBO Annotator
------------------------------------------------------------
SimExTargId: a comprehensive package for real-time LC-MS data acquisition and analysis
------------------------------------------------------------
Using meshes for MeSH term enrichment and semantic analyses
------------------------------------------------------------
Application of network smoothing to glycan LC-MS profiling
------------------------------------------------------------
Combining probabilistic alignments with read pair information improves accuracy of split-alignments
------------------------------------------------------------
Single cell clustering based on cell-pair differentiability correlation and variance analysis
------------------------------------------------------------
AC-DIAMOND v1: accelerating large-scale DNA-protein alignment
------------------------------------------------------------
ConSpeciFix: classifying prokaryotic species based on gene flow
------------------------------------------------------------
RecPhyloXML: a format for reconciled gene trees
------------------------------------------------------------
Correcting mistakes in predicting distributions
------------------------------------------------------------
MRMAssayDB: an integrated resource for validated targeted proteomics assays
------------------------------------------------------------
The revival of the Gini importance?
------------------------------------------------------------
Grouper: graph-based clustering and annotation for improved de novo transcriptome analysis
------------------------------------------------------------
LZW-Kernel: fast kernel utilizing variable length code blocks from LZW compressors for protein sequence classification
------------------------------------------------------------
Jwalk and MNXL web server: model validation using restraints from crosslinking mass spectrometry
------------------------------------------------------------
Modeling one thousand intron length distributions with fitild
------------------------------------------------------------
JRmGRN: joint reconstruction of multiple gene regulatory networks with common hub genes using data from multiple tissues or conditions
------------------------------------------------------------
Quantification of biases in predictions of protein stability changes upon mutations
------------------------------------------------------------
Deep reinforcement learning of cell movement in the early stage of C.elegans embryogenesis
------------------------------------------------------------
Automatic selection of verification tools for efficient analysis of biochemical models
------------------------------------------------------------
RWEN: response-weighted elastic net for prediction of chemosensitivity of cancer cell lines
------------------------------------------------------------
EMUDRA: Ensemble of Multiple Drug Repositioning Approaches to improve prediction accuracy
------------------------------------------------------------
Ultra-fast global homology detection with Discrete Cosine Transform and Dynamic Time Warping
------------------------------------------------------------
Parapred: antibody paratope prediction using convolutional and recurrent neural networks
------------------------------------------------------------
DeepEfflux: a 2D convolutional neural network model for identifying families of efflux proteins in transporters
------------------------------------------------------------
CaSiAn: a Calcium Signaling Analyzer tool
------------------------------------------------------------
A sequence family database built on ECOD structural domains
------------------------------------------------------------
SnapperDB: a database solution for routine sequencing analysis of bacterial isolates
------------------------------------------------------------
IRscope: an online program to visualize the junction sites of chloroplast genomes
------------------------------------------------------------
Inference of the human polyadenylation code
------------------------------------------------------------
AGORA: organellar genome annotation from the amino acid and nucleotide references
------------------------------------------------------------
Genome-by-genome approach for fast bacterial genealogical relationship evaluation
------------------------------------------------------------
scanPAV: a pipeline for extracting presence-absence variations in genome pairs
------------------------------------------------------------
BART: a transcription factor prediction tool with query gene sets or epigenomic profiles
------------------------------------------------------------
SimPhospho: a software tool enabling confident phosphosite assignment
------------------------------------------------------------
SPV: a JavaScript Signaling Pathway Visualizer
------------------------------------------------------------
Deep learning improves antimicrobial peptide recognition
------------------------------------------------------------
ALPHA: a toolkit for Automated Local PHylogenomic Analyses
------------------------------------------------------------
GenomeDISCO: a concordance score for chromosome conformation capture experiments using random walks on contact map graphs
------------------------------------------------------------
CGManalyzer: an R package for analyzing continuous glucose monitoring studies
------------------------------------------------------------
Integrating long-range connectivity information into de Bruijn graphs
------------------------------------------------------------
Using combined evidence from replicates to evaluate ChIP-seq peaks
------------------------------------------------------------
A novel computational approach for drug repurposing using systems biology
------------------------------------------------------------
METHCOMP: a special purpose compression platform for DNA methylation data
------------------------------------------------------------
Optimality and identification of dynamic models in systems biology: an inverse optimal control framework
------------------------------------------------------------
GOLabeler: improving sequence-based large-scale protein function prediction by learning to rank
------------------------------------------------------------
AnaCoDa: analyzing codon data with Bayesian mixture models
------------------------------------------------------------
eMolTox: prediction of molecular toxicity with confidence
------------------------------------------------------------
BPRMeth: a flexible Bioconductor package for modelling methylation profiles
------------------------------------------------------------
FasParser2: a graphical platform for batch manipulation of tremendous amount of sequence data
------------------------------------------------------------
Mitigating the adverse impact of batch effects in sample pattern detection
------------------------------------------------------------
SubRecon: ancestral reconstruction of amino acid substitutions along a branch in a phylogeny
------------------------------------------------------------
PhyloMAd: efficient assessment of phylogenomic model adequacy
------------------------------------------------------------
Bacmeta: simulator for genomic evolution in bacterial metapopulations
------------------------------------------------------------
IWTomics: testing high-resolution sequence-based 'Omics' data at multiple locations and scales
------------------------------------------------------------
ViCTree: an automated framework for taxonomic classification from protein sequences
------------------------------------------------------------
Cost function network-based design of protein-protein interactions: predicting changes in binding affinity
------------------------------------------------------------
Multiobjective multifactor dimensionality reduction to detect SNP-SNP interactions
------------------------------------------------------------
A new approach for interpreting Random Forest models and its application to the biology of ageing
------------------------------------------------------------
ThreaDNA: predicting DNA mechanics' contribution to sequence selectivity of proteins along whole genomes
------------------------------------------------------------
ssbio: a Python framework for structural systems biology
------------------------------------------------------------
chromswitch: a flexible method to detect chromatin state switches
------------------------------------------------------------
WDL-RF: predicting bioactivities of ligand molecules acting with G protein-coupled receptors by combining weighted deep learning and random forest
------------------------------------------------------------
INfORM: Inference of NetwOrk Response Modules
------------------------------------------------------------
scEpath: energy landscape-based inference of transition probabilities and cellular trajectories from single-cell transcriptomic data
------------------------------------------------------------
Novel overlapping subgraph clustering for the detection of antigen epitopes
------------------------------------------------------------
Aligning dynamic networks with DynaWAVE
------------------------------------------------------------
Co-complex protein membership evaluation using Maximum Entropy on GO ontology and InterPro annotation
------------------------------------------------------------
pepKalc: scalable and comprehensive calculation of electrostatic interactions in random coil polypeptides
------------------------------------------------------------
An easy and efficient approach for testing identifiability
------------------------------------------------------------
Sequanix: a dynamic graphical interface for Snakemake workflows
------------------------------------------------------------
Primer3_masker: integrating masking of template sequence with primer design software
------------------------------------------------------------
A distance-based approach for testing the mediation effect of the human microbiome
------------------------------------------------------------
PEATH: single-individual haplotyping by a probabilistic evolutionary algorithm with toggling
------------------------------------------------------------
iPat: intelligent prediction and association tool for genomic research
------------------------------------------------------------
Discovering personalized driver mutation profiles of single samples in cancer by network control strategy
------------------------------------------------------------
Sensitive and specific post-call filtering of genetic variants in xenograft and primary tumors
------------------------------------------------------------
DiffGraph: an R package for identifying gene network rewiring using differential graphical models
------------------------------------------------------------
CHROMIXS: automatic and interactive analysis of chromatography-coupled small-angle X-ray scattering data
------------------------------------------------------------
polyPK: an R package for pharmacokinetic analysis of multi-component drugs using a metabolomics approach
------------------------------------------------------------
An automated benchmarking platform for MHC class II binding prediction methods
------------------------------------------------------------
A high-resolution map of the human small non-coding transcriptome
------------------------------------------------------------
DeepSig: deep learning improves signal peptide detection in proteins
------------------------------------------------------------
Missing value imputation for LC-MS metabolomics data by incorporating metabolic network and adduct ion relations
------------------------------------------------------------
Personal Cancer Genome Reporter: variant interpretation report for precision oncology
------------------------------------------------------------
GRAM-CNN: a deep learning approach with local context for named entity recognition in biomedical text
------------------------------------------------------------
Computational identification of micro-structural variations and their proteogenomic consequences in cancer
------------------------------------------------------------
GIGI-Quick: a fast approach to impute missing genotypes in genome-wide association family data
------------------------------------------------------------
Rcupcake: an R package for querying and analyzing biomedical data through the BD2K PIC-SURE RESTful API
------------------------------------------------------------
JASPAR RESTful API: accessing JASPAR data from any programming language
------------------------------------------------------------
Curatr: a web application for creating, curating and sharing a mass spectral library
------------------------------------------------------------
GeoBoost: accelerating research involving the geospatial metadata of virus GenBank records
------------------------------------------------------------
Machine learning for classifying tuberculosis drug-resistance from DNA sequencing data
------------------------------------------------------------
NGLview-interactive molecular graphics for Jupyter notebooks
------------------------------------------------------------
LitPathExplorer: a confidence-based visual text analytics tool for exploring literature-enriched pathway models
------------------------------------------------------------
Aether: leveraging linear programming for optimal cloud computing in genomics
------------------------------------------------------------
DNCON2: improved protein contact prediction using two-level deep convolutional neural networks
------------------------------------------------------------
Bicycle: a bioinformatics pipeline to analyze bisulfite sequencing data
------------------------------------------------------------
RecoverY: k-mer-based read classification for Y-chromosome-specific sequencing and assembly
------------------------------------------------------------
ThetaMater: Bayesian estimation of population size parameter θ from genomic data
------------------------------------------------------------
shinyCircos: an R/Shiny application for interactive creation of Circos plot
------------------------------------------------------------
FUn: a framework for interactive visualizations of large, high-dimensional datasets on the web
------------------------------------------------------------
The systematic analysis of ultraconserved genomic regions in the budding yeast
------------------------------------------------------------
DDR: efficient computational method to predict drug-target interactions using graph mining and machine learning approaches
------------------------------------------------------------
SimulaTE: simulating complex landscapes of transposable elements of populations
------------------------------------------------------------
Myriads: P-value-based multiple testing correction
------------------------------------------------------------
Sequential search leads to faster, more efficient fragment-based de novo protein structure prediction
------------------------------------------------------------
LIBRA-WA: a web application for ligand binding site detection and protein function recognition
------------------------------------------------------------
Complex analyses of inverted repeats in mitochondrial genomes revealed their importance and variability
------------------------------------------------------------
RepLong: de novo repeat identification using long read sequencing data
------------------------------------------------------------
Cost-effective and accurate method of measuring fetal fraction using SNP imputation
------------------------------------------------------------
pLoc-mHum: predict subcellular localization of multi-location human proteins via general PseAAC to winnow out the crucial GO information
------------------------------------------------------------
MetaCherchant: analyzing genomic context of antibiotic resistance genes in gut microbiota
------------------------------------------------------------
pStab: prediction of stable mutants, unfolding curves, stability maps and protein electrostatic frustration
------------------------------------------------------------
An exact test for comparing a fixed quantitative property between gene sets
------------------------------------------------------------
TMEM132: an ancient architecture of cohesin and immunoglobulin domains define a new family of neural adhesion molecules
------------------------------------------------------------
Drug-drug interaction extraction via hierarchical RNNs on sequence and shortest dependency paths
------------------------------------------------------------
Unsupervised multiple kernel learning for heterogeneous data integration
------------------------------------------------------------
ArachnoServer 3.0: an online resource for automated discovery, analysis and annotation of spider toxins
------------------------------------------------------------
xMWAS: a data-driven integration and differential network analysis tool
------------------------------------------------------------
PyBEL: a computational framework for Biological Expression Language
------------------------------------------------------------
SliceMap: an algorithm for automated brain region annotation
------------------------------------------------------------
A probabilistic pathway score (PROPS) for classification with applications to inflammatory bowel disease
------------------------------------------------------------
SAGE2: parallel human genome assembly
------------------------------------------------------------
Detection of sputum by interpreting the time-frequency distribution of respiratory sound signal using image processing techniques
------------------------------------------------------------
Machine learning accelerates MD-based binding pose prediction between ligands and proteins
------------------------------------------------------------
Compound image segmentation of published biomedical figures
------------------------------------------------------------
SELANSI: a toolbox for simulation of stochastic gene regulatory networks
------------------------------------------------------------
Generalized correlation measure using count statistics for gene expression data with ordered samples
------------------------------------------------------------
Using uncertainty to link and rank evidence from biomedical literature for model curation
------------------------------------------------------------
DeepLoc: prediction of protein subcellular localization using deep learning
------------------------------------------------------------
Faucet: streaming de novo assembly graph construction
------------------------------------------------------------
DelPhiForce web server: electrostatic forces and energy calculations and visualization
------------------------------------------------------------
cgHeliParm: analysis of dsDNA helical parameters for coarse-grained MARTINI molecular dynamics simulations
------------------------------------------------------------
wft4galaxy: a workflow testing tool for galaxy
------------------------------------------------------------
DynaPho: a web platform for inferring the dynamics of time-series phosphoproteomics
------------------------------------------------------------
ScanGEO: parallel mining of high-throughput gene expression data
------------------------------------------------------------
FOLD: a method to optimize power in meta-analysis of genetic association studies with overlapping subjects
------------------------------------------------------------
Phylotyper: in silico predictor of gene subtypes
------------------------------------------------------------
PySeqLab: an open source Python package for sequence labeling and segmentation
------------------------------------------------------------
A robust DF-REML framework for variance components estimation in genetic studies
------------------------------------------------------------
On expert curation and scalability: UniProtKB/Swiss-Prot as a case study
------------------------------------------------------------
In silico structural modeling of multiple epigenetic marks on DNA
------------------------------------------------------------
Towards unified quality verification of synthetic count data with countsimQC
------------------------------------------------------------
DeepGO: predicting protein functions from sequence and interactions using a deep ontology-aware classifier
------------------------------------------------------------
The systematic analysis of ultraconserved genomic regions in the budding yeast
------------------------------------------------------------
Quality of biological images, reconstructed using localization microscopy data
------------------------------------------------------------
A collaborative filtering-based approach to biomedical knowledge discovery
------------------------------------------------------------
On the mechanisms of protein interactions: predicting their affinity from unbound tertiary structures
------------------------------------------------------------
Segway 2.0: Gaussian mixture models and minibatch training
------------------------------------------------------------
Identification of cancer driver genes in focal genomic aberrations from whole-exome sequencing data
------------------------------------------------------------
Panoptes: web-based exploration of large scale genome variation data
------------------------------------------------------------
High dimensional classification with combined adaptive sparse PLS and logistic regression
------------------------------------------------------------
iPromoter-2L: a two-layer predictor for identifying promoters and their types by multi-window-based PseKNC
------------------------------------------------------------
Integrating splice-isoform expression into genome-scale models characterizes breast cancer metabolism
------------------------------------------------------------
Novel features and enhancements in BioBin, a tool for the biologically inspired binning and association analysis of rare variants
------------------------------------------------------------
MetExploreViz: web component for interactive metabolic network visualization
------------------------------------------------------------
Interactive network visualization in Jupyter notebooks: visJS2jupyter
------------------------------------------------------------
IntPred: a structure-based predictor of protein-protein interaction sites
------------------------------------------------------------
CGmapTools improves the precision of heterozygous SNV calls and supports allele-specific methylation detection and visualization in bisulfite-sequencing data
------------------------------------------------------------
MemBrain-contact 2.0: a new two-stage machine learning model for the prediction enhancement of transmembrane protein residue contacts in the full chain
------------------------------------------------------------
PiMP my metabolome: an integrated, web-based tool for LC-MS metabolomics data
------------------------------------------------------------
ALIGNSEC: viewing protein secondary structure predictions within large multiple sequence alignments
------------------------------------------------------------
HiDi: an efficient reverse engineering schema for large-scale dynamic regulatory network reconstruction using adaptive differentiation
------------------------------------------------------------
Conditional asymptotic inference for the kernel association test
------------------------------------------------------------
In silico identification of rescue sites by double force scanning
------------------------------------------------------------
Reference genome assessment from a population scale perspective: an accurate profile of variability and noise
------------------------------------------------------------
psygenet2r: a R/Bioconductor package for the analysis of psychiatric disease genes
------------------------------------------------------------
clustComp, a bioconductor package for the comparison of clustering results
------------------------------------------------------------
An improved compound Poisson model for the number of motif hits in DNA sequences
------------------------------------------------------------
Genome-scale regression analysis reveals a linear relationship for promoters and enhancers after combinatorial drug treatment
------------------------------------------------------------
iDNA4mC: identifying DNA N4-methylcytosine sites based on nucleotide chemical properties
------------------------------------------------------------
Predicting phenotypes from microarrays using amplified, initially marginal, eigenvector regression
------------------------------------------------------------
deBGR: an efficient and near-exact representation of the weighted de Bruijn graph
------------------------------------------------------------
Multiple network-constrained regressions expand insights into influenza vaccination responses
------------------------------------------------------------
Image-based spatiotemporal causality inference for protein signaling networks
------------------------------------------------------------
popFBA: tackling intratumour heterogeneity with Flux Balance Analysis
------------------------------------------------------------
A scalable moment-closure approximation for large-scale biochemical reaction networks
------------------------------------------------------------
Incorporating interaction networks into the determination of functionally related hit genes in genomic experiments with Markov random fields
------------------------------------------------------------
Improving the performance of minimizers and winnowing schemes
------------------------------------------------------------
HopLand: single-cell pseudotime recovery using continuous Hopfield network-based modeling of Waddington's epigenetic landscape
------------------------------------------------------------
DextMP: deep dive into text for predicting moonlighting proteins
------------------------------------------------------------
Orthologous Matrix (OMA) algorithm 2.0: more robust to asymmetric evolutionary rates and more scalable hierarchical orthologous group inference
------------------------------------------------------------
Deep learning with word embeddings improves biomedical named entity recognition
------------------------------------------------------------
SVM-dependent pairwise HMM: an application to protein pairwise alignments
------------------------------------------------------------
Inferring transcriptional logic from multiple dynamic experiments
------------------------------------------------------------
TSGSIS: a high-dimensional grouped variable selection approach for detection of whole-genome SNP-SNP interactions
------------------------------------------------------------
High-speed and high-ratio referential genome compression
------------------------------------------------------------
NucliTrack: an integrated nuclei tracking application
------------------------------------------------------------
BPP: a sequence-based algorithm for branch point prediction
------------------------------------------------------------
BioQueue: a novel pipeline framework to accelerate bioinformatics analysis
------------------------------------------------------------
[ERROR] unknown error for print this text
------------------------------------------------------------
The interfacial character of antibody paratopes: analysis of antibody-antigen structures
------------------------------------------------------------
matter: an R package for rapid prototyping with larger-than-memory datasets on disk
------------------------------------------------------------
Pheno4J: a gene to phenotype graph database
------------------------------------------------------------
EpiCompare: an online tool to define and explore genomic regions with tissue or cell type-specific epigenomic features
------------------------------------------------------------
MoDMaps3D: an interactive webtool for the quantification and 3D visualization of interrelationships in a dataset of DNA sequences
------------------------------------------------------------
A spectral algorithm for fast de novo layout of uncorrected long nanopore reads
------------------------------------------------------------
FQC Dashboard: integrates FastQC results into a web-based, interactive, and extensible FASTQ quality control tool
------------------------------------------------------------
COMPASS: the COMPletely Arbitrary Sequence Simulator
------------------------------------------------------------
Model-based branching point detection in single-cell data by K-branches clustering
------------------------------------------------------------
DNA sequence+shape kernel enables alignment-free modeling of transcription factor binding
------------------------------------------------------------
MetaSRA: normalized human sample-specific metadata for the Sequence Read Archive
------------------------------------------------------------
PIXiE: an algorithm for automated ion mobility arrival time extraction and collision cross section calculation using global data association
------------------------------------------------------------
IGESS: a statistical approach to integrating individual-level genotype data and summary statistics in genome-wide association studies
------------------------------------------------------------
Application of the cghRA framework to the genomic characterization of Diffuse Large B-Cell Lymphoma
------------------------------------------------------------
Foldit Standalone: a video game-derived protein structure manipulation interface using Rosetta
------------------------------------------------------------
Assembling draft genomes using contiBAIT
------------------------------------------------------------
twoddpcr: an R/Bioconductor package and Shiny app for Droplet Digital PCR analysis
------------------------------------------------------------
SinCHet: a MATLAB toolbox for single cell heterogeneity analysis in cancer
------------------------------------------------------------
STOPGAP: a database for systematic target opportunity assessment by genetic association predictions
------------------------------------------------------------
OMSim: a simulator for optical map data
------------------------------------------------------------
MobiDB-lite: fast and highly specific consensus prediction of intrinsic disorder in proteins
------------------------------------------------------------
DistributedFBA.jl: high-level, high-performance flux balance analysis in Julia
------------------------------------------------------------
The genetic map comparator: a user-friendly application to display and compare genetic maps
------------------------------------------------------------
Chainy: an universal tool for standardized relative quantification in real-time PCR
------------------------------------------------------------
AFS: identification and quantification of species composition by metagenomic sequencing
------------------------------------------------------------
fastMitoCalc: an ultra-fast program to estimate mitochondrial DNA copy number from whole-genome sequences
------------------------------------------------------------
CircosVCF: circos visualization of whole-genome sequence variations stored in VCF files
------------------------------------------------------------
Wright-Fisher exact solver (WFES): scalable analysis of population genetic models without simulation or diffusion theory
------------------------------------------------------------
GppFst: genomic posterior predictive simulations of FST and dXY for identifying outlier loci from population genomic data
------------------------------------------------------------
Image-based correction of continuous and discontinuous non-planar axial distortion in serial section microscopy
------------------------------------------------------------
Linearity of network proximity measures: implications for set-based queries and significance testing
------------------------------------------------------------
Multi-label classifier based on histogram of gradients for predicting the anatomical therapeutic chemical class/classes of a given compound
------------------------------------------------------------
Capturing non-local interactions by long short-term memory bidirectional recurrent neural networks for improving prediction of protein secondary structure, backbone angles, contact numbers and solvent accessibility
------------------------------------------------------------
MOST-visualization: software for producing automated textbook-style maps of genome-scale metabolic networks
------------------------------------------------------------
Removal of batch effects using distribution-matching residual networks
------------------------------------------------------------
DMINDA 2.0: integrated and systematic views of regulatory DNA motif identification and analyses
------------------------------------------------------------
Chainy: an universal tool for standardized relative quantification in real-time PCR
------------------------------------------------------------
Green listed-a CRISPR screen tool
------------------------------------------------------------
SubCons: a new ensemble method for improved human subcellular localization predictions
------------------------------------------------------------
IcyTree: rapid browser-based visualization for phylogenetic trees and networks
------------------------------------------------------------
BioCIDER: a Contextualisation InDEx for biological Resources discovery
------------------------------------------------------------
MetCirc: navigating mass spectral similarity in high-resolution MS/MS metabolomics data
------------------------------------------------------------
RTK: efficient rarefaction analysis of large datasets
------------------------------------------------------------
EzMap: a simple pipeline for reproducible analysis of the human virome
------------------------------------------------------------
TASIC: determining branching models from time series single cell data
------------------------------------------------------------
A penalized regression approach to haplotype reconstruction of viral populations arising in early HIV/SIV infection
------------------------------------------------------------
Fuento: functional enrichment for bioinformatics
------------------------------------------------------------
Gracob: a novel graph-based constant-column biclustering method for mining growth phenotype data
------------------------------------------------------------
HiC-spector: a matrix library for spectral and reproducibility analysis of Hi-C contact maps
------------------------------------------------------------
annotatr: genomic regions in context
------------------------------------------------------------
Sequential computation of elementary modes and minimal cut sets in genome-scale metabolic networks using alternate integer linear programming
------------------------------------------------------------
Trainable Weka Segmentation: a machine learning tool for microscopy pixel classification
------------------------------------------------------------
Smoldyn: particle-based simulation with rule-based modeling, improved molecular interaction and a library interface
------------------------------------------------------------
SIApopr: a computational method to simulate evolutionary branching trees for analysis of tumor clonal evolution
------------------------------------------------------------
Tagging SNP-set selection with maximum information based on linkage disequilibrium structure in genome-wide association studies
------------------------------------------------------------
PeptideMapper: efficient and versatile amino acid sequence and tag mapping
------------------------------------------------------------
Dynamix: dynamic visualization by automatic selection of informative tracks from hundreds of genomic datasets
------------------------------------------------------------
SmartR: an open-source platform for interactive visual analytics for translational research data
------------------------------------------------------------
IntegratedMRF: random forest-based framework for integrating prediction from different data types
------------------------------------------------------------
ResistoMap-online visualization of human gut microbiota antibiotic resistome
------------------------------------------------------------
Phenopolis: an open platform for harmonization and analysis of genetic and phenotypic data
------------------------------------------------------------
A generalized association test based on U statistics
------------------------------------------------------------
Fast admixture analysis and population tree estimation for SNP and NGS data
------------------------------------------------------------
FUNNEL-GSEA: FUNctioNal ELastic-net regression in time-course gene set enrichment analysis
------------------------------------------------------------
GARLIC: Genomic Autozygosity Regions Likelihood-based Inference and Classification
------------------------------------------------------------
MapReduce for accurate error correction of next-generation sequencing data
------------------------------------------------------------
Correlated mutations select misfolded from properly folded proteins
------------------------------------------------------------
Changes associated with Ebola virus adaptation to novel species
------------------------------------------------------------
Abstracting the dynamics of biological pathways using information theory: a case study of apoptosis pathway
------------------------------------------------------------
Binning_refiner: improving genome bins through the combination of different binning programs
------------------------------------------------------------
VALORATE: fast and accurate log-rank test in balanced and unbalanced comparisons of survival curves and cancer genomics
------------------------------------------------------------
PatternMarkers & GWCoGAPS for novel data-driven biomarkers via whole transcriptome NMF
------------------------------------------------------------
iATC-mISF: a multi-label classifier for predicting the classes of anatomical therapeutic chemicals
------------------------------------------------------------
Assocplots: a Python package for static and interactive visualization of multiple-group GWAS results
------------------------------------------------------------
P3BSseq: parallel processing pipeline software for automatic analysis of bisulfite sequencing data
------------------------------------------------------------
CIIPro: a new read-across portal to fill data gaps using public large-scale chemical and biological data
------------------------------------------------------------
Granular clustering of de novo protein models
------------------------------------------------------------
Genotyping inversions and tandem duplications
------------------------------------------------------------
Bayesian network-response regression
------------------------------------------------------------
cyvcf2: fast, flexible variant analysis with Python
------------------------------------------------------------
A Cytoscape app for motif enumeration with ISMAGS
------------------------------------------------------------
Automated cell type discovery and classification through knowledge transfer
------------------------------------------------------------
NSSRF: global network similarity search with subgraph signatures and its applications
------------------------------------------------------------
FIT: statistical modeling tool for transcriptome dynamics under fluctuating field conditions
------------------------------------------------------------
Sparse network modeling and metscape-based visualization methods for the analysis of large-scale metabolomics data
------------------------------------------------------------
'COV'COP' allows to detect CNVs responsible for inherited diseases among amplicons sequencing data
------------------------------------------------------------
Dscam1 web server: online prediction of Dscam1 self- and hetero-affinity
------------------------------------------------------------
A comprehensive quality control workflow for paired tumor-normal NGS experiments
------------------------------------------------------------
NetLand: quantitative modeling and visualization of Waddington's epigenetic landscape using probabilistic potential
------------------------------------------------------------
Quantification of fibrous spatial point patterns from single-molecule localization microscopy (SMLM) data
------------------------------------------------------------
FASTdoop: a versatile and efficient library for the input of FASTA and FASTQ files for MapReduce Hadoop bioinformatics applications
------------------------------------------------------------
Modeling gene-wise dependencies improves the identification of drug response biomarkers in cancer studies
------------------------------------------------------------
A DNA intercalation methodology for an efficient prediction of ligand binding pose and energetics
------------------------------------------------------------
Rebuttal to the Letter to the Editor in response to the paper: proper evaluation of alignment-free network comparison methods
------------------------------------------------------------
SigMod: an exact and efficient method to identify a strongly interconnected disease-associated module in a gene network
------------------------------------------------------------
RENT+: an improved method for inferring local genealogical trees from haplotypes with recombination
------------------------------------------------------------
Exploring the predictive power of polygenic scores derived from genome-wide association studies: a study of 10 complex traits
------------------------------------------------------------
GE-mini: a mobile APP for large-scale gene expression visualization
------------------------------------------------------------
Cross-React: a new structural bioinformatics method for predicting allergen cross-reactivity
------------------------------------------------------------
Robust parameter estimation for dynamical systems from outlier-corrupted data
------------------------------------------------------------
AFRESh: an adaptive framework for compression of reads and assembled sequences with random access functionality
------------------------------------------------------------
RImmPort: an R/Bioconductor package that enables ready-for-analysis immunology research data
------------------------------------------------------------
phyloSkeleton: taxon selection, data retrieval and marker identification for phylogenomics
------------------------------------------------------------
PanViz: interactive visualization of the structure of functionally annotated pangenomes
------------------------------------------------------------
An ensemble approach to protein fold classification by integration of template-based assignment and support vector machine classifier
------------------------------------------------------------
PBIT: Pipeline Builder for Identification of drug Targets for infectious diseases
------------------------------------------------------------
Training alignment parameters for arbitrary sequencers with LAST-TRAIN
------------------------------------------------------------
geneAttribution: trait agnostic identification of candidate genes associated with noncoding variation
------------------------------------------------------------
seXY: a tool for sex inference from genotype arrays
------------------------------------------------------------
PhosD: inferring kinase-substrate interactions based on protein domains
------------------------------------------------------------
MetaDCN: meta-analysis framework for differential co-expression network detection with an application in breast cancer
------------------------------------------------------------
Accelerating Bayesian inference for evolutionary biology models
------------------------------------------------------------
Calypso: a user-friendly web-server for mining and visualizing microbiome-environment interactions
------------------------------------------------------------
myGenomeBrowser: building and sharing your own genome browser
------------------------------------------------------------
A new method for decontamination of de novo transcriptomes using a hierarchical clustering algorithm
------------------------------------------------------------
cerebroViz: an R package for anatomical visualization of spatiotemporal brain data
------------------------------------------------------------
Expanding the toolkit for membrane protein modeling in Rosetta
------------------------------------------------------------
SarConfoCal: simultaneous sarcomere length and cytoplasmic calcium measurements for laser scanning confocal microscopy images
------------------------------------------------------------
MetaboSignal: a network-based approach for topological analysis of metabotype regulation via metabolic and signaling pathways
------------------------------------------------------------
A general framework for association analysis of microbial communities on a taxonomic tree
------------------------------------------------------------
Innovations and challenges in detecting long read overlaps: an evaluation of the state-of-the-art
------------------------------------------------------------
The Ark: a customizable web-based data management tool for health and medical research
------------------------------------------------------------
HYSYS: have you swapped your samples?
------------------------------------------------------------
A pipeline for local assembly of minisatellite alleles from single-molecule sequencing data
------------------------------------------------------------
CellSort: a support vector machine tool for optimizing fluorescence-activated cell sorting and reducing experimental effort
------------------------------------------------------------
DeFCoM: analysis and modeling of transcription factor binding sites using a motif-centric genomic footprinter
------------------------------------------------------------
ReconMap: an interactive visualization of human metabolism
------------------------------------------------------------
Uncertainty estimation of predictions of peptides' chromatographic retention times in shotgun proteomics
------------------------------------------------------------
LD Hub: a centralized database and web interface to perform LD score regression that maximizes the potential of summary level GWAS data for SNP heritability and genetic correlation analysis
------------------------------------------------------------
PyBoolNet: a python package for the generation, analysis and visualization of boolean networks
------------------------------------------------------------
tcpl: the ToxCast pipeline for high-throughput screening data
------------------------------------------------------------
INTEGRATE-neo: a pipeline for personalized gene fusion neoantigen discovery
------------------------------------------------------------
Optimizing ChIP-seq peak detectors using visual labels and supervised machine learning
------------------------------------------------------------
Imputing gene expression to maximize platform compatibility
------------------------------------------------------------
Isomorphic semantic mapping of variant call format (VCF2RDF)
------------------------------------------------------------
Improving cross-study prediction through addon batch effect adjustment or addon normalization
------------------------------------------------------------
Molecular mechanisms underlying COPD-muscle dysfunction unveiled through a systems medicine approach
------------------------------------------------------------
Detecting subnetwork-level dynamic correlations
------------------------------------------------------------
FastRFS: fast and accurate Robinson-Foulds Supertrees using constrained exact optimization
------------------------------------------------------------
CGDM: collaborative genomic data model for molecular profiling data using NoSQL
------------------------------------------------------------
LightAssembler: fast and memory-efficient assembly algorithm for high-throughput sequencing reads
------------------------------------------------------------
BioNetGen 2.2: advances in rule-based modeling
------------------------------------------------------------
PyPanda: a Python package for gene regulatory network reconstruction
------------------------------------------------------------
SIFORM: shared informative factor models for integration of multi-platform bioinformatic data
------------------------------------------------------------
MetaCycle: an integrated R package to evaluate periodicity in large scale data
------------------------------------------------------------
deBGA: read alignment with de Bruijn graph-based seed and extension
------------------------------------------------------------
Application of the MAFFT sequence alignment program to large data-reexamination of the usefulness of chained guide trees
------------------------------------------------------------
SwiSpot: modeling riboswitches by spotting out switching sequences
------------------------------------------------------------
TwoPhaseInd: an R package for estimating gene-treatment interactions and discovering predictive markers in randomized clinical trials
------------------------------------------------------------
Accounting for pairwise distance restraints in FFT-based protein-protein docking
------------------------------------------------------------
Visualizing the geography of genetic variants
------------------------------------------------------------
bTSSfinder: a novel tool for the prediction of promoters in cyanobacteria and Escherichia coli
------------------------------------------------------------
Combining multiple tools outperforms individual methods in gene set enrichment analyses
------------------------------------------------------------
AcCNET (Accessory Genome Constellation Network): comparative genomics software for accessory genome analysis using bipartite networks
------------------------------------------------------------
Evolutionary conservation of Ebola virus proteins predicts important functions at residue level
------------------------------------------------------------
GeneEvolve: a fast and memory efficient forward-time simulator of realistic whole-genome sequence and SNP data
------------------------------------------------------------
MSAProbs-MPI: parallel multiple sequence aligner for distributed-memory systems
------------------------------------------------------------
Seeksv: an accurate tool for somatic structural variation and virus integration detection
------------------------------------------------------------
IsotopicLabelling: an R package for the analysis of MS isotopic patterns of labelled analytes
------------------------------------------------------------
D-VASim: an interactive virtual laboratory environment for the simulation and analysis of genetic circuits
------------------------------------------------------------
The OGCleaner: filtering false-positive homology clusters
------------------------------------------------------------
A novel method for predicting activity of cis-regulatory modules, based on a diverse training set
------------------------------------------------------------
tHapMix: simulating tumour samples through haplotype mixtures
------------------------------------------------------------
stringMLST: a fast k-mer based tool for multilocus sequence typing
------------------------------------------------------------
MPRAnator: a web-based tool for the design of massively parallel reporter assay experiments
------------------------------------------------------------
Edge-based sensitivity analysis of signaling networks by using Boolean dynamics
------------------------------------------------------------
Simulated linear test applied to quantitative proteomics
------------------------------------------------------------
AUCpreD: proteome-level protein disorder prediction by AUC-maximized deep convolutional neural fields
------------------------------------------------------------
Snowball: strain aware gene assembly of metagenomes
------------------------------------------------------------
DeepChrome: deep-learning for predicting gene expression from histone modifications
------------------------------------------------------------
MetaProb: accurate metagenomic reads binning based on probabilistic sequence signatures
------------------------------------------------------------
Extending partial haplotypes to full genome haplotypes using chromosome conformation capture data
------------------------------------------------------------
Fast genotyping of known SNPs through approximate k-mer matching
------------------------------------------------------------
A program for verification of phylogenetic network models
------------------------------------------------------------
PanTools: representation, storage and exploration of pan-genomic data
------------------------------------------------------------
GTRAC: fast retrieval from compressed collections of genomic variants
------------------------------------------------------------
Causality modeling for directed disease network
------------------------------------------------------------
Combining dependent P-values with an empirical adaptation of Brown's method
------------------------------------------------------------
TANDEM: a two-stage approach to maximize interpretability of drug response models based on multiple molecular data types
------------------------------------------------------------
A statistical method for the detection of variants from next-generation resequencing of DNA pools
------------------------------------------------------------
PseKRAAC: a flexible web server for generating pseudo K-tuple reduced amino acids composition
------------------------------------------------------------
PhenomeScape: a cytoscape app to identify differentially regulated sub-networks using known disease associations
------------------------------------------------------------
Cas-analyzer: an online tool for assessing genome editing results using NGS data
------------------------------------------------------------
PPI4DOCK: large scale assessment of the use of homology models in free docking over more than 1000 realistic targets
------------------------------------------------------------
A computational strategy to adjust for copy number in tumor Hi-C data
------------------------------------------------------------
Corpus domain effects on distributional semantic modeling of medical terms
------------------------------------------------------------
SiNVICT: ultra-sensitive detection of single nucleotide variants and indels in circulating tumour DNA
------------------------------------------------------------
Extensive complementarity between gene function prediction methods
------------------------------------------------------------
oxBS-MLE: an efficient method to estimate 5-methylcytosine and 5-hydroxymethylcytosine in paired bisulfite and oxidative bisulfite treated DNA
------------------------------------------------------------
Gene Slider: sequence logo interactive data-visualization for education and research
------------------------------------------------------------
DTMiner: identification of potential disease targets through biomedical literature mining
------------------------------------------------------------
BiDiFuse: a FIJI plugin for fusing bi-directionally recorded microscopic image volumes
------------------------------------------------------------
Detection of differentially methylated regions in whole genome bisulfite sequencing data using local Getis-Ord statistics
------------------------------------------------------------
ReactPRED: a tool to predict and analyze biochemical reactions
------------------------------------------------------------
NET-GE: a web-server for NETwork-based human gene enrichment
------------------------------------------------------------
Functional classification of CATH superfamilies: a domain-based approach for protein function annotation
------------------------------------------------------------
Joint sparse canonical correlation analysis for detecting differential imaging genetics modules
------------------------------------------------------------
WALT: fast and accurate read mapping for bisulfite sequencing
------------------------------------------------------------
Simultaneous gene finding in multiple genomes
------------------------------------------------------------
Variance adaptive shrinkage (vash): flexible empirical Bayes estimation of variances
------------------------------------------------------------
PReFerSim: fast simulation of demography and selection under the Poisson Random Field model
------------------------------------------------------------
LEVER: software tools for segmentation, tracking and lineaging of proliferating cells
------------------------------------------------------------
ntHash: recursive nucleotide hashing
------------------------------------------------------------
Estimating evolutionary rates using time-structured data: a general comparison of phylogenetic methods
------------------------------------------------------------
LAMPLINK: detection of statistically significant SNP combinations from GWAS data
------------------------------------------------------------
BioPartsDB: a synthetic biology workflow web-application for education and research
------------------------------------------------------------
Local versus global biological network alignment
------------------------------------------------------------
GeneCodeq: quality score compression and improved genotyping using a Bayesian framework
------------------------------------------------------------
Conpair: concordance and contamination estimator for matched tumor-normal pairs
------------------------------------------------------------
A probabilistic approach for collective similarity-based drug-drug interaction prediction
------------------------------------------------------------
Accurate in silico prediction of species-specific methylation sites based on information gain feature optimization
------------------------------------------------------------
Inheritance-mode specific pathogenicity prioritization (ISPP) for human protein coding genes
------------------------------------------------------------
Revealing aperiodic aspects of solenoid proteins from sequence information
------------------------------------------------------------
CAGEd-oPOSSUM: motif enrichment analysis from CAGE-derived TSSs
------------------------------------------------------------
A simple model predicts UGT-mediated metabolism
------------------------------------------------------------
New KEGG pathway-based interpretable features for classifying ageing-related mouse proteins
------------------------------------------------------------
SELAM: simulation of epistasis and local adaptation during admixture with mate choice
------------------------------------------------------------
The structural effects of mutations can aid in differential phenotype prediction of beta-myosin heavy chain (Myosin-7) missense variants
------------------------------------------------------------
PHOCOS: inferring multi-feature phenotypic crosstalk networks
------------------------------------------------------------
Novel applications of multitask learning and multiple output regression to multiple genetic trait prediction
------------------------------------------------------------
DFLpred: High-throughput prediction of disordered flexible linker regions in protein sequences
------------------------------------------------------------
Faster and more accurate graphical model identification of tandem mass spectra using trellises
------------------------------------------------------------
Read-based phasing of related individuals
------------------------------------------------------------
An algorithm for computing the gene tree probability under the multispecies coalescent and its application in the inference of population tree
------------------------------------------------------------
Genome assembly from synthetic long read clouds
------------------------------------------------------------
phRAIDER: Pattern-Hunter based Rapid Ab Initio Detection of Elementary Repeats
------------------------------------------------------------
Convolutional neural network architectures for predicting DNA-protein binding
------------------------------------------------------------
Exploring the structure and function of temporal networks with dynamic graphlets
------------------------------------------------------------
CONDOP: an R package for CONdition-Dependent Operon Predictions
------------------------------------------------------------
GenVisR: Genomic Visualizations in R
------------------------------------------------------------
Inferring the perturbation time from biological time course data
------------------------------------------------------------
Accurate self-correction of errors in long reads using de Bruijn graphs
------------------------------------------------------------
MetalPredator: a web server to predict iron-sulfur cluster binding proteomes
------------------------------------------------------------
DBSI server: DNA binding site identifier
------------------------------------------------------------
methylFlow: cell-specific methylation pattern reconstruction from high-throughput bisulfite-converted DNA sequencing
------------------------------------------------------------
Complex heatmaps reveal patterns and correlations in multidimensional genomic data
------------------------------------------------------------
PERMANOVA-S: association test for microbial community composition that accommodates confounders and multiple distances
------------------------------------------------------------
PRESS: PRotEin S-Sulfenylation server
------------------------------------------------------------
A simple yet accurate correction for winner's curse can predict signals discovered in much larger genome scans
------------------------------------------------------------
Top-down analysis of protein samples by de novo sequencing techniques
------------------------------------------------------------
SA-SSR: a suffix array-based algorithm for exhaustive and efficient SSR discovery in large genetic sequences
------------------------------------------------------------
Evaluation of hybrid and non-hybrid methods for de novo assembly of nanopore reads
------------------------------------------------------------
Rapid genotype refinement for whole-genome sequencing data using multi-variate normal distributions
------------------------------------------------------------
NMRPro: an integrated web component for interactive processing and visualization of NMR spectra
------------------------------------------------------------
cit: hypothesis testing software for mediation analysis in genomic applications
------------------------------------------------------------
NSimScan: DNA comparison tool with increased speed, sensitivity and accuracy
------------------------------------------------------------
Tally: a scoring tool for boundary determination between repetitive and non-repetitive protein sequences
------------------------------------------------------------
fqtools: an efficient software suite for modern FASTQ file manipulation
------------------------------------------------------------
FRAGSION: ultra-fast protein fragment library generation by IOHMM sampling
------------------------------------------------------------
SASpy: a PyMOL plugin for manipulation and refinement of hybrid models against small angle X-ray scattering data
------------------------------------------------------------
XIBD: software for inferring pairwise identity by descent on the X chromosome
------------------------------------------------------------
metaCCA: summary statistics-based multivariate meta-analysis of genome-wide association studies using canonical correlation analysis
------------------------------------------------------------
Transcript structure and domain display: a customizable transcript visualization tool
------------------------------------------------------------
PhamDB: a web-based application for building Phamerator databases
------------------------------------------------------------
WeSME: uncovering mutual exclusivity of cancer drivers and beyond
------------------------------------------------------------
OrfM: a fast open reading frame predictor for metagenomic data
------------------------------------------------------------
FastHiC: a fast and accurate algorithm to detect long-range chromosomal interactions from Hi-C data
------------------------------------------------------------
BAM-matcher: a tool for rapid NGS sample matching
------------------------------------------------------------
XLinkDB 2.0: integrated, large-scale structural analysis of protein crosslinking data
------------------------------------------------------------
BRAT-nova: fast and accurate mapping of bisulfite-treated reads
------------------------------------------------------------
Confidence assignment for mass spectrometry based peptide identifications via the extreme value distribution
------------------------------------------------------------
APPAGATO: an APproximate PArallel and stochastic GrAph querying TOol for biological networks
------------------------------------------------------------
Incorporating organelle correlations into semi-supervised learning for protein subcellular localization prediction
------------------------------------------------------------
Estimating IBD tracts from low coverage NGS data
------------------------------------------------------------
Romulus: robust multi-state identification of transcription factor binding sites from DNase-seq data
------------------------------------------------------------
SAMFIRE: multi-locus variant calling for time-resolved sequence data
------------------------------------------------------------
Mollack: a web server for the automated creation of conformational ensembles for intrinsically disordered proteins
------------------------------------------------------------
hotspot: software to support sperm-typing for investigating recombination hotspots
------------------------------------------------------------
TOPDOM: database of conservatively located domains and motifs in proteins
------------------------------------------------------------
INPS-MD: a web server to predict stability of protein variants from sequence and structure
------------------------------------------------------------
MEMO: multi-experiment mixture model analysis of censored data
------------------------------------------------------------
Memdock: an α-helical membrane protein docking algorithm
------------------------------------------------------------
R2C: improving ab initio residue contact map prediction using dynamic fusion strategy and Gaussian noise filter
------------------------------------------------------------
SBtab: a flexible table format for data exchange in systems biology
------------------------------------------------------------
Cell-free DNA fragment-size distribution analysis for non-invasive prenatal CNV prediction
------------------------------------------------------------
Rail-dbGaP: analyzing dbGaP-protected data in the cloud with Amazon Elastic MapReduce
------------------------------------------------------------
ProbOnto: ontology and knowledge base of probability distributions
------------------------------------------------------------
Genome-scale prediction of moonlighting proteins using diverse protein association information
------------------------------------------------------------
HilbertCurve: an R/Bioconductor package for high-resolution visualization of genomic data
------------------------------------------------------------
FREGAT: an R package for region-based association analysis
------------------------------------------------------------
[ERROR] unknown error for print this text
------------------------------------------------------------
HLaffy: estimating peptide affinities for Class-1 HLA molecules by learning position-specific pair potentials
------------------------------------------------------------
Minimap and miniasm: fast mapping and de novo assembly for noisy long sequences
------------------------------------------------------------
Inferring gene targets of drugs and chemical compounds from gene expression profiles
------------------------------------------------------------
D3M: detection of differential distributions of methylation levels
------------------------------------------------------------
PinaColada: peptide-inhibitor ant colony ad-hoc design algorithm
------------------------------------------------------------
Analysis of CFSE time-series data using division-, age- and label-structured population models
------------------------------------------------------------
Pathway analysis by randomization incorporating structure-PARIS: an update
------------------------------------------------------------
The spatiotemporal order of signaling events unveils the logic of development signaling
------------------------------------------------------------
Visual Omics Explorer (VOE): a cross-platform portal for interactive data visualization
------------------------------------------------------------
A quantitative model for oxygen uptake and release in a family of hemeproteins
------------------------------------------------------------
Integrated genome browser: visual analytics platform for genomics
------------------------------------------------------------
Computationally expanding infinium HumanMethylation450 BeadChip array data to reveal distinct DNA methylation patterns of rheumatoid arthritis
------------------------------------------------------------
Privacy-preserving microbiome analysis using secure computation
------------------------------------------------------------
Gene expression inference with deep learning
------------------------------------------------------------
MOCCASIN: converting MATLAB ODE models to SBML
------------------------------------------------------------
Optimization of alignment-based methods for taxonomic binning of metagenomics reads
------------------------------------------------------------
GiANT: gene set uncertainty in enrichment analysis
------------------------------------------------------------
The geospatial data quality REST API for primary biodiversity data
------------------------------------------------------------
Alloscore: a method for predicting allosteric ligand-protein interactions
------------------------------------------------------------
ParDRe: faster parallel duplicated reads removal tool for sequencing studies
------------------------------------------------------------
lodGWAS: a software package for genome-wide association analysis of biomarkers with a limit of detection
------------------------------------------------------------
Multi-task consensus clustering of genome-wide transcriptomes from related biological conditions
------------------------------------------------------------
Protein backbone ensemble generation explores the local structural space of unseen natural homologs
------------------------------------------------------------
GeneValidator: identify problems with protein-coding gene predictions
------------------------------------------------------------
FINEMAP: efficient variable selection using summary data from genome-wide association studies
------------------------------------------------------------
Realizing privacy preserving genome-wide association studies
------------------------------------------------------------
Computational discovery of pathway-level genetic vulnerabilities in non-small-cell lung cancer
------------------------------------------------------------
VIRALpro: a tool to identify viral capsid and tail sequences
------------------------------------------------------------
SPMM: estimating infection duration of multivariant HIV-1 infections
------------------------------------------------------------
MOGEN: a tool for reconstructing 3D models of genomes from chromosomal conformation capturing data
------------------------------------------------------------
Hierarchical block matrices as efficient representations of chromosome topologies and their application for 3C data integration
------------------------------------------------------------
PaxtoolsR: pathway analysis in R using Pathway Commons
------------------------------------------------------------
Positive and negative forms of replicability in gene network analysis
------------------------------------------------------------
Fuse: multiple network alignment via data fusion
------------------------------------------------------------
destiny: diffusion maps for large-scale single-cell data in R
------------------------------------------------------------
BioFVM: an efficient, parallelized diffusive transport solver for 3-D biological simulations
------------------------------------------------------------
Sequence database versioning for command line and Galaxy bioinformatics servers
------------------------------------------------------------
PharmacoGx: an R package for analysis of large pharmacogenomic datasets
------------------------------------------------------------
Sampling ARG of multiple populations under complex configurations of subdivision and admixture
------------------------------------------------------------
rcellminer: exploring molecular profiles and drug response of the NCI-60 cell lines in R
------------------------------------------------------------
An integrative somatic mutation analysis to identify pathways linked with survival outcomes across 19 cancer types
------------------------------------------------------------
Large-scale machine learning for metagenomics sequence classification
------------------------------------------------------------
hybridSPAdes: an algorithm for hybrid assembly of short and long reads
------------------------------------------------------------
FoCuS-point: software for STED fluorescence correlation and time-gated single photon counting
------------------------------------------------------------
Analyzing synergistic and non-synergistic interactions in signalling pathways using Boolean Nested Effect Models
------------------------------------------------------------
The intrinsic combinatorial organization and information theoretic content of a sequence are correlated to the DNA encoded nucleosome organization of eukaryotic genomes
------------------------------------------------------------
rHAT: fast alignment of noisy long reads with regional hashing
------------------------------------------------------------
Identification of differentially methylated loci using wavelet-based functional mixed models
------------------------------------------------------------
Realtime analysis and visualization of MinION sequencing data with npReader
------------------------------------------------------------
Exact quantification of cellular robustness in genome-scale metabolic networks
------------------------------------------------------------
No Promoter Left Behind (NPLB): learn de novo promoter architectures from genome-wide transcription start sites
------------------------------------------------------------
The discordant method: a novel approach for differential correlation
------------------------------------------------------------
Enumeration and extension of non-equivalent deterministic update schedules in Boolean networks
------------------------------------------------------------
Protael: protein data visualization library for the web
------------------------------------------------------------
SylvX: a viewer for phylogenetic tree reconciliations
------------------------------------------------------------
PRIMUS: improving pedigree reconstruction using mitochondrial and Y haplotypes
------------------------------------------------------------
Detecting dispersed duplications in high-throughput sequencing data using a database-free approach
------------------------------------------------------------
NMRe: a web server for NMR protein structure refinement with high-quality structure validation scores
------------------------------------------------------------
PDID: database of molecular-level putative protein-drug interactions in the structural human proteome
------------------------------------------------------------
Web-based Gene Pathogenicity Analysis (WGPA): a web platform to interpret gene pathogenicity from personal genome data
------------------------------------------------------------
A-DaGO-Fun: an adaptable Gene Ontology semantic similarity-based functional analysis tool
------------------------------------------------------------
GERV: a statistical method for generative evaluation of regulatory variants for transcription factor binding
------------------------------------------------------------
3DRobot: automated generation of diverse and well-packed protein structure decoys
------------------------------------------------------------
Unified tests for fine-scale mapping and identifying sparse high-dimensional sequence associations
------------------------------------------------------------
SUPER-FOCUS: a tool for agile functional analysis of shotgun metagenomic data
------------------------------------------------------------
Fast and accurate non-sequential protein structure alignment using a new asymmetric linear sum assignment heuristic
------------------------------------------------------------
Jflow: a workflow management system for web applications
------------------------------------------------------------
HapFlow: visualizing haplotypes in sequencing data
------------------------------------------------------------
Qualimap 2: advanced multi-sample quality control for high-throughput sequencing data
------------------------------------------------------------
Computational probing protein-protein interactions targeting small molecules
------------------------------------------------------------
ScreenBEAM: a novel meta-analysis algorithm for functional genomics screens via Bayesian hierarchical modeling
------------------------------------------------------------
XLmap: an R package to visualize and score protein structure models based on sites of protein cross-linking
------------------------------------------------------------
A non-negative matrix factorization method for detecting modules in heterogeneous omics multi-modal data
------------------------------------------------------------
markophylo: Markov chain analysis on phylogenetic trees
------------------------------------------------------------
Human cell structure-driven model construction for predicting protein subcellular location from biological images
------------------------------------------------------------
Reveel: large-scale population genotyping using low-coverage sequencing data
------------------------------------------------------------
Inter-functional analysis of high-throughput phenotype data by non-parametric clustering and its application to photosynthesis
------------------------------------------------------------
Large-scale extraction of gene interactions from full-text literature using DeepDive
------------------------------------------------------------
NgsRelate: a software tool for estimating pairwise relatedness from next-generation sequencing data
------------------------------------------------------------
BiopLib and BiopTools--a C programming library and toolset for manipulating protein structure
------------------------------------------------------------
Integrated structure- and ligand-based in silico approach to predict inhibition of cytochrome P450 2D6
------------------------------------------------------------
glmgraph: an R package for variable selection and predictive modeling of structured genomic data
------------------------------------------------------------
HiXCorr: a portable high-speed XCorr engine for high-resolution tandem mass spectrometry
------------------------------------------------------------
InteractiveROSETTA: a graphical user interface for the PyRosetta protein modeling suite
------------------------------------------------------------
Determining conserved metabolic biomarkers from a million database queries
------------------------------------------------------------
Mutadelic: mutation analysis using description logic inferencing capabilities
------------------------------------------------------------
cyNeo4j: connecting Neo4j and Cytoscape
------------------------------------------------------------
TIPR: transcription initiation pattern recognition on a genome scale
------------------------------------------------------------
Impact of normalization methods on high-throughput screening data with high hit rates and drug testing with dose-response data
------------------------------------------------------------
Strategies to improve the performance of rare variant association studies by optimizing the selection of controls
------------------------------------------------------------
ARResT/AssignSubsets: a novel application for robust subclassification of chronic lymphocytic leukemia based on B cell receptor IG stereotypy
------------------------------------------------------------
An efficient algorithm for the extraction of HGVS variant descriptions from sequences
------------------------------------------------------------
SynLinker: an integrated system for designing linkers and synthetic fusion proteins
------------------------------------------------------------
MetTailor: dynamic block summary and intensity normalization for robust analysis of mass spectrometry data in metabolomics
------------------------------------------------------------
GeneVetter: a web tool for quantitative monogenic assessment of rare diseases
------------------------------------------------------------
dendextend: an R package for visualizing, adjusting and comparing trees of hierarchical clustering
------------------------------------------------------------
C-It-Loci: a knowledge database for tissue-enriched loci
------------------------------------------------------------
LayerCake: a tool for the visual comparison of viral deep sequencing data
------------------------------------------------------------
Data2Dynamics: a modeling environment tailored to parameter estimation in dynamical systems
------------------------------------------------------------
Error filtering, pair assembly and error correction for next-generation sequencing reads
------------------------------------------------------------
ERGC: an efficient referential genome compression algorithm
------------------------------------------------------------
damidseq_pipeline: an automated pipeline for processing DamID sequencing datasets
------------------------------------------------------------
Investigating microbial co-occurrence patterns based on metagenomic compositional data
------------------------------------------------------------
JSBML 1.0: providing a smorgasbord of options to encode systems biology models
------------------------------------------------------------
MetaPathways v2.5: quantitative functional, taxonomic and usability improvements
------------------------------------------------------------
Reconstruction of clonal trees and tumor composition from multi-sample sequencing data
------------------------------------------------------------
Knowledge-driven geospatial location resolution for phylogeographic models of virus migration
------------------------------------------------------------
A generic methodological framework for studying single cell motility in high-throughput time-lapse data
------------------------------------------------------------
FERAL: network-based classifier with application to breast cancer outcome prediction
------------------------------------------------------------
Improving compound-protein interaction prediction by building up highly credible negative samples
------------------------------------------------------------
Identification of causal genes for complex traits
------------------------------------------------------------
Adapt-Mix: learning local genetic correlation structure improves summary statistics-based analyses
------------------------------------------------------------
Exploring the structure and function of temporal networks with dynamic graphlets
------------------------------------------------------------
Change-O: a toolkit for analyzing large-scale B cell immunoglobulin repertoire sequencing data
------------------------------------------------------------
DISTMIX: direct imputation of summary statistics for unmeasured SNPs from mixed ethnicity cohorts
------------------------------------------------------------
Sparse multi-view matrix factorization: a multivariate approach to multiple tissue comparisons
------------------------------------------------------------
A web application for the unspecific detection of differentially expressed DNA regions in strand-specific expression data
------------------------------------------------------------
FinisherSC: a repeat-aware tool for upgrading de novo assembly using long reads
------------------------------------------------------------
lpNet: a linear programming approach to reconstruct signal transduction networks
------------------------------------------------------------
xHeinz: an algorithm for mining cross-species network modules under a flexible conservation model
------------------------------------------------------------
GC3-biased gene domains in mammalian genomes
------------------------------------------------------------
A novel essential domain perspective for exploring gene essentiality
------------------------------------------------------------
Diffusion maps for high-dimensional single-cell analysis of differentiation data
------------------------------------------------------------
Reverse engineering of logic-based differential equation models using a mixed-integer dynamic optimization approach
------------------------------------------------------------
Computer vision-based automated peak picking applied to protein NMR spectra
------------------------------------------------------------
Message from ISCB: Outstanding contributions to ISCB award
------------------------------------------------------------
CoRegNet: reconstruction and integrated analysis of co-regulatory networks
------------------------------------------------------------
WGE: a CRISPR database for genome engineering
------------------------------------------------------------
Seq2pathway: an R/Bioconductor package for pathway analysis of next-generation sequencing data
------------------------------------------------------------
GLASS: a comprehensive database for experimentally validated GPCR-ligand associations
------------------------------------------------------------
Gener: a minimal programming module for chemical controllers based on DNA strand displacement
------------------------------------------------------------
phylogeo: an R package for geographic analysis and visualization of microbiome data
------------------------------------------------------------
DockStar: a novel ILP-based integrative method for structural modeling of multimolecular protein complexes
------------------------------------------------------------
chipPCR: an R package to pre-process raw data of amplification curves
------------------------------------------------------------
PDBest: a user-friendly platform for manipulating and enhancing protein structures
------------------------------------------------------------
Protein homology reveals new targets for bioactive small molecules
------------------------------------------------------------
ScaffMatch: scaffolding algorithm based on maximum weight matching
------------------------------------------------------------
GREGOR: evaluating global enrichment of trait-associated variants in epigenomic features using a systematic, data-driven approach
------------------------------------------------------------
Applying stability selection to consistently estimate sparse principal components in high-dimensional molecular data
------------------------------------------------------------
AVIA v2.0: annotation, visualization and impact analysis of genomic variants and genes
------------------------------------------------------------
GS-align for glycan structure alignment and similarity measurement
------------------------------------------------------------
PROVEAN web server: a tool to predict the functional effect of amino acid substitutions and indels
------------------------------------------------------------
Gene selection for the reconstruction of stem cell differentiation trees: a linear programming approach
------------------------------------------------------------
Regulatory network inferred using expression data of small sample size: application and validation in erythroid system
------------------------------------------------------------
Global optimization-based inference of chemogenomic features from drug-target interactions
------------------------------------------------------------
Halvade: scalable sequence analysis with MapReduce
------------------------------------------------------------
A statistical physics perspective on alignment-independent protein sequence comparison
------------------------------------------------------------
Computational modeling of the expansion of human cord blood CD133+ hematopoietic stem/progenitor cells with different cytokine combinations
------------------------------------------------------------
Learning chromatin states with factorized information criteria
------------------------------------------------------------
ASBench: benchmarking sets for allosteric discovery
------------------------------------------------------------
Solubis: optimize your protein
------------------------------------------------------------
Efficient visualization of high-throughput targeted proteomics experiments: TAPIR
------------------------------------------------------------
Probing the binding affinity of amyloids to reduce toxicity of oligomers in diabetes
------------------------------------------------------------
VisualCNA: a GUI for interactive constraint network analysis and protein engineering for improving thermostability
------------------------------------------------------------
Reducing the search space for causal genetic variants with VASP
------------------------------------------------------------
14-3-3-Pred: improved methods to predict 14-3-3-binding phosphopeptides
------------------------------------------------------------
GeLL: a generalized likelihood library for phylogenetic models
------------------------------------------------------------
RepExplore: addressing technical replicate variance in proteomics and metabolomics data analysis
------------------------------------------------------------
Fast, accurate, and reliable molecular docking with QuickVina 2
------------------------------------------------------------
GeNOSA: inferring and experimentally supporting quantitative gene regulatory networks in prokaryotes
------------------------------------------------------------
specL--an R/Bioconductor package to prepare peptide spectrum matches for use in targeted proteomics
------------------------------------------------------------
Comparative study of the effectiveness and limitations of current methods for detecting sequence coevolution
------------------------------------------------------------
The GPMDB REST interface
------------------------------------------------------------
Folding RaCe: a robust method for predicting changes in protein folding rates upon point mutations
------------------------------------------------------------
A multiobjective memetic algorithm for PPI network alignment
------------------------------------------------------------
Incorporating peak grouping information for alignment of multiple liquid chromatography-mass spectrometry datasets
------------------------------------------------------------
PolyMarker: A fast polyploid primer design pipeline
------------------------------------------------------------
ClassifyR: an R package for performance assessment of classification with applications to transcriptomics
------------------------------------------------------------
Learning HMMs for nucleotide sequences from amino acid alignments
------------------------------------------------------------
SPARQL-enabled identifier conversion with Identifiers.org
------------------------------------------------------------
TIMMA-R: an R package for predicting synergistic multi-targeted drug combinations in cancer cell lines or patient-derived samples
------------------------------------------------------------
Computational identification of MoRFs in protein sequences
------------------------------------------------------------
Omics Pipe: a community-based framework for reproducible multi-omics data analysis
------------------------------------------------------------
Gaussian process test for high-throughput sequencing time series: application to experimental evolution
------------------------------------------------------------
Large-scale extraction of brain connectivity from the neuroscientific literature
------------------------------------------------------------
MEGAHIT: an ultra-fast single-node solution for large and complex metagenomics assembly via succinct de Bruijn graph
------------------------------------------------------------
GrammR: graphical representation and modeling of count data with application in metagenomics
------------------------------------------------------------
Deep profiling of multitube flow cytometry data
------------------------------------------------------------
ENViz: a Cytoscape App for integrated statistical analysis and visualization of sample-matched data with multiple data types
------------------------------------------------------------
Acquire: an open-source comprehensive cancer biobanking system
------------------------------------------------------------
Inferring single-cell gene expression mechanisms using stochastic simulation
------------------------------------------------------------
Selection of models for the analysis of risk-factor trees: leveraging biological knowledge to mine large sets of risk factors with application to microbiome data
------------------------------------------------------------
Modified screening and ranking algorithm for copy number variation detection
------------------------------------------------------------
Knowledge-based modeling of peptides at protein interfaces: PiPreD
------------------------------------------------------------
J-Circos: an interactive Circos plotter
------------------------------------------------------------
The QDREC web server: determining dose-response characteristics of complex macroparasites in phenotypic drug screens
------------------------------------------------------------
PBOOST: a GPU-based tool for parallel permutation tests in genome-wide association studies
------------------------------------------------------------
CDvist: a webserver for identification and visualization of conserved domains in protein sequences
------------------------------------------------------------
The Cyni framework for network inference in Cytoscape
------------------------------------------------------------
LocNES: a computational tool for locating classical NESs in CRM1 cargo proteins
------------------------------------------------------------
Detection of circular permutations within protein structures using CE-CP
------------------------------------------------------------
JEPEG: a summary statistics based tool for gene-level joint testing of functional variants
------------------------------------------------------------
3Dmol.js: molecular visualization with WebGL
------------------------------------------------------------
Sputnik: ad hoc distributed computation
------------------------------------------------------------
State of the art prediction of HIV-1 protease cleavage sites
------------------------------------------------------------
Identification of deleterious synonymous variants in human genomes
------------------------------------------------------------
ICMA: an integrated cardiac modeling and analysis platform
------------------------------------------------------------
Kablammo: an interactive, web-based BLAST results visualizer
------------------------------------------------------------
GenomeCons: a web server for manipulating multiple genome sequence alignments and their consensus sequences
------------------------------------------------------------
QuASAR: quantitative allele-specific analysis of reads
------------------------------------------------------------
Graphical algorithm for integration of genetic and biological data: proof of principle using psoriasis as a model
------------------------------------------------------------
Semiconductor sequencing: how many flows do you need?
------------------------------------------------------------
Exploiting hidden information interleaved in the redundancy of the genetic code without prior knowledge
------------------------------------------------------------
Faster sequence homology searches by clustering subsequences
------------------------------------------------------------
SNiPA: an interactive, genetic variant-centered annotation browser
------------------------------------------------------------
LuciPHOr2: site localization of generic post-translational modifications from tandem mass spectrometry data
------------------------------------------------------------
Ustiloxins, fungal cyclic peptides, are ribosomally synthesized in Ustilaginoidea virens
------------------------------------------------------------
Unsupervised discovery of information structure in biomedical documents
------------------------------------------------------------
Graphical model for joint segmentation and tracking of multiple dividing cells
------------------------------------------------------------
Local statistics allow quantification of cell-to-cell variability from high-throughput microscope images
------------------------------------------------------------
GASS: identifying enzyme active sites with genetic algorithms
------------------------------------------------------------
Taxator-tk: precise taxonomic assignment of metagenomes by fast approximation of evolutionary neighborhoods
------------------------------------------------------------
Distinct profiling of antimicrobial peptide families
------------------------------------------------------------
GlycoRDF: an ontology to standardize glycomics data in RDF
------------------------------------------------------------
Ulysses: accurate detection of low-frequency structural variations in large insert-size sequencing libraries
------------------------------------------------------------
Joint amalgamation of most parsimonious reconciled gene trees
------------------------------------------------------------
JAMSS: proteomics mass spectrometry simulation in Java
------------------------------------------------------------
Fast and accurate site frequency spectrum estimation from low coverage sequence data
------------------------------------------------------------
eQTL epistasis: detecting epistatic effects and inferring hierarchical relationships of genes in biological pathways
------------------------------------------------------------
Large-scale binding ligand prediction by improved patch-based method Patch-Surfer2.0
------------------------------------------------------------
PPDMs-a resource for mapping small molecule bioactivities from ChEMBL to Pfam-A protein domains
------------------------------------------------------------
Navigating protected genomics data with UCSC Genome Browser in a Box
------------------------------------------------------------
iDoComp: a compression scheme for assembled genomes
------------------------------------------------------------
[ERROR] unknown error for print this text
------------------------------------------------------------
A novel representation of genomic sequences for taxonomic clustering and visualization by means of self-organizing maps
------------------------------------------------------------
A5-miseq: an updated pipeline to assemble microbial genomes from Illumina MiSeq data
------------------------------------------------------------
DANN: a deep learning approach for annotating the pathogenicity of genetic variants
------------------------------------------------------------
Simple, rapid and accurate genotyping-by-sequencing from aligned whole genomes with ArrayMaker
------------------------------------------------------------
An efficient algorithm for the blocked pattern matching problem
------------------------------------------------------------
SNPsnap: a Web-based tool for identification and annotation of matched SNPs
------------------------------------------------------------
Pooled assembly of marine metagenomic datasets: enriching annotation through chimerism
------------------------------------------------------------
PhosphoPICK: modelling cellular context to map kinase-substrate phosphorylation events
------------------------------------------------------------
Integrative data analysis indicates an intrinsic disordered domain character of Argonaute-binding motifs
------------------------------------------------------------
Tabhu: tools for antibody humanization
------------------------------------------------------------
PDB-wide collection of binding data: current status of the PDBbind database
------------------------------------------------------------
NOVA: a software to analyze complexome profiling data
------------------------------------------------------------
Using the plurality of codon positions to identify deleterious variants in human exomes
------------------------------------------------------------
LocalAli: an evolutionary-based local alignment approach to identify functionally conserved modules in multiple networks
------------------------------------------------------------
Inference of protein kinetics by stochastic modeling and simulation of fluorescence recovery after photobleaching experiments
------------------------------------------------------------
OrthoInspector 2.0: Software and database updates
------------------------------------------------------------
WhopGenome: high-speed access to whole-genome variation and sequence data in R
------------------------------------------------------------
Consensus Genotyper for Exome Sequencing (CGES): improving the quality of exome variant genotypes
------------------------------------------------------------
Hybrid Bayesian-rank integration approach improves the predictive power of genomic dataset aggregation
------------------------------------------------------------
GLAD: a mixed-membership model for heterogeneous tumor subtype classification
------------------------------------------------------------
Shiny-phyloseq: Web application for interactive microbiome analysis with provenance tracking
------------------------------------------------------------
switchBox: an R package for k-Top Scoring Pairs classifier development
------------------------------------------------------------
A two-stage statistical procedure for feature selection and comparison in functional analysis of metagenomes
------------------------------------------------------------
Understanding the limits of animal models as predictors of human biology: lessons learned from the sbv IMPROVER Species Translation Challenge
------------------------------------------------------------
UNDO: a Bioconductor R package for unsupervised deconvolution of mixed gene expressions in tumor samples
------------------------------------------------------------
BalestraWeb: efficient online evaluation of drug-target interactions
------------------------------------------------------------
Genomon ITDetector: a tool for somatic internal tandem duplication detection from cancer genome sequencing data
------------------------------------------------------------
Insights into structural variations and genome rearrangements in prokaryotic genomes
------------------------------------------------------------
Summary of the BioLINK SIG 2013 meeting at ISMB/ECCB 2013
------------------------------------------------------------
Conditional out-of-distribution generation for unpaired data using transfer VAE
------------------------------------------------------------
SVIM-asm: Structural variant detection from haploid and diploid genome assemblies
------------------------------------------------------------
MHCAttnNet: predicting MHC-peptide bindings for MHC alleles classes I and II using an attention-based deep neural model
------------------------------------------------------------
Audit logs to enforce document integrity in Skyline and Panorama
------------------------------------------------------------
MUM&Co: accurate detection of all SV types through whole-genome alignment
------------------------------------------------------------
popSTR2 enables clinical and population-scale genotyping of microsatellites
------------------------------------------------------------
Graph embedding on biomedical networks: methods, applications and evaluations
------------------------------------------------------------
A latent unknown clustering integrating multi-omics data (LUCID) with phenotypic traits
------------------------------------------------------------
Haplotype-aware graph indexes
------------------------------------------------------------
snpEnrichR: analyzing co-localization of SNPs and their proxies in genomic regions
------------------------------------------------------------
PriLive: privacy-preserving real-time filtering for next-generation sequencing
------------------------------------------------------------
SNPhood: investigate, quantify and visualise the epigenomic neighbourhood of SNPs using NGS data
------------------------------------------------------------
MCAST: scanning for cis-regulatory motif clusters
------------------------------------------------------------
Prediction of the permeability of neutral drugs inferred from their solvation properties
------------------------------------------------------------
Done
.
